Product: MDK-ARM Professional 5.10
Component: ARM Compiler 5.04 update 1 (build 49)
Tool: armlink [5040049]

==============================================================================

Section Cross References

    main.o(.text) refers to misc.o(.text) for NVIC_PriorityGroupConfig
    main.o(.text) refers to stm32f10x_rcc.o(.text) for RCC_APB2PeriphClockCmd
    main.o(.text) refers to stm32f10x_gpio.o(.text) for GPIO_Init
    main.o(.text) refers to stm32f10x_usart.o(.text) for USART_Init
    main.o(.text) refers to main.o(.data) for i
    main.o(.text) refers to main.o(.bss) for Usart2RxBuf
    main.o(.text) refers to rt_memclr_w.o(.text) for __aeabi_memclr4
    main.o(.text) refers to fmul.o(x$fpl$fmul) for __aeabi_fmul
    main.o(.text) refers to ffix.o(x$fpl$ffix) for __aeabi_f2iz
    main.o(.text) refers to imu_init_position.o(.text) for reset_sensor_fusion
    stm32f10x_it.o(.text) refers to systick.o(.text) for TimingDelay_Decrement
    systick.o(.text) refers to system_stm32f10x.o(.data) for SystemCoreClock
    systick.o(.text) refers to systick.o(.data) for TimingDelay
    led.o(.text) refers to stm32f10x_rcc.o(.text) for RCC_APB2PeriphClockCmd
    led.o(.text) refers to stm32f10x_gpio.o(.text) for GPIO_Init
    imu_init_position.o(.text) refers to fmul.o(x$fpl$fmul) for __aeabi_fmul
    imu_init_position.o(.text) refers to faddsub_clz.o(x$fpl$fsub) for __aeabi_fsub
    imu_init_position.o(.text) refers to f2d.o(x$fpl$f2d) for __aeabi_f2d
    imu_init_position.o(.text) refers to cos.o(i.cos) for cos
    imu_init_position.o(.text) refers to d2f.o(x$fpl$d2f) for __aeabi_d2f
    imu_init_position.o(.text) refers to sin.o(i.sin) for sin
    imu_init_position.o(.text) refers to faddsub_clz.o(x$fpl$fadd) for __aeabi_fadd
    imu_init_position.o(.text) refers to atan2.o(i.atan2) for atan2
    imu_init_position.o(.text) refers to fflt_clz.o(x$fpl$fflt) for __aeabi_i2f
    imu_init_position.o(.text) refers to sqrt.o(i.sqrt) for sqrt
    imu_init_position.o(.text) refers to asin.o(i.asin) for asin
    imu_init_position.o(.text) refers to dmul.o(x$fpl$dmul) for __aeabi_dmul
    imu_init_position.o(.text) refers to imu_init_position.o(.data) for Init_Roll
    imu_init_position.o(.text) refers to imu_init_position.o(.bss) for temp_mag
    imu_init_position.o(.text) refers to imu_init_position.o(.constdata) for .constdata
    stm32f10x_gpio.o(.text) refers to stm32f10x_rcc.o(.text) for RCC_APB2PeriphResetCmd
    stm32f10x_rcc.o(.text) refers to stm32f10x_rcc.o(.data) for APBAHBPrescTable
    stm32f10x_usart.o(.text) refers to stm32f10x_rcc.o(.text) for RCC_APB2PeriphResetCmd
    startup_stm32f10x_hd.o(STACK) refers (Special) to heapauxi.o(.text) for __use_two_region_memory
    startup_stm32f10x_hd.o(HEAP) refers (Special) to heapauxi.o(.text) for __use_two_region_memory
    startup_stm32f10x_hd.o(RESET) refers (Special) to heapauxi.o(.text) for __use_two_region_memory
    startup_stm32f10x_hd.o(RESET) refers to startup_stm32f10x_hd.o(STACK) for __initial_sp
    startup_stm32f10x_hd.o(RESET) refers to startup_stm32f10x_hd.o(.text) for Reset_Handler
    startup_stm32f10x_hd.o(RESET) refers to stm32f10x_it.o(.text) for NMI_Handler
    startup_stm32f10x_hd.o(RESET) refers to main.o(.text) for USART1_IRQHandler
    startup_stm32f10x_hd.o(.text) refers (Special) to heapauxi.o(.text) for __use_two_region_memory
    startup_stm32f10x_hd.o(.text) refers to system_stm32f10x.o(.text) for SystemInit
    startup_stm32f10x_hd.o(.text) refers to __main.o(!!!main) for __main
    startup_stm32f10x_hd.o(.text) refers to startup_stm32f10x_hd.o(HEAP) for Heap_Mem
    startup_stm32f10x_hd.o(.text) refers to startup_stm32f10x_hd.o(STACK) for Stack_Mem
    system_stm32f10x.o(.text) refers to system_stm32f10x.o(.data) for SystemCoreClock
    __main.o(!!!main) refers to rtentry.o(.ARM.Collect$$rtentry$$00000000) for __rt_entry
    d2f.o(x$fpl$d2f) refers (Special) to usenofp.o(x$fpl$usenofp) for __I$use$fp
    d2f.o(x$fpl$d2f) refers to fretinf.o(x$fpl$fretinf) for __fpl_fretinf
    d2f.o(x$fpl$d2f) refers to dnaninf.o(x$fpl$dnaninf) for __fpl_dnaninf
    dmul.o(x$fpl$dmul) refers (Special) to usenofp.o(x$fpl$usenofp) for __I$use$fp
    dmul.o(x$fpl$dmul) refers to dretinf.o(x$fpl$dretinf) for __fpl_dretinf
    dmul.o(x$fpl$dmul) refers to dnaninf.o(x$fpl$dnaninf) for __fpl_dnaninf
    f2d.o(x$fpl$f2d) refers (Special) to usenofp.o(x$fpl$usenofp) for __I$use$fp
    f2d.o(x$fpl$f2d) refers to fnaninf.o(x$fpl$fnaninf) for __fpl_fnaninf
    f2d.o(x$fpl$f2d) refers to dretinf.o(x$fpl$dretinf) for __fpl_dretinf
    faddsub_clz.o(x$fpl$fadd) refers (Special) to usenofp.o(x$fpl$usenofp) for __I$use$fp
    faddsub_clz.o(x$fpl$fadd) refers to faddsub_clz.o(x$fpl$fsub) for _fsub1
    faddsub_clz.o(x$fpl$fadd) refers to fretinf.o(x$fpl$fretinf) for __fpl_fretinf
    faddsub_clz.o(x$fpl$fadd) refers to fnaninf.o(x$fpl$fnaninf) for __fpl_fnaninf
    faddsub_clz.o(x$fpl$frsb) refers (Special) to usenofp.o(x$fpl$usenofp) for __I$use$fp
[...]
    libinit.o(.ARM.Collect$$libinit$$00000000) refers (Special) to libinit2.o(.ARM.Collect$$libinit$$0000002E) for __rt_lib_init_exceptions_1
    libinit.o(.ARM.Collect$$libinit$$00000000) refers (Special) to libinit2.o(.ARM.Collect$$libinit$$00000002) for __rt_lib_init_fp_1
    libinit.o(.ARM.Collect$$libinit$$00000000) refers (Special) to libinit2.o(.ARM.Collect$$libinit$$0000001D) for __rt_lib_init_fp_trap_1
    libinit.o(.ARM.Collect$$libinit$$00000000) refers (Special) to libinit2.o(.ARM.Collect$$libinit$$00000021) for __rt_lib_init_getenv_1
    libinit.o(.ARM.Collect$$libinit$$00000000) refers (Special) to libinit2.o(.ARM.Collect$$libinit$$00000008) for __rt_lib_init_heap_1
    libinit.o(.ARM.Collect$$libinit$$00000000) refers (Special) to libinit2.o(.ARM.Collect$$libinit$$0000000F) for __rt_lib_init_lc_collate_1
    libinit.o(.ARM.Collect$$libinit$$00000000) refers (Special) to libinit2.o(.ARM.Collect$$libinit$$00000011) for __rt_lib_init_lc_ctype_1
    libinit.o(.ARM.Collect$$libinit$$00000000) refers (Special) to libinit2.o(.ARM.Collect$$libinit$$00000013) for __rt_lib_init_lc_monetary_1
    libinit.o(.ARM.Collect$$libinit$$00000000) refers (Special) to libinit2.o(.ARM.Collect$$libinit$$00000015) for __rt_lib_init_lc_numeric_1
    libinit.o(.ARM.Collect$$libinit$$00000000) refers (Special) to libinit2.o(.ARM.Collect$$libinit$$00000017) for __rt_lib_init_lc_time_1
    libinit.o(.ARM.Collect$$libinit$$00000000) refers (Special) to libinit2.o(.ARM.Collect$$libinit$$0000000C) for __rt_lib_init_rand_1
    libinit.o(.ARM.Collect$$libinit$$00000000) refers (Special) to libinit2.o(.ARM.Collect$$libinit$$00000031) for __rt_lib_init_return
    libinit.o(.ARM.Collect$$libinit$$00000000) refers (Special) to libinit2.o(.ARM.Collect$$libinit$$0000001B) for __rt_lib_init_signal_1
    libinit.o(.ARM.Collect$$libinit$$00000000) refers (Special) to libinit2.o(.ARM.Collect$$libinit$$00000023) for __rt_lib_init_stdio_1
    libinit.o(.ARM.Collect$$libinit$$00000000) refers (Special) to libinit2.o(.ARM.Collect$$libinit$$0000000A) for __rt_lib_init_user_alloc_1
    retnan.o(x$fpl$retnan) refers (Special) to usenofp.o(x$fpl$usenofp) for __I$use$fp
    retnan.o(x$fpl$retnan) refers to trapv.o(x$fpl$trapveneer) for __fpl_cmpreturn
    rtexit.o(.ARM.Collect$$rtexit$$00000000) refers (Special) to rtexit2.o(.ARM.Collect$$rtexit$$00000004) for __rt_exit_exit
    rtexit.o(.ARM.Collect$$rtexit$$00000000) refers (Special) to rtexit2.o(.ARM.Collect$$rtexit$$00000003) for __rt_exit_ls
    rtexit.o(.ARM.Collect$$rtexit$$00000000) refers (Special) to rtexit2.o(.ARM.Collect$$rtexit$$00000002) for __rt_exit_prels_1
    rtexit.o(.ARM.exidx) refers (Special) to rtexit2.o(.ARM.Collect$$rtexit$$00000004) for __rt_exit_exit
    rtexit.o(.ARM.exidx) refers (Special) to rtexit2.o(.ARM.Collect$$rtexit$$00000003) for __rt_exit_ls
    rtexit.o(.ARM.exidx) refers (Special) to rtexit2.o(.ARM.Collect$$rtexit$$00000002) for __rt_exit_prels_1
    rtexit.o(.ARM.exidx) refers to rtexit.o(.ARM.Collect$$rtexit$$00000000) for .ARM.Collect$$rtexit$$00000000
    libinit2.o(.ARM.Collect$$libinit$$0000000E) refers to libinit2.o(.ARM.Collect$$libinit$$0000000D) for .ARM.Collect$$libinit$$0000000D
    libinit2.o(.ARM.Collect$$libinit$$00000010) refers to libinit2.o(.ARM.Collect$$libinit$$0000000D) for .ARM.Collect$$libinit$$0000000D
    libinit2.o(.ARM.Collect$$libinit$$00000012) refers to libinit2.o(.ARM.Collect$$libinit$$0000000D) for .ARM.Collect$$libinit$$0000000D
    libinit2.o(.ARM.Collect$$libinit$$00000014) refers to libinit2.o(.ARM.Collect$$libinit$$0000000D) for .ARM.Collect$$libinit$$0000000D
    libinit2.o(.ARM.Collect$$libinit$$00000016) refers to libinit2.o(.ARM.Collect$$libinit$$0000000D) for .ARM.Collect$$libinit$$0000000D
    libinit2.o(.ARM.Collect$$libinit$$00000024) refers to argv_veneer.o(.emb_text) for __ARM_argv_veneer
    libinit2.o(.ARM.Collect$$libinit$$00000025) refers to argv_veneer.o(.emb_text) for __ARM_argv_veneer
    trapv.o(x$fpl$trapveneer) refers (Special) to usenofp.o(x$fpl$usenofp) for __I$use$fp
    rtexit2.o(.ARM.Collect$$rtexit$$00000003) refers to libshutdown.o(.ARM.Collect$$libshutdown$$00000000) for __rt_lib_shutdown
    rtexit2.o(.ARM.Collect$$rtexit$$00000004) refers to sys_exit.o(.text) for _sys_exit
    rtexit2.o(.ARM.exidx) refers to rtexit2.o(.ARM.Collect$$rtexit$$00000001) for .ARM.Collect$$rtexit$$00000001
    rtexit2.o(.ARM.exidx) refers to rtexit2.o(.ARM.Collect$$rtexit$$00000003) for .ARM.Collect$$rtexit$$00000003
    rtexit2.o(.ARM.exidx) refers to rtexit2.o(.ARM.Collect$$rtexit$$00000004) for .ARM.Collect$$rtexit$$00000004
    argv_veneer.o(.emb_text) refers to no_argv.o(.text) for __ARM_get_argv
    sys_exit.o(.text) refers (Special) to use_no_semi.o(.text) for __I$use$semihosting
    sys_exit.o(.text) refers (Special) to indicate_semi.o(.text) for __semihosting_library_function
    _get_argv_nomalloc.o(.text) refers (Special) to hrguard.o(.text) for __heap_region$guard
    _get_argv_nomalloc.o(.text) refers to defsig_rtmem_outer.o(.text) for __rt_SIGRTMEM
    _get_argv_nomalloc.o(.text) refers to sys_command.o(.text) for _sys_command_string
    libshutdown.o(.ARM.Collect$$libshutdown$$00000000) refers (Special) to libshutdown2.o(.ARM.Collect$$libshutdown$$00000006) for __rt_lib_shutdown_fp_trap_1
    libshutdown.o(.ARM.Collect$$libshutdown$$00000000) refers (Special) to libshutdown2.o(.ARM.Collect$$libshutdown$$0000000E) for __rt_lib_shutdown_heap_1
    libshutdown.o(.ARM.Collect$$libshutdown$$00000000) refers (Special) to libshutdown2.o(.ARM.Collect$$libshutdown$$0000000F) for __rt_lib_shutdown_return
    libshutdown.o(.ARM.Collect$$libshutdown$$00000000) refers (Special) to libshutdown2.o(.ARM.Collect$$libshutdown$$00000009) for __rt_lib_shutdown_signal_1
    libshutdown.o(.ARM.Collect$$libshutdown$$00000000) refers (Special) to libshutdown2.o(.ARM.Collect$$libshutdown$$00000003) for __rt_lib_shutdown_stdio_1
    libshutdown.o(.ARM.Collect$$libshutdown$$00000000) refers (Special) to libshutdown2.o(.ARM.Collect$$libshutdown$$0000000B) for __rt_lib_shutdown_user_alloc_1
    sys_command.o(.text) refers (Special) to use_no_semi.o(.text) for __I$use$semihosting
    sys_command.o(.text) refers (Special) to indicate_semi.o(.text) for __semihosting_library_function
    defsig_rtmem_outer.o(.text) refers to defsig_rtmem_inner.o(.text) for __rt_SIGRTMEM_inner
    defsig_rtmem_outer.o(.text) refers to defsig_exit.o(.text) for __sig_exit
    defsig_rtmem_formal.o(.text) refers to rt_raise.o(.text) for __rt_raise
    rt_raise.o(.text) refers to __raise.o(.text) for __raise
    rt_raise.o(.text) refers to sys_exit.o(.text) for _sys_exit
    defsig_exit.o(.text) refers to sys_exit.o(.text) for _sys_exit
    defsig_rtmem_inner.o(.text) refers to defsig_general.o(.text) for __default_signal_display
    __raise.o(.text) refers to defsig.o(CL$$defsig) for __default_signal_handler
    defsig_general.o(.text) refers to sys_wrch.o(.text) for _ttywrch
    sys_wrch.o(.text) refers (Special) to use_no_semi.o(.text) for __I$use$semihosting
    sys_wrch.o(.text) refers (Special) to indicate_semi.o(.text) for __semihosting_library_function
    defsig.o(CL$$defsig) refers to defsig_rtmem_inner.o(.text) for __rt_SIGRTMEM_inner
    defsig_abrt_inner.o(.text) refers to defsig_general.o(.text) for __default_signal_display
    defsig_fpe_inner.o(.text) refers to defsig_general.o(.text) for __default_signal_display
    defsig_rtred_inner.o(.text) refers to defsig_general.o(.text) for __default_signal_display
    defsig_stak_inner.o(.text) refers to defsig_general.o(.text) for __default_signal_display
    defsig_pvfn_inner.o(.text) refers to defsig_general.o(.text) for __default_signal_display
    defsig_cppl_inner.o(.text) refers to defsig_general.o(.text) for __default_signal_display
    defsig_segv_inner.o(.text) refers to defsig_general.o(.text) for __default_signal_display
    defsig_other.o(.text) refers to defsig_general.o(.text) for __default_signal_display


==============================================================================

Removing Unused input sections from the image.

    Removing stm32f10x_it.o(.emb_text), (2 bytes).
    Removing led.o(.text), (108 bytes).
    Removing core_cm3.o(.emb_text), (32 bytes).

3 unused section(s) (total 142 bytes) removed from the image.

==============================================================================

Image Symbol Table

    Local Symbols

    Symbol Name                              Value     Ov Type        Size  Object(Section)

    ../clib/angel/boardlib.s                 0x00000000   Number         0  boardshut.o ABSOLUTE
    ../clib/angel/boardlib.s                 0x00000000   Number         0  boardinit1.o ABSOLUTE
    ../clib/angel/boardlib.s                 0x00000000   Number         0  boardinit2.o ABSOLUTE
    ../clib/angel/boardlib.s                 0x00000000   Number         0  boardinit3.o ABSOLUTE
    ../clib/angel/handlers.s                 0x00000000   Number         0  __scatter_copy.o ABSOLUTE
    ../clib/angel/handlers.s                 0x00000000   Number         0  __scatter_zi.o ABSOLUTE
    ../clib/angel/kernel.s                   0x00000000   Number         0  rtexit2.o ABSOLUTE
    ../clib/angel/kernel.s                   0x00000000   Number         0  rtentry2.o ABSOLUTE
    ../clib/angel/kernel.s                   0x00000000   Number         0  rtentry.o ABSOLUTE
    ../clib/angel/kernel.s                   0x00000000   Number         0  rtexit.o ABSOLUTE
    ../clib/angel/kernel.s                   0x00000000   Number         0  rtentry4.o ABSOLUTE
    ../clib/angel/rt.s                       0x00000000   Number         0  rt_errno_addr_intlibspace.o ABSOLUTE
    ../clib/angel/rt.s                       0x00000000   Number         0  rt_errno_addr.o ABSOLUTE
    ../clib/angel/rt.s                       0x00000000   Number         0  rt_raise.o ABSOLUTE
    ../clib/angel/scatter.s                  0x00000000   Number         0  __scatter.o ABSOLUTE
    ../clib/angel/startup.s                  0x00000000   Number         0  __main.o ABSOLUTE
    ../clib/angel/sys.s                      0x00000000   Number         0  libspace.o ABSOLUTE
    ../clib/angel/sys.s                      0x00000000   Number         0  use_no_semi.o ABSOLUTE
    ../clib/angel/sys.s                      0x00000000   Number         0  sys_stackheap_outer.o ABSOLUTE
    ../clib/angel/sys.s                      0x00000000   Number         0  indicate_semi.o ABSOLUTE
    ../clib/angel/sysapp.c                   0x00000000   Number         0  sys_wrch.o ABSOLUTE
    ../clib/angel/sysapp.c                   0x00000000   Number         0  sys_exit.o ABSOLUTE
    ../clib/angel/sysapp.c                   0x00000000   Number         0  sys_command.o ABSOLUTE
    ../clib/armsys.c                         0x00000000   Number         0  argv_veneer.o ABSOLUTE
    ../clib/armsys.c                         0x00000000   Number         0  _get_argv_nomalloc.o ABSOLUTE
    ../clib/armsys.c                         0x00000000   Number         0  no_argv.o ABSOLUTE
    ../clib/armsys.c                         0x00000000   Number         0  argv_veneer.o ABSOLUTE
    ../clib/fenv.c                           0x00000000   Number         0  _rserrno.o ABSOLUTE
    ../clib/heapalloc.c                      0x00000000   Number         0  hrguard.o ABSOLUTE
    ../clib/heapaux.c                        0x00000000   Number         0  heapauxi.o ABSOLUTE
    ../clib/libinit.s                        0x00000000   Number         0  libinit2.o ABSOLUTE
    ../clib/libinit.s                        0x00000000   Number         0  libinit.o ABSOLUTE
    ../clib/libinit.s                        0x00000000   Number         0  libshutdown.o ABSOLUTE
    ../clib/libinit.s                        0x00000000   Number         0  libshutdown2.o ABSOLUTE
    ../clib/memcpset.s                       0x00000000   Number         0  rt_memclr_w.o ABSOLUTE
    ../clib/signal.c                         0x00000000   Number         0  defsig_fpe_inner.o ABSOLUTE
    ../clib/signal.c                         0x00000000   Number         0  defsig_abrt_inner.o ABSOLUTE
    ../clib/signal.c                         0x00000000   Number         0  defsig_rtmem_outer.o ABSOLUTE
    ../clib/signal.c                         0x00000000   Number         0  __raise.o ABSOLUTE
    ../clib/signal.c                         0x00000000   Number         0  defsig_rtmem_inner.o ABSOLUTE
    ../clib/signal.c                         0x00000000   Number         0  defsig_exit.o ABSOLUTE
    ../clib/signal.c                         0x00000000   Number         0  defsig_stak_inner.o ABSOLUTE
    ../clib/signal.c                         0x00000000   Number         0  defsig_segv_inner.o ABSOLUTE
    ../clib/signal.c                         0x00000000   Number         0  defsig_cppl_inner.o ABSOLUTE
    ../clib/signal.c                         0x00000000   Number         0  defsig_rtmem_formal.o ABSOLUTE
    ../clib/signal.c                         0x00000000   Number         0  defsig_pvfn_inner.o ABSOLUTE
    ../clib/signal.c                         0x00000000   Number         0  defsig_general.o ABSOLUTE
    ../clib/signal.c                         0x00000000   Number         0  defsig_other.o ABSOLUTE
    ../clib/signal.c                         0x00000000   Number         0  defsig_rtred_inner.o ABSOLUTE
    ../clib/signal.s                         0x00000000   Number         0  defsig.o ABSOLUTE
    ../clib/stdlib.c                         0x00000000   Number         0  exit.o ABSOLUTE
    ../fplib/d2f.s                           0x00000000   Number         0  d2f.o ABSOLUTE
    ../fplib/daddsub.s                       0x00000000   Number         0  daddsub_clz.o ABSOLUTE
    ../fplib/dcheck1.s                       0x00000000   Number         0  dcheck1.o ABSOLUTE
    ../fplib/dcmpi.s                         0x00000000   Number         0  dcmpi.o ABSOLUTE
    ../fplib/ddiv.s                          0x00000000   Number         0  ddiv.o ABSOLUTE
    ../fplib/dfix.s                          0x00000000   Number         0  dfix.o ABSOLUTE
    ../fplib/dflt.s                          0x00000000   Number         0  dflt_clz.o ABSOLUTE
    ../fplib/dleqf.s                         0x00000000   Number         0  dleqf.o ABSOLUTE
    ../fplib/dmul.s                          0x00000000   Number         0  dmul.o ABSOLUTE
    ../fplib/dnaninf.s                       0x00000000   Number         0  dnaninf.o ABSOLUTE
    ../fplib/dretinf.s                       0x00000000   Number         0  dretinf.o ABSOLUTE
    ../fplib/dsqrt.s                         0x00000000   Number         0  dsqrt_noumaal.o ABSOLUTE
    ../fplib/f2d.s                           0x00000000   Number         0  f2d.o ABSOLUTE
    ../fplib/faddsub.s                       0x00000000   Number         0  faddsub_clz.o ABSOLUTE
    ../fplib/ffix.s                          0x00000000   Number         0  ffix.o ABSOLUTE
    ../fplib/fflt.s                          0x00000000   Number         0  fflt_clz.o ABSOLUTE
    ../fplib/fmul.s                          0x00000000   Number         0  fmul.o ABSOLUTE
    ../fplib/fnaninf.s                       0x00000000   Number         0  fnaninf.o ABSOLUTE
    ../fplib/fpinit.s                        0x00000000   Number         0  fpinit.o ABSOLUTE
    ../fplib/fretinf.s                       0x00000000   Number         0  fretinf.o ABSOLUTE
    ../fplib/retnan.s                        0x00000000   Number         0  retnan.o ABSOLUTE
    ../fplib/scalbn.s                        0x00000000   Number         0  scalbn.o ABSOLUTE
    ../fplib/trapv.s                         0x00000000   Number         0  trapv.o ABSOLUTE
    ../fplib/usenofp.s                       0x00000000   Number         0  usenofp.o ABSOLUTE
    ../mathlib/asin.c                        0x00000000   Number         0  asin.o ABSOLUTE
    ../mathlib/asin.c                        0x00000000   Number         0  asin_x.o ABSOLUTE
    ../mathlib/atan.c                        0x00000000   Number         0  atan_x.o ABSOLUTE
    ../mathlib/atan.c                        0x00000000   Number         0  atan.o ABSOLUTE
    ../mathlib/atan2.c                       0x00000000   Number         0  atan2.o ABSOLUTE
    ../mathlib/atan2.c                       0x00000000   Number         0  atan2_x.o ABSOLUTE
    ../mathlib/cos.c                         0x00000000   Number         0  cos_x.o ABSOLUTE
    ../mathlib/cos.c                         0x00000000   Number         0  cos.o ABSOLUTE
    ../mathlib/cos_i.c                       0x00000000   Number         0  cos_i.o ABSOLUTE
    ../mathlib/dunder.c                      0x00000000   Number         0  dunder.o ABSOLUTE
    ../mathlib/fpclassify.c                  0x00000000   Number         0  fpclassify.o ABSOLUTE
    ../mathlib/poly.c                        0x00000000   Number         0  poly.o ABSOLUTE
    ../mathlib/qnan.c                        0x00000000   Number         0  qnan.o ABSOLUTE
    ../mathlib/rred.c                        0x00000000   Number         0  rred.o ABSOLUTE
    ../mathlib/sin.c                         0x00000000   Number         0  sin_x.o ABSOLUTE
    ../mathlib/sin.c                         0x00000000   Number         0  sin.o ABSOLUTE
    ../mathlib/sin_i.c                       0x00000000   Number         0  sin_i.o ABSOLUTE
    ../mathlib/sin_i.c                       0x00000000   Number         0  sin_i_x.o ABSOLUTE
    ../mathlib/sqrt.c                        0x00000000   Number         0  sqrt.o ABSOLUTE
    ../mathlib/sqrt.c                        0x00000000   Number         0  sqrt_x.o ABSOLUTE
    ..\CMSIS\core_cm3.c                      0x00000000   Number         0  core_cm3.o ABSOLUTE
    ..\CMSIS\startup_stm32f10x_hd.s          0x00000000   Number         0  startup_stm32f10x_hd.o ABSOLUTE
    ..\CMSIS\system_stm32f10x.c              0x00000000   Number         0  system_stm32f10x.o ABSOLUTE
    ..\LIB\src\misc.c                        0x00000000   Number         0  misc.o ABSOLUTE
    ..\LIB\src\stm32f10x_gpio.c              0x00000000   Number         0  stm32f10x_gpio.o ABSOLUTE
    ..\LIB\src\stm32f10x_rcc.c               0x00000000   Number         0  stm32f10x_rcc.o ABSOLUTE
    ..\LIB\src\stm32f10x_usart.c             0x00000000   Number         0  stm32f10x_usart.o ABSOLUTE
    ..\\CMSIS\\core_cm3.c                    0x00000000   Number         0  core_cm3.o ABSOLUTE
    Imu_Init_Position.c                      0x00000000   Number         0  imu_init_position.o ABSOLUTE
    Systick.c                                0x00000000   Number         0  systick.o ABSOLUTE
    dc.s                                     0x00000000   Number         0  dc.o ABSOLUTE
    inv_imu_app.c                            0x00000000   Number         0  inv_imu_app.o ABSOLUTE
    led.c                                    0x00000000   Number         0  led.o ABSOLUTE
    main.c                                   0x00000000   Number         0  main.o ABSOLUTE
    stm32f10x_it.c                           0x00000000   Number         0  stm32f10x_it.o ABSOLUTE
    stm32f10x_it.c                           0x00000000   Number         0  stm32f10x_it.o ABSOLUTE
    RESET                                    0x08000000   Section      304  startup_stm32f10x_hd.o(RESET)
    !!!main                                  0x08000130   Section        8  __main.o(!!!main)
    !!!scatter                               0x08000138   Section       52  __scatter.o(!!!scatter)
    !!handler_copy                           0x0800016c   Section       26  __scatter_copy.o(!!handler_copy)
    !!handler_zi                             0x08000188   Section       28  __scatter_zi.o(!!handler_zi)
    .ARM.Collect$$libinit$$00000000          0x080001a4   Section        2  libinit.o(.ARM.Collect$$libinit$$00000000)
    .ARM.Collect$$libinit$$00000002          0x080001a6   Section        0  libinit2.o(.ARM.Collect$$libinit$$00000002)
    .ARM.Collect$$libinit$$00000008          0x080001a6   Section        0  libinit2.o(.ARM.Collect$$libinit$$00000008)
    .ARM.Collect$$libinit$$0000000A          0x080001a6   Section        0  libinit2.o(.ARM.Collect$$libinit$$0000000A)
    .ARM.Collect$$libinit$$0000000C          0x080001a6   Section        0  libinit2.o(.ARM.Collect$$libinit$$0000000C)
    .ARM.Collect$$libinit$$0000000F          0x080001a6   Section        0  libinit2.o(.ARM.Collect$$libinit$$0000000F)
    .ARM.Collect$$libinit$$00000011          0x080001a6   Section        0  libinit2.o(.ARM.Collect$$libinit$$00000011)
    .ARM.Collect$$libinit$$00000013          0x080001a6   Section        0  libinit2.o(.ARM.Collect$$libinit$$00000013)
    .ARM.Collect$$libinit$$00000015          0x080001a6   Section        0  libinit2.o(.ARM.Collect$$libinit$$00000015)
    .ARM.Collect$$libinit$$00000017          0x080001a6   Section        0  libinit2.o(.ARM.Collect$$libinit$$00000017)
    .ARM.Collect$$libinit$$00000019          0x080001a6   Section        0  libinit2.o(.ARM.Collect$$libinit$$00000019)
    .ARM.Collect$$libinit$$0000001B          0x080001a6   Section        0  libinit2.o(.ARM.Collect$$libinit$$0000001B)
    .ARM.Collect$$libinit$$0000001D          0x080001a6   Section        0  libinit2.o(.ARM.Collect$$libinit$$0000001D)
    .ARM.Collect$$libinit$$0000001F          0x080001a6   Section        0  libinit2.o(.ARM.Collect$$libinit$$0000001F)
    .ARM.Collect$$libinit$$00000021          0x080001a6   Section        0  libinit2.o(.ARM.Collect$$libinit$$00000021)
    .ARM.Collect$$libinit$$00000023          0x080001a6   Section        0  libinit2.o(.ARM.Collect$$libinit$$00000023)
    .ARM.Collect$$libinit$$0000002A          0x080001a6   Section        0  libinit2.o(.ARM.Collect$$libinit$$0000002A)
    .ARM.Collect$$libinit$$0000002C          0x080001a6   Section        0  libinit2.o(.ARM.Collect$$libinit$$0000002C)
    .ARM.Collect$$libinit$$0000002E          0x080001a6   Section        0  libinit2.o(.ARM.Collect$$libinit$$0000002E)
    .ARM.Collect$$libinit$$00000030          0x080001a6   Section        0  libinit2.o(.ARM.Collect$$libinit$$00000030)
    .ARM.Collect$$libinit$$00000031          0x080001a6   Section        2  libinit2.o(.ARM.Collect$$libinit$$00000031)
    .ARM.Collect$$libshutdown$$00000000      0x080001a8   Section        2  libshutdown.o(.ARM.Collect$$libshutdown$$00000000)
    .ARM.Collect$$libshutdown$$00000003      0x080001aa   Section        0  libshutdown2.o(.ARM.Collect$$libshutdown$$00000003)
    .ARM.Collect$$libshutdown$$00000006      0x080001aa   Section        0  libshutdown2.o(.ARM.Collect$$libshutdown$$00000006)
    .ARM.Collect$$libshutdown$$00000009      0x080001aa   Section        0  libshutdown2.o(.ARM.Collect$$libshutdown$$00000009)
    .ARM.Collect$$libshutdown$$0000000B      0x080001aa   Section        0  libshutdown2.o(.ARM.Collect$$libshutdown$$0000000B)
    .ARM.Collect$$libshutdown$$0000000E      0x080001aa   Section        0  libshutdown2.o(.ARM.Collect$$libshutdown$$0000000E)
    .ARM.Collect$$libshutdown$$0000000F      0x080001aa   Section        2  libshutdown2.o(.ARM.Collect$$libshutdown$$0000000F)
    .ARM.Collect$$rtentry$$00000000          0x080001ac   Section        0  rtentry.o(.ARM.Collect$$rtentry$$00000000)
    .ARM.Collect$$rtentry$$00000002          0x080001ac   Section        0  rtentry2.o(.ARM.Collect$$rtentry$$00000002)
    .ARM.Collect$$rtentry$$00000004          0x080001ac   Section        6  rtentry4.o(.ARM.Collect$$rtentry$$00000004)
    .ARM.Collect$$rtentry$$00000009          0x080001b2   Section        0  rtentry2.o(.ARM.Collect$$rtentry$$00000009)
    .ARM.Collect$$rtentry$$0000000A          0x080001b2   Section        4  rtentry2.o(.ARM.Collect$$rtentry$$0000000A)
    .ARM.Collect$$rtentry$$0000000C          0x080001b6   Section        0  rtentry2.o(.ARM.Collect$$rtentry$$0000000C)
    .ARM.Collect$$rtentry$$0000000D          0x080001b6   Section        8  rtentry2.o(.ARM.Collect$$rtentry$$0000000D)
    .ARM.Collect$$rtexit$$00000000           0x080001be   Section        2  rtexit.o(.ARM.Collect$$rtexit$$00000000)
    .ARM.Collect$$rtexit$$00000002           0x080001c0   Section        0  rtexit2.o(.ARM.Collect$$rtexit$$00000002)
    .ARM.Collect$$rtexit$$00000003           0x080001c0   Section        4  rtexit2.o(.ARM.Collect$$rtexit$$00000003)
    .ARM.Collect$$rtexit$$00000004           0x080001c4   Section        6  rtexit2.o(.ARM.Collect$$rtexit$$00000004)
    .text                                    0x080001cc   Section        0  main.o(.text)
    .text                                    0x08001040   Section        0  stm32f10x_it.o(.text)
    .text                                    0x08001060   Section        0  systick.o(.text)
    .text                                    0x08001114   Section        0  imu_init_position.o(.text)
    .text                                    0x080015e8   Section        0  misc.o(.text)
    .text                                    0x080016c4   Section        0  stm32f10x_gpio.o(.text)
    .text                                    0x08001a20   Section        0  stm32f10x_rcc.o(.text)
    .text                                    0x08001dc4   Section        0  stm32f10x_usart.o(.text)
    .text                                    0x080021cc   Section       64  startup_stm32f10x_hd.o(.text)
    .text                                    0x0800220c   Section        0  system_stm32f10x.o(.text)
    SetSysClockTo72                          0x0800220d   Thumb Code   214  system_stm32f10x.o(.text)
    SetSysClock                              0x080022e3   Thumb Code     8  system_stm32f10x.o(.text)
    .text                                    0x080023ec   Section       78  rt_memclr_w.o(.text)
    .text                                    0x0800243a   Section        0  heapauxi.o(.text)
    .text                                    0x08002440   Section        0  _rserrno.o(.text)
    .text                                    0x08002458   Section        8  rt_errno_addr_intlibspace.o(.text)
    .text                                    0x08002460   Section        8  libspace.o(.text)
    .text                                    0x08002468   Section       74  sys_stackheap_outer.o(.text)
    .text                                    0x080024b2   Section        0  exit.o(.text)
    .text                                    0x080024c0   Section        0  sys_exit.o(.text)
    .text                                    0x080024cc   Section        2  use_no_semi.o(.text)
    .text                                    0x080024ce   Section        0  indicate_semi.o(.text)
    i.__ARM_fpclassify                       0x080024ce   Section        0  fpclassify.o(i.__ARM_fpclassify)
    i.__ieee754_rem_pio2                     0x080024f8   Section        0  rred.o(i.__ieee754_rem_pio2)
    i.__kernel_cos                           0x08002880   Section        0  cos_i.o(i.__kernel_cos)
    i.__kernel_poly                          0x0800297c   Section        0  poly.o(i.__kernel_poly)
    i.__kernel_sin                           0x08002a28   Section        0  sin_i.o(i.__kernel_sin)
    i.__mathlib_dbl_underflow                0x08002b14   Section        0  dunder.o(i.__mathlib_dbl_underflow)
    i.asin                                   0x08002b24   Section        0  asin.o(i.asin)
    i.atan                                   0x08002da0   Section        0  atan.o(i.atan)
    i.atan2                                  0x08002fc4   Section        0  atan2.o(i.atan2)
    i.cos                                    0x08003144   Section        0  cos.o(i.cos)
    i.sin                                    0x080031f0   Section        0  sin.o(i.sin)
    i.sqrt                                   0x080032a0   Section        0  sqrt.o(i.sqrt)
    x$fpl$d2f                                0x080032ec   Section       98  d2f.o(x$fpl$d2f)
    x$fpl$dadd                               0x08003350   Section      336  daddsub_clz.o(x$fpl$dadd)
    _dadd1                                   0x08003361   Thumb Code     0  daddsub_clz.o(x$fpl$dadd)
    x$fpl$dcheck1                            0x080034a0   Section       16  dcheck1.o(x$fpl$dcheck1)
    x$fpl$ddiv                               0x080034b0   Section      688  ddiv.o(x$fpl$ddiv)
    ddiv_entry                               0x080034b7   Thumb Code     0  ddiv.o(x$fpl$ddiv)
    x$fpl$dfix                               0x08003760   Section       94  dfix.o(x$fpl$dfix)
    x$fpl$dflt                               0x080037be   Section       46  dflt_clz.o(x$fpl$dflt)
    x$fpl$dfltu                              0x080037ec   Section       38  dflt_clz.o(x$fpl$dfltu)
    x$fpl$dmul                               0x08003814   Section      340  dmul.o(x$fpl$dmul)
    x$fpl$dnaninf                            0x08003968   Section      156  dnaninf.o(x$fpl$dnaninf)
    x$fpl$dretinf                            0x08003a04   Section       12  dretinf.o(x$fpl$dretinf)
    x$fpl$drsb                               0x08003a10   Section       22  daddsub_clz.o(x$fpl$drsb)
    x$fpl$dsqrt                              0x08003a28   Section      460  dsqrt_noumaal.o(x$fpl$dsqrt)
    x$fpl$dsub                               0x08003bf4   Section      468  daddsub_clz.o(x$fpl$dsub)
    _dsub1                                   0x08003c05   Thumb Code     0  daddsub_clz.o(x$fpl$dsub)
    x$fpl$f2d                                0x08003dc8   Section       86  f2d.o(x$fpl$f2d)
    x$fpl$fadd                               0x08003e20   Section      196  faddsub_clz.o(x$fpl$fadd)
    _fadd1                                   0x08003e2f   Thumb Code     0  faddsub_clz.o(x$fpl$fadd)
    x$fpl$ffix                               0x08003ee4   Section       54  ffix.o(x$fpl$ffix)
    x$fpl$fflt                               0x08003f1c   Section       48  fflt_clz.o(x$fpl$fflt)
    x$fpl$fmul                               0x08003f4c   Section      258  fmul.o(x$fpl$fmul)
    x$fpl$fnaninf                            0x0800404e   Section      140  fnaninf.o(x$fpl$fnaninf)
    x$fpl$fretinf                            0x080040da   Section       10  fretinf.o(x$fpl$fretinf)
    x$fpl$fsub                               0x080040e4   Section      234  faddsub_clz.o(x$fpl$fsub)
    _fsub1                                   0x080040f3   Thumb Code     0  faddsub_clz.o(x$fpl$fsub)
    x$fpl$retnan                             0x080041ce   Section      100  retnan.o(x$fpl$retnan)
    x$fpl$scalbn                             0x08004232   Section       92  scalbn.o(x$fpl$scalbn)
    x$fpl$trapveneer                         0x0800428e   Section       48  trapv.o(x$fpl$trapveneer)
    x$fpl$usenofp                            0x080042be   Section        0  usenofp.o(x$fpl$usenofp)
    .constdata                               0x080042c0   Section       12  imu_init_position.o(.constdata)
    .constdata                               0x080042d0   Section       80  asin.o(.constdata)
    pS                                       0x080042d0   Data          48  asin.o(.constdata)
    qS                                       0x08004300   Data          32  asin.o(.constdata)
    .constdata                               0x08004320   Section      152  atan.o(.constdata)
    atanhi                                   0x08004320   Data          32  atan.o(.constdata)
    atanlo                                   0x08004340   Data          32  atan.o(.constdata)
    aTodd                                    0x08004360   Data          40  atan.o(.constdata)
    aTeven                                   0x08004388   Data          48  atan.o(.constdata)
    .constdata                               0x080043b8   Section       48  cos_i.o(.constdata)
    C                                        0x080043b8   Data          48  cos_i.o(.constdata)
    .constdata                               0x080043e8   Section        8  qnan.o(.constdata)
    .constdata                               0x080043f0   Section      200  rred.o(.constdata)
    pio2s                                    0x080043f0   Data          48  rred.o(.constdata)
    twooverpi                                0x08004420   Data         152  rred.o(.constdata)
    .constdata                               0x080044b8   Section       40  sin_i.o(.constdata)
    S                                        0x080044b8   Data          40  sin_i.o(.constdata)
    .data                                    0x20000000   Section      124  main.o(.data)
    i                                        0x2000007a   Data           1  main.o(.data)
    sum                                      0x2000007b   Data           1  main.o(.data)
    .data                                    0x2000007c   Section        4  systick.o(.data)
    TimingDelay                              0x2000007c   Data           4  systick.o(.data)
    .data                                    0x20000080   Section       52  imu_init_position.o(.data)
    Init_Pitch                               0x20000080   Data           4  imu_init_position.o(.data)
    Init_Roll                                0x20000084   Data           4  imu_init_position.o(.data)
    Init_Yaw                                 0x20000088   Data           4  imu_init_position.o(.data)
    .data                                    0x200000b4   Section       20  stm32f10x_rcc.o(.data)
    APBAHBPrescTable                         0x200000b4   Data          16  stm32f10x_rcc.o(.data)
    ADCPrescTable                            0x200000c4   Data           4  stm32f10x_rcc.o(.data)
    .data                                    0x200000c8   Section       20  system_stm32f10x.o(.data)
    .bss                                     0x200000dc   Section      536  main.o(.bss)
    .bss                                     0x200002f4   Section       36  imu_init_position.o(.bss)
    .bss                                     0x20000318   Section       96  libspace.o(.bss)
    HEAP                                     0x20000378   Section     1024  startup_stm32f10x_hd.o(HEAP)
    Heap_Mem                                 0x20000378   Data        1024  startup_stm32f10x_hd.o(HEAP)
    STACK                                    0x20000778   Section     1024  startup_stm32f10x_hd.o(STACK)
    Stack_Mem                                0x20000778   Data        1024  startup_stm32f10x_hd.o(STACK)
    __initial_sp                             0x20000b78   Data           0  startup_stm32f10x_hd.o(STACK)

    Global Symbols

    Symbol Name                              Value     Ov Type        Size  Object(Section)

    BuildAttributes$$THM_ISAv4$P$D$K$B$S$PE$A:L22UL41UL21$X:L11$S22US41US21$IEEE1$IW$USESV6$~STKCKD$USESV7$~SHL$OTIME$ROPI$IEEEX$EBA8$UX$STANDARDLIB$REQ8$PRES8$EABIv2 0x00000000   Number         0  anon$$obj.o ABSOLUTE
    __ARM_use_no_argv                        0x00000000   Number         0  main.o ABSOLUTE
    __ARM_exceptions_init                     - Undefined Weak Reference
    __alloca_initialize                       - Undefined Weak Reference
    __cpp_initialize__aeabi_                  - Undefined Weak Reference
    __cxa_finalize                            - Undefined Weak Reference
    __rt_locale                               - Undefined Weak Reference
    __sigvec_lookup                           - Undefined Weak Reference
    _atexit_init                              - Undefined Weak Reference
    _call_atexit_fns                          - Undefined Weak Reference
    _clock_init                               - Undefined Weak Reference
    _fp_trap_init                             - Undefined Weak Reference
    _fp_trap_shutdown                         - Undefined Weak Reference
    _get_lc_collate                           - Undefined Weak Reference
    _get_lc_ctype                             - Undefined Weak Reference
    _get_lc_monetary                          - Undefined Weak Reference
    _get_lc_numeric                           - Undefined Weak Reference
    _get_lc_time                              - Undefined Weak Reference
    _getenv_init                              - Undefined Weak Reference
    _handle_redirection                       - Undefined Weak Reference
    _init_alloc                               - Undefined Weak Reference
    _init_user_alloc                          - Undefined Weak Reference
    _initio                                   - Undefined Weak Reference
    _rand_init                                - Undefined Weak Reference
    _signal_finish                            - Undefined Weak Reference
    _signal_init                              - Undefined Weak Reference
    _terminate_alloc                          - Undefined Weak Reference
    _terminate_user_alloc                     - Undefined Weak Reference
    _terminateio                              - Undefined Weak Reference
    __Vectors_Size                           0x00000130   Number         0  startup_stm32f10x_hd.o ABSOLUTE
    __Vectors                                0x08000000   Data           4  startup_stm32f10x_hd.o(RESET)
    __Vectors_End                            0x08000130   Data           0  startup_stm32f10x_hd.o(RESET)
    __main                                   0x08000131   Thumb Code     8  __main.o(!!!main)
    __scatterload                            0x08000139   Thumb Code     0  __scatter.o(!!!scatter)
    __scatterload_rt2                        0x08000139   Thumb Code    44  __scatter.o(!!!scatter)
    __scatterload_rt2_thumb_only             0x08000139   Thumb Code     0  __scatter.o(!!!scatter)
    __scatterload_null                       0x08000147   Thumb Code     0  __scatter.o(!!!scatter)
    __scatterload_copy                       0x0800016d   Thumb Code    26  __scatter_copy.o(!!handler_copy)
    __scatterload_zeroinit                   0x08000189   Thumb Code    28  __scatter_zi.o(!!handler_zi)
    __rt_lib_init                            0x080001a5   Thumb Code     0  libinit.o(.ARM.Collect$$libinit$$00000000)
    __rt_lib_init_alloca_1                   0x080001a7   Thumb Code     0  libinit2.o(.ARM.Collect$$libinit$$0000002C)
    __rt_lib_init_argv_1                     0x080001a7   Thumb Code     0  libinit2.o(.ARM.Collect$$libinit$$0000002A)
    __rt_lib_init_atexit_1                   0x080001a7   Thumb Code     0  libinit2.o(.ARM.Collect$$libinit$$00000019)
    __rt_lib_init_clock_1                    0x080001a7   Thumb Code     0  libinit2.o(.ARM.Collect$$libinit$$0000001F)
    __rt_lib_init_cpp_1                      0x080001a7   Thumb Code     0  libinit2.o(.ARM.Collect$$libinit$$00000030)
    __rt_lib_init_exceptions_1               0x080001a7   Thumb Code     0  libinit2.o(.ARM.Collect$$libinit$$0000002E)
    __rt_lib_init_fp_1                       0x080001a7   Thumb Code     0  libinit2.o(.ARM.Collect$$libinit$$00000002)
    __rt_lib_init_fp_trap_1                  0x080001a7   Thumb Code     0  libinit2.o(.ARM.Collect$$libinit$$0000001D)
    __rt_lib_init_getenv_1                   0x080001a7   Thumb Code     0  libinit2.o(.ARM.Collect$$libinit$$00000021)
    __rt_lib_init_heap_1                     0x080001a7   Thumb Code     0  libinit2.o(.ARM.Collect$$libinit$$00000008)
    __rt_lib_init_lc_collate_1               0x080001a7   Thumb Code     0  libinit2.o(.ARM.Collect$$libinit$$0000000F)
    __rt_lib_init_lc_ctype_1                 0x080001a7   Thumb Code     0  libinit2.o(.ARM.Collect$$libinit$$00000011)
    __rt_lib_init_lc_monetary_1              0x080001a7   Thumb Code     0  libinit2.o(.ARM.Collect$$libinit$$00000013)
    __rt_lib_init_lc_numeric_1               0x080001a7   Thumb Code     0  libinit2.o(.ARM.Collect$$libinit$$00000015)
    __rt_lib_init_lc_time_1                  0x080001a7   Thumb Code     0  libinit2.o(.ARM.Collect$$libinit$$00000017)
    __rt_lib_init_rand_1                     0x080001a7   Thumb Code     0  libinit2.o(.ARM.Collect$$libinit$$0000000C)
    __rt_lib_init_return                     0x080001a7   Thumb Code     0  libinit2.o(.ARM.Collect$$libinit$$00000031)
    __rt_lib_init_signal_1                   0x080001a7   Thumb Code     0  libinit2.o(.ARM.Collect$$libinit$$0000001B)
    __rt_lib_init_stdio_1                    0x080001a7   Thumb Code     0  libinit2.o(.ARM.Collect$$libinit$$00000023)
    __rt_lib_init_user_alloc_1               0x080001a7   Thumb Code     0  libinit2.o(.ARM.Collect$$libinit$$0000000A)
    __rt_lib_shutdown                        0x080001a9   Thumb Code     0  libshutdown.o(.ARM.Collect$$libshutdown$$00000000)
    __rt_lib_shutdown_fp_trap_1              0x080001ab   Thumb Code     0  libshutdown2.o(.ARM.Collect$$libshutdown$$00000006)
    __rt_lib_shutdown_heap_1                 0x080001ab   Thumb Code     0  libshutdown2.o(.ARM.Collect$$libshutdown$$0000000E)
    __rt_lib_shutdown_return                 0x080001ab   Thumb Code     0  libshutdown2.o(.ARM.Collect$$libshutdown$$0000000F)
    __rt_lib_shutdown_signal_1               0x080001ab   Thumb Code     0  libshutdown2.o(.ARM.Collect$$libshutdown$$00000009)
    __rt_lib_shutdown_stdio_1                0x080001ab   Thumb Code     0  libshutdown2.o(.ARM.Collect$$libshutdown$$00000003)
    __rt_lib_shutdown_user_alloc_1           0x080001ab   Thumb Code     0  libshutdown2.o(.ARM.Collect$$libshutdown$$0000000B)
    __rt_entry                               0x080001ad   Thumb Code     0  rtentry.o(.ARM.Collect$$rtentry$$00000000)
    __rt_entry_presh_1                       0x080001ad   Thumb Code     0  rtentry2.o(.ARM.Collect$$rtentry$$00000002)
    __rt_entry_sh                            0x080001ad   Thumb Code     0  rtentry4.o(.ARM.Collect$$rtentry$$00000004)
    __rt_entry_li                            0x080001b3   Thumb Code     0  rtentry2.o(.ARM.Collect$$rtentry$$0000000A)
    __rt_entry_postsh_1                      0x080001b3   Thumb Code     0  rtentry2.o(.ARM.Collect$$rtentry$$00000009)
    __rt_entry_main                          0x080001b7   Thumb Code     0  rtentry2.o(.ARM.Collect$$rtentry$$0000000D)
    __rt_entry_postli_1                      0x080001b7   Thumb Code     0  rtentry2.o(.ARM.Collect$$rtentry$$0000000C)
    __rt_exit                                0x080001bf   Thumb Code     0  rtexit.o(.ARM.Collect$$rtexit$$00000000)
    __rt_exit_ls                             0x080001c1   Thumb Code     0  rtexit2.o(.ARM.Collect$$rtexit$$00000003)
    __rt_exit_prels_1                        0x080001c1   Thumb Code     0  rtexit2.o(.ARM.Collect$$rtexit$$00000002)
    __rt_exit_exit                           0x080001c5   Thumb Code     0  rtexit2.o(.ARM.Collect$$rtexit$$00000004)
    Soft_Delay                               0x080001cd   Thumb Code    12  main.o(.text)
    Soft_I2C_Delay                           0x080001d9   Thumb Code    12  main.o(.text)
    Soft_I2C_Start                           0x080001e5   Thumb Code    62  main.o(.text)
    Soft_I2C_Stop                            0x08000223   Thumb Code    68  main.o(.text)
    Soft_I2C_Initial                         0x08000267   Thumb Code    62  main.o(.text)
    Soft_I2C_Write_Byte                      0x080002a5   Thumb Code   104  main.o(.text)
    Soft_I2C_Read_Byte                       0x0800030d   Thumb Code    98  main.o(.text)
    Soft_I2C_Wait_ACK                        0x0800036f   Thumb Code    98  main.o(.text)
    Soft_I2C_Send_ACK                        0x080003d1   Thumb Code    90  main.o(.text)
    Soft_I2C_Write_Device_Register           0x0800042b   Thumb Code    48  main.o(.text)
    Soft_I2C_Read_Data                       0x0800045b   Thumb Code    92  main.o(.text)
    I2C_ByteRead                             0x080004b7   Thumb Code    24  main.o(.text)
    MPU9250_Initial                          0x080004cf   Thumb Code    54  main.o(.text)
    AK8963_Initial                           0x08000505   Thumb Code    46  main.o(.text)
    USART_NVIC_Configuration                 0x08000533   Thumb Code    70  main.o(.text)
    USART1_Config                            0x08000579   Thumb Code   148  main.o(.text)
    USART2_Config                            0x0800060d   Thumb Code   128  main.o(.text)
    USART2_IRQHandler                        0x0800068d   Thumb Code   156  main.o(.text)
    USART1_IRQHandler                        0x08000729   Thumb Code    62  main.o(.text)
    Send_Data                                0x08000767   Thumb Code   360  main.o(.text)
    READ_MPU9250                             0x080008cf   Thumb Code   478  main.o(.text)
    Data_Send_Status                         0x08000aad   Thumb Code   332  main.o(.text)
    main                                     0x08000bf9   Thumb Code  1030  main.o(.text)
    NMI_Handler                              0x08001041   Thumb Code     2  stm32f10x_it.o(.text)
    HardFault_Handler                        0x08001043   Thumb Code     4  stm32f10x_it.o(.text)
    MemManage_Handler                        0x08001047   Thumb Code     4  stm32f10x_it.o(.text)
    BusFault_Handler                         0x0800104b   Thumb Code     4  stm32f10x_it.o(.text)
    UsageFault_Handler                       0x0800104f   Thumb Code     4  stm32f10x_it.o(.text)
    SVC_Handler                              0x08001053   Thumb Code     2  stm32f10x_it.o(.text)
    DebugMon_Handler                         0x08001055   Thumb Code     2  stm32f10x_it.o(.text)
    PendSV_Handler                           0x08001057   Thumb Code     2  stm32f10x_it.o(.text)
    SysTick_Handler                          0x08001059   Thumb Code     8  stm32f10x_it.o(.text)
    SysTick_Init                             0x08001061   Thumb Code   106  systick.o(.text)
    Delay_us                                 0x080010cb   Thumb Code    36  systick.o(.text)
    TimingDelay_Decrement                    0x080010ef   Thumb Code    18  systick.o(.text)
    Vector_Cross_Product                     0x08001115   Thumb Code    98  imu_init_position.o(.text)
    Compass_Heading                          0x08001177   Thumb Code   242  imu_init_position.o(.text)
    init_rotation_matrix                     0x08001269   Thumb Code   354  imu_init_position.o(.text)
    reset_sensor_fusion                      0x080013cb   Thumb Code   520  imu_init_position.o(.text)
    NVIC_PriorityGroupConfig                 0x080015e9   Thumb Code    10  misc.o(.text)
    NVIC_Init                                0x080015f3   Thumb Code   100  misc.o(.text)
    NVIC_SetVectorTable                      0x08001657   Thumb Code    14  misc.o(.text)
    NVIC_SystemLPConfig                      0x08001665   Thumb Code    34  misc.o(.text)
    SysTick_CLKSourceConfig                  0x08001687   Thumb Code    40  misc.o(.text)
    GPIO_DeInit                              0x080016c5   Thumb Code   172  stm32f10x_gpio.o(.text)
    GPIO_AFIODeInit                          0x08001771   Thumb Code    20  stm32f10x_gpio.o(.text)
    GPIO_Init                                0x08001785   Thumb Code   278  stm32f10x_gpio.o(.text)
    GPIO_StructInit                          0x0800189b   Thumb Code    16  stm32f10x_gpio.o(.text)
    GPIO_ReadInputDataBit                    0x080018ab   Thumb Code    18  stm32f10x_gpio.o(.text)
    GPIO_ReadInputData                       0x080018bd   Thumb Code     8  stm32f10x_gpio.o(.text)
    GPIO_ReadOutputDataBit                   0x080018c5   Thumb Code    18  stm32f10x_gpio.o(.text)
    GPIO_ReadOutputData                      0x080018d7   Thumb Code     8  stm32f10x_gpio.o(.text)
    GPIO_SetBits                             0x080018df   Thumb Code     4  stm32f10x_gpio.o(.text)
    GPIO_ResetBits                           0x080018e3   Thumb Code     4  stm32f10x_gpio.o(.text)
    GPIO_WriteBit                            0x080018e7   Thumb Code    10  stm32f10x_gpio.o(.text)
    GPIO_Write                               0x080018f1   Thumb Code     4  stm32f10x_gpio.o(.text)
    GPIO_PinLockConfig                       0x080018f5   Thumb Code    18  stm32f10x_gpio.o(.text)
    GPIO_EventOutputConfig                   0x08001907   Thumb Code    26  stm32f10x_gpio.o(.text)
    GPIO_EventOutputCmd                      0x08001921   Thumb Code     6  stm32f10x_gpio.o(.text)
    GPIO_PinRemapConfig                      0x08001927   Thumb Code   138  stm32f10x_gpio.o(.text)
    GPIO_EXTILineConfig                      0x080019b1   Thumb Code    66  stm32f10x_gpio.o(.text)
    GPIO_ETH_MediaInterfaceConfig            0x080019f3   Thumb Code     8  stm32f10x_gpio.o(.text)
    RCC_DeInit                               0x08001a21   Thumb Code    64  stm32f10x_rcc.o(.text)
    RCC_HSEConfig                            0x08001a61   Thumb Code    70  stm32f10x_rcc.o(.text)
    RCC_GetFlagStatus                        0x08001aa7   Thumb Code    56  stm32f10x_rcc.o(.text)
    RCC_WaitForHSEStartUp                    0x08001adf   Thumb Code    56  stm32f10x_rcc.o(.text)
    RCC_AdjustHSICalibrationValue            0x08001b17   Thumb Code    20  stm32f10x_rcc.o(.text)
    RCC_HSICmd                               0x08001b2b   Thumb Code     6  stm32f10x_rcc.o(.text)
    RCC_PLLConfig                            0x08001b31   Thumb Code    24  stm32f10x_rcc.o(.text)
    RCC_PLLCmd                               0x08001b49   Thumb Code     6  stm32f10x_rcc.o(.text)
    RCC_SYSCLKConfig                         0x08001b4f   Thumb Code    18  stm32f10x_rcc.o(.text)
    RCC_GetSYSCLKSource                      0x08001b61   Thumb Code    10  stm32f10x_rcc.o(.text)
    RCC_HCLKConfig                           0x08001b6b   Thumb Code    18  stm32f10x_rcc.o(.text)
    RCC_PCLK1Config                          0x08001b7d   Thumb Code    18  stm32f10x_rcc.o(.text)
    RCC_PCLK2Config                          0x08001b8f   Thumb Code    20  stm32f10x_rcc.o(.text)
    RCC_ITConfig                             0x08001ba3   Thumb Code    26  stm32f10x_rcc.o(.text)
    RCC_USBCLKConfig                         0x08001bbd   Thumb Code     8  stm32f10x_rcc.o(.text)
    RCC_ADCCLKConfig                         0x08001bc5   Thumb Code    18  stm32f10x_rcc.o(.text)
    RCC_LSEConfig                            0x08001bd7   Thumb Code    50  stm32f10x_rcc.o(.text)
    RCC_LSICmd                               0x08001c09   Thumb Code     6  stm32f10x_rcc.o(.text)
    RCC_RTCCLKConfig                         0x08001c0f   Thumb Code    12  stm32f10x_rcc.o(.text)
    RCC_RTCCLKCmd                            0x08001c1b   Thumb Code     8  stm32f10x_rcc.o(.text)
    RCC_GetClocksFreq                        0x08001c23   Thumb Code   192  stm32f10x_rcc.o(.text)
    RCC_AHBPeriphClockCmd                    0x08001ce3   Thumb Code    26  stm32f10x_rcc.o(.text)
    RCC_APB2PeriphClockCmd                   0x08001cfd   Thumb Code    26  stm32f10x_rcc.o(.text)
    RCC_APB1PeriphClockCmd                   0x08001d17   Thumb Code    26  stm32f10x_rcc.o(.text)
    RCC_APB2PeriphResetCmd                   0x08001d31   Thumb Code    26  stm32f10x_rcc.o(.text)
    RCC_APB1PeriphResetCmd                   0x08001d4b   Thumb Code    26  stm32f10x_rcc.o(.text)
    RCC_BackupResetCmd                       0x08001d65   Thumb Code     8  stm32f10x_rcc.o(.text)
    RCC_ClockSecuritySystemCmd               0x08001d6d   Thumb Code     6  stm32f10x_rcc.o(.text)
    RCC_MCOConfig                            0x08001d73   Thumb Code     6  stm32f10x_rcc.o(.text)
    RCC_ClearFlag                            0x08001d79   Thumb Code    14  stm32f10x_rcc.o(.text)
    RCC_GetITStatus                          0x08001d87   Thumb Code    20  stm32f10x_rcc.o(.text)
    RCC_ClearITPendingBit                    0x08001d9b   Thumb Code     6  stm32f10x_rcc.o(.text)
    USART_DeInit                             0x08001dc5   Thumb Code   134  stm32f10x_usart.o(.text)
    USART_Init                               0x08001e4b   Thumb Code   210  stm32f10x_usart.o(.text)
    USART_StructInit                         0x08001f1d   Thumb Code    24  stm32f10x_usart.o(.text)
    USART_ClockInit                          0x08001f35   Thumb Code    34  stm32f10x_usart.o(.text)
    USART_ClockStructInit                    0x08001f57   Thumb Code    12  stm32f10x_usart.o(.text)
    USART_Cmd                                0x08001f63   Thumb Code    24  stm32f10x_usart.o(.text)
    USART_ITConfig                           0x08001f7b   Thumb Code    74  stm32f10x_usart.o(.text)
    USART_DMACmd                             0x08001fc5   Thumb Code    18  stm32f10x_usart.o(.text)
    USART_SetAddress                         0x08001fd7   Thumb Code    18  stm32f10x_usart.o(.text)
    USART_WakeUpConfig                       0x08001fe9   Thumb Code    18  stm32f10x_usart.o(.text)
    USART_ReceiverWakeUpCmd                  0x08001ffb   Thumb Code    24  stm32f10x_usart.o(.text)
    USART_LINBreakDetectLengthConfig         0x08002013   Thumb Code    18  stm32f10x_usart.o(.text)
    USART_LINCmd                             0x08002025   Thumb Code    24  stm32f10x_usart.o(.text)
    USART_SendData                           0x0800203d   Thumb Code     8  stm32f10x_usart.o(.text)
    USART_ReceiveData                        0x08002045   Thumb Code    10  stm32f10x_usart.o(.text)
    USART_SendBreak                          0x0800204f   Thumb Code    10  stm32f10x_usart.o(.text)
    USART_SetGuardTime                       0x08002059   Thumb Code    16  stm32f10x_usart.o(.text)
    USART_SetPrescaler                       0x08002069   Thumb Code    16  stm32f10x_usart.o(.text)
    USART_SmartCardCmd                       0x08002079   Thumb Code    24  stm32f10x_usart.o(.text)
    USART_SmartCardNACKCmd                   0x08002091   Thumb Code    24  stm32f10x_usart.o(.text)
    USART_HalfDuplexCmd                      0x080020a9   Thumb Code    24  stm32f10x_usart.o(.text)
    USART_OverSampling8Cmd                   0x080020c1   Thumb Code    22  stm32f10x_usart.o(.text)
    USART_OneBitMethodCmd                    0x080020d7   Thumb Code    24  stm32f10x_usart.o(.text)
    USART_IrDAConfig                         0x080020ef   Thumb Code    18  stm32f10x_usart.o(.text)
    USART_IrDACmd                            0x08002101   Thumb Code    24  stm32f10x_usart.o(.text)
    USART_GetFlagStatus                      0x08002119   Thumb Code    26  stm32f10x_usart.o(.text)
    USART_ClearFlag                          0x08002133   Thumb Code    18  stm32f10x_usart.o(.text)
    USART_GetITStatus                        0x08002145   Thumb Code    84  stm32f10x_usart.o(.text)
    USART_ClearITPendingBit                  0x08002199   Thumb Code    52  stm32f10x_usart.o(.text)
    Reset_Handler                            0x080021cd   Thumb Code     8  startup_stm32f10x_hd.o(.text)
    ADC1_2_IRQHandler                        0x080021e7   Thumb Code     0  startup_stm32f10x_hd.o(.text)
    ADC3_IRQHandler                          0x080021e7   Thumb Code     0  startup_stm32f10x_hd.o(.text)
    CAN1_RX1_IRQHandler                      0x080021e7   Thumb Code     0  startup_stm32f10x_hd.o(.text)
    CAN1_SCE_IRQHandler                      0x080021e7   Thumb Code     0  startup_stm32f10x_hd.o(.text)
    DMA1_Channel1_IRQHandler                 0x080021e7   Thumb Code     0  startup_stm32f10x_hd.o(.text)
    DMA1_Channel2_IRQHandler                 0x080021e7   Thumb Code     0  startup_stm32f10x_hd.o(.text)
    DMA1_Channel3_IRQHandler                 0x080021e7   Thumb Code     0  startup_stm32f10x_hd.o(.text)
    DMA1_Channel4_IRQHandler                 0x080021e7   Thumb Code     0  startup_stm32f10x_hd.o(.text)
    DMA1_Channel5_IRQHandler                 0x080021e7   Thumb Code     0  startup_stm32f10x_hd.o(.text)
    DMA1_Channel6_IRQHandler                 0x080021e7   Thumb Code     0  startup_stm32f10x_hd.o(.text)
    DMA1_Channel7_IRQHandler                 0x080021e7   Thumb Code     0  startup_stm32f10x_hd.o(.text)
    DMA2_Channel1_IRQHandler                 0x080021e7   Thumb Code     0  startup_stm32f10x_hd.o(.text)
    DMA2_Channel2_IRQHandler                 0x080021e7   Thumb Code     0  startup_stm32f10x_hd.o(.text)
    DMA2_Channel3_IRQHandler                 0x080021e7   Thumb Code     0  startup_stm32f10x_hd.o(.text)
    DMA2_Channel4_5_IRQHandler               0x080021e7   Thumb Code     0  startup_stm32f10x_hd.o(.text)
    EXTI0_IRQHandler                         0x080021e7   Thumb Code     0  startup_stm32f10x_hd.o(.text)
    EXTI15_10_IRQHandler                     0x080021e7   Thumb Code     0  startup_stm32f10x_hd.o(.text)
    EXTI1_IRQHandler                         0x080021e7   Thumb Code     0  startup_stm32f10x_hd.o(.text)
    EXTI2_IRQHandler                         0x080021e7   Thumb Code     0  startup_stm32f10x_hd.o(.text)
    EXTI3_IRQHandler                         0x080021e7   Thumb Code     0  startup_stm32f10x_hd.o(.text)
    EXTI4_IRQHandler                         0x080021e7   Thumb Code     0  startup_stm32f10x_hd.o(.text)
    EXTI9_5_IRQHandler                       0x080021e7   Thumb Code     0  startup_stm32f10x_hd.o(.text)
    FLASH_IRQHandler                         0x080021e7   Thumb Code     0  startup_stm32f10x_hd.o(.text)
    FSMC_IRQHandler                          0x080021e7   Thumb Code     0  startup_stm32f10x_hd.o(.text)
    I2C1_ER_IRQHandler                       0x080021e7   Thumb Code     0  startup_stm32f10x_hd.o(.text)
    I2C1_EV_IRQHandler                       0x080021e7   Thumb Code     0  startup_stm32f10x_hd.o(.text)
    I2C2_ER_IRQHandler                       0x080021e7   Thumb Code     0  startup_stm32f10x_hd.o(.text)
    I2C2_EV_IRQHandler                       0x080021e7   Thumb Code     0  startup_stm32f10x_hd.o(.text)
    PVD_IRQHandler                           0x080021e7   Thumb Code     0  startup_stm32f10x_hd.o(.text)
    RCC_IRQHandler                           0x080021e7   Thumb Code     0  startup_stm32f10x_hd.o(.text)
    RTCAlarm_IRQHandler                      0x080021e7   Thumb Code     0  startup_stm32f10x_hd.o(.text)
    RTC_IRQHandler                           0x080021e7   Thumb Code     0  startup_stm32f10x_hd.o(.text)
    SDIO_IRQHandler                          0x080021e7   Thumb Code     0  startup_stm32f10x_hd.o(.text)
    SPI1_IRQHandler                          0x080021e7   Thumb Code     0  startup_stm32f10x_hd.o(.text)
    SPI2_IRQHandler                          0x080021e7   Thumb Code     0  startup_stm32f10x_hd.o(.text)
    SPI3_IRQHandler                          0x080021e7   Thumb Code     0  startup_stm32f10x_hd.o(.text)
    TAMPER_IRQHandler                        0x080021e7   Thumb Code     0  startup_stm32f10x_hd.o(.text)
    TIM1_BRK_IRQHandler                      0x080021e7   Thumb Code     0  startup_stm32f10x_hd.o(.text)
    TIM1_CC_IRQHandler                       0x080021e7   Thumb Code     0  startup_stm32f10x_hd.o(.text)
    TIM1_TRG_COM_IRQHandler                  0x080021e7   Thumb Code     0  startup_stm32f10x_hd.o(.text)
    TIM1_UP_IRQHandler                       0x080021e7   Thumb Code     0  startup_stm32f10x_hd.o(.text)
    TIM2_IRQHandler                          0x080021e7   Thumb Code     0  startup_stm32f10x_hd.o(.text)
    TIM3_IRQHandler                          0x080021e7   Thumb Code     0  startup_stm32f10x_hd.o(.text)
    TIM4_IRQHandler                          0x080021e7   Thumb Code     0  startup_stm32f10x_hd.o(.text)
    TIM5_IRQHandler                          0x080021e7   Thumb Code     0  startup_stm32f10x_hd.o(.text)
    TIM6_IRQHandler                          0x080021e7   Thumb Code     0  startup_stm32f10x_hd.o(.text)
    TIM7_IRQHandler                          0x080021e7   Thumb Code     0  startup_stm32f10x_hd.o(.text)
    TIM8_BRK_IRQHandler                      0x080021e7   Thumb Code     0  startup_stm32f10x_hd.o(.text)
    TIM8_CC_IRQHandler                       0x080021e7   Thumb Code     0  startup_stm32f10x_hd.o(.text)
    TIM8_TRG_COM_IRQHandler                  0x080021e7   Thumb Code     0  startup_stm32f10x_hd.o(.text)
    TIM8_UP_IRQHandler                       0x080021e7   Thumb Code     0  startup_stm32f10x_hd.o(.text)
    UART4_IRQHandler                         0x080021e7   Thumb Code     0  startup_stm32f10x_hd.o(.text)
    UART5_IRQHandler                         0x080021e7   Thumb Code     0  startup_stm32f10x_hd.o(.text)
    USART3_IRQHandler                        0x080021e7   Thumb Code     0  startup_stm32f10x_hd.o(.text)
    USBWakeUp_IRQHandler                     0x080021e7   Thumb Code     0  startup_stm32f10x_hd.o(.text)
    USB_HP_CAN1_TX_IRQHandler                0x080021e7   Thumb Code     0  startup_stm32f10x_hd.o(.text)
    USB_LP_CAN1_RX0_IRQHandler               0x080021e7   Thumb Code     0  startup_stm32f10x_hd.o(.text)
    WWDG_IRQHandler                          0x080021e7   Thumb Code     0  startup_stm32f10x_hd.o(.text)
    __user_initial_stackheap                 0x080021e9   Thumb Code     0  startup_stm32f10x_hd.o(.text)
    SystemInit                               0x080022eb   Thumb Code    78  system_stm32f10x.o(.text)
    SystemCoreClockUpdate                    0x08002339   Thumb Code   142  system_stm32f10x.o(.text)
    __aeabi_memclr4                          0x080023ed   Thumb Code     0  rt_memclr_w.o(.text)
    __aeabi_memclr8                          0x080023ed   Thumb Code     0  rt_memclr_w.o(.text)
    __rt_memclr_w                            0x080023ed   Thumb Code    78  rt_memclr_w.o(.text)
    _memset_w                                0x080023f1   Thumb Code     0  rt_memclr_w.o(.text)
    __use_two_region_memory                  0x0800243b   Thumb Code     2  heapauxi.o(.text)
    __rt_heap_escrow$2region                 0x0800243d   Thumb Code     2  heapauxi.o(.text)
    __rt_heap_expand$2region                 0x0800243f   Thumb Code     2  heapauxi.o(.text)
    __read_errno                             0x08002441   Thumb Code    10  _rserrno.o(.text)
    __set_errno                              0x0800244b   Thumb Code    12  _rserrno.o(.text)
    __aeabi_errno_addr                       0x08002459   Thumb Code     8  rt_errno_addr_intlibspace.o(.text)
    __errno$intlibspace                      0x08002459   Thumb Code     0  rt_errno_addr_intlibspace.o(.text)
    __rt_errno_addr$intlibspace              0x08002459   Thumb Code     0  rt_errno_addr_intlibspace.o(.text)
    __user_libspace                          0x08002461   Thumb Code     8  libspace.o(.text)
    __user_perproc_libspace                  0x08002461   Thumb Code     0  libspace.o(.text)
    __user_perthread_libspace                0x08002461   Thumb Code     0  libspace.o(.text)
    __user_setup_stackheap                   0x08002469   Thumb Code    74  sys_stackheap_outer.o(.text)
    exit                                     0x080024b3   Thumb Code    12  exit.o(.text)
    _sys_exit                                0x080024c1   Thumb Code     8  sys_exit.o(.text)
    __I$use$semihosting                      0x080024cd   Thumb Code     0  use_no_semi.o(.text)
    __use_no_semihosting_swi                 0x080024cd   Thumb Code     2  use_no_semi.o(.text)
    __ARM_fpclassify                         0x080024cf   Thumb Code    40  fpclassify.o(i.__ARM_fpclassify)
    __semihosting_library_function           0x080024cf   Thumb Code     0  indicate_semi.o(.text)
    __ieee754_rem_pio2                       0x080024f9   Thumb Code   830  rred.o(i.__ieee754_rem_pio2)
    __kernel_cos                             0x08002881   Thumb Code   230  cos_i.o(i.__kernel_cos)
    __kernel_poly                            0x0800297d   Thumb Code   170  poly.o(i.__kernel_poly)
    __kernel_sin                             0x08002a29   Thumb Code   224  sin_i.o(i.__kernel_sin)
    __mathlib_dbl_underflow                  0x08002b15   Thumb Code    10  dunder.o(i.__mathlib_dbl_underflow)
    asin                                     0x08002b25   Thumb Code   584  asin.o(i.asin)
    atan                                     0x08002da1   Thumb Code   478  atan.o(i.atan)
    atan2                                    0x08002fc5   Thumb Code   346  atan2.o(i.atan2)
    cos                                      0x08003145   Thumb Code   164  cos.o(i.cos)
    sin                                      0x080031f1   Thumb Code   166  sin.o(i.sin)
    sqrt                                     0x080032a1   Thumb Code    76  sqrt.o(i.sqrt)
    __aeabi_d2f                              0x080032ed   Thumb Code     0  d2f.o(x$fpl$d2f)
    _d2f                                     0x080032ed   Thumb Code    98  d2f.o(x$fpl$d2f)
    __aeabi_dadd                             0x08003351   Thumb Code     0  daddsub_clz.o(x$fpl$dadd)
    _dadd                                    0x08003351   Thumb Code   332  daddsub_clz.o(x$fpl$dadd)
    __fpl_dcheck_NaN1                        0x080034a1   Thumb Code    10  dcheck1.o(x$fpl$dcheck1)
    __aeabi_ddiv                             0x080034b1   Thumb Code     0  ddiv.o(x$fpl$ddiv)
    _ddiv                                    0x080034b1   Thumb Code   552  ddiv.o(x$fpl$ddiv)
    __aeabi_d2iz                             0x08003761   Thumb Code     0  dfix.o(x$fpl$dfix)
    _dfix                                    0x08003761   Thumb Code    94  dfix.o(x$fpl$dfix)
    __aeabi_i2d                              0x080037bf   Thumb Code     0  dflt_clz.o(x$fpl$dflt)
    _dflt                                    0x080037bf   Thumb Code    46  dflt_clz.o(x$fpl$dflt)
    __aeabi_ui2d                             0x080037ed   Thumb Code     0  dflt_clz.o(x$fpl$dfltu)
    _dfltu                                   0x080037ed   Thumb Code    38  dflt_clz.o(x$fpl$dfltu)
    __aeabi_dmul                             0x08003815   Thumb Code     0  dmul.o(x$fpl$dmul)
    _dmul                                    0x08003815   Thumb Code   332  dmul.o(x$fpl$dmul)
    __fpl_dnaninf                            0x08003969   Thumb Code   156  dnaninf.o(x$fpl$dnaninf)
    __fpl_dretinf                            0x08003a05   Thumb Code    12  dretinf.o(x$fpl$dretinf)
    __aeabi_drsub                            0x08003a11   Thumb Code     0  daddsub_clz.o(x$fpl$drsb)
    _drsb                                    0x08003a11   Thumb Code    22  daddsub_clz.o(x$fpl$drsb)
    _dsqrt                                   0x08003a29   Thumb Code   456  dsqrt_noumaal.o(x$fpl$dsqrt)
    __aeabi_dsub                             0x08003bf5   Thumb Code     0  daddsub_clz.o(x$fpl$dsub)
    _dsub                                    0x08003bf5   Thumb Code   464  daddsub_clz.o(x$fpl$dsub)
    __aeabi_f2d                              0x08003dc9   Thumb Code     0  f2d.o(x$fpl$f2d)
    _f2d                                     0x08003dc9   Thumb Code    86  f2d.o(x$fpl$f2d)
    __aeabi_fadd                             0x08003e21   Thumb Code     0  faddsub_clz.o(x$fpl$fadd)
    _fadd                                    0x08003e21   Thumb Code   196  faddsub_clz.o(x$fpl$fadd)
    __aeabi_f2iz                             0x08003ee5   Thumb Code     0  ffix.o(x$fpl$ffix)
    _ffix                                    0x08003ee5   Thumb Code    54  ffix.o(x$fpl$ffix)
    __aeabi_i2f                              0x08003f1d   Thumb Code     0  fflt_clz.o(x$fpl$fflt)
    _fflt                                    0x08003f1d   Thumb Code    48  fflt_clz.o(x$fpl$fflt)
    __aeabi_fmul                             0x08003f4d   Thumb Code     0  fmul.o(x$fpl$fmul)
    _fmul                                    0x08003f4d   Thumb Code   258  fmul.o(x$fpl$fmul)
    __fpl_fnaninf                            0x0800404f   Thumb Code   140  fnaninf.o(x$fpl$fnaninf)
    __fpl_fretinf                            0x080040db   Thumb Code    10  fretinf.o(x$fpl$fretinf)
    __aeabi_fsub                             0x080040e5   Thumb Code     0  faddsub_clz.o(x$fpl$fsub)
    _fsub                                    0x080040e5   Thumb Code   234  faddsub_clz.o(x$fpl$fsub)
    __fpl_return_NaN                         0x080041cf   Thumb Code   100  retnan.o(x$fpl$retnan)
    __ARM_scalbn                             0x08004233   Thumb Code    92  scalbn.o(x$fpl$scalbn)
    __fpl_cmpreturn                          0x0800428f   Thumb Code    48  trapv.o(x$fpl$trapveneer)
    __I$use$fp                               0x080042be   Number         0  usenofp.o(x$fpl$usenofp)
    __mathlib_zero                           0x080043e8   Data           8  qnan.o(.constdata)
    Region$$Table$$Base                      0x080044e0   Number         0  anon$$obj.o(Region$$Table)
    Region$$Table$$Limit                     0x08004500   Number         0  anon$$obj.o(Region$$Table)
    t                                        0x20000000   Data           4  main.o(.data)
    ax                                       0x20000004   Data           2  main.o(.data)
    ay                                       0x20000006   Data           2  main.o(.data)
    az                                       0x20000008   Data           2  main.o(.data)
    gx                                       0x2000000a   Data           2  main.o(.data)
    gy                                       0x2000000c   Data           2  main.o(.data)
    gz                                       0x2000000e   Data           2  main.o(.data)
    ak8963_read_data                         0x20000010   Data           7  main.o(.data)
    mx                                       0x20000018   Data           2  main.o(.data)
    my                                       0x2000001a   Data           2  main.o(.data)
    mz                                       0x2000001c   Data           2  main.o(.data)
    Usart2RxOkFlag                           0x2000001e   Data           1  main.o(.data)
    Usart2RxOkIndex                          0x20000020   Data           4  main.o(.data)
    Calibration_Flag                         0x20000024   Data           1  main.o(.data)
    Calibration_Ok_Flag                      0x20000025   Data           1  main.o(.data)
    T_X                                      0x20000026   Data           2  main.o(.data)
    T_Y                                      0x20000028   Data           2  main.o(.data)
    T_Z                                      0x2000002a   Data           2  main.o(.data)
    T_T                                      0x2000002c   Data           2  main.o(.data)
    A_X                                      0x2000002e   Data           2  main.o(.data)
    A_Y                                      0x20000030   Data           2  main.o(.data)
    A_Z                                      0x20000032   Data           2  main.o(.data)
    G_X                                      0x20000034   Data           2  main.o(.data)
    G_Y                                      0x20000036   Data           2  main.o(.data)
    G_Z                                      0x20000038   Data           2  main.o(.data)
    M_X                                      0x2000003a   Data           2  main.o(.data)
    M_Y                                      0x2000003c   Data           2  main.o(.data)
    M_Z                                      0x2000003e   Data           2  main.o(.data)
    Acc                                      0x20000040   Data           6  main.o(.data)
    Gyo                                      0x20000046   Data           6  main.o(.data)
    Mag                                      0x2000004c   Data           6  main.o(.data)
    Pitch                                    0x20000054   Data           4  main.o(.data)
    Roll                                     0x20000058   Data           4  main.o(.data)
    Yaw                                      0x2000005c   Data           4  main.o(.data)
    temp                                     0x20000060   Data           4  main.o(.data)
    FILTER_CNT                               0x20000064   Data           4  main.o(.data)
    MAG_MAX                                  0x20000068   Data           6  main.o(.data)
    MAG_MIN                                  0x2000006e   Data           6  main.o(.data)
    MAG_OFFSET                               0x20000074   Data           6  main.o(.data)
    MAG_Heading                              0x2000008c   Data           4  imu_init_position.o(.data)
    DCM_Matrix                               0x20000090   Data          36  imu_init_position.o(.data)
    SystemCoreClock                          0x200000c8   Data           4  system_stm32f10x.o(.data)
    AHBPrescTable                            0x200000cc   Data          16  system_stm32f10x.o(.data)
    mpu_read_data                            0x200000dc   Data          14  main.o(.bss)
    Usart2RxBuf                              0x200000ea   Data         200  main.o(.bss)
    BUF                                      0x200001b2   Data          10  main.o(.bss)
    Imu_Init_Position                        0x200001bc   Data          12  main.o(.bss)
    A_X_BUF                                  0x200001c8   Data          20  main.o(.bss)
    A_Y_BUF                                  0x200001dc   Data          20  main.o(.bss)
    A_Z_BUF                                  0x200001f0   Data          20  main.o(.bss)
    G_X_BUF                                  0x20000204   Data          20  main.o(.bss)
    G_Y_BUF                                  0x20000218   Data          20  main.o(.bss)
    G_Z_BUF                                  0x2000022c   Data          20  main.o(.bss)
    M_X_BUF                                  0x20000240   Data          20  main.o(.bss)
    M_Y_BUF                                  0x20000254   Data          20  main.o(.bss)
    M_Z_BUF                                  0x20000268   Data          20  main.o(.bss)
    ROL_BUF                                  0x2000027c   Data          40  main.o(.bss)
    PIT_BUF                                  0x200002a4   Data          40  main.o(.bss)
    YAW_BUF                                  0x200002cc   Data          40  main.o(.bss)
    temp_acc                                 0x200002f4   Data          12  imu_init_position.o(.bss)
    temp_gyo                                 0x20000300   Data          12  imu_init_position.o(.bss)
    temp_mag                                 0x2000030c   Data          12  imu_init_position.o(.bss)
    __libspace_start                         0x20000318   Data          96  libspace.o(.bss)
    __temporary_stack_top$libspace           0x20000378   Data           0  libspace.o(.bss)



==============================================================================

Memory Map of the image

  Image Entry point : 0x08000131

  Load Region LR_IROM1 (Base: 0x08000000, Size: 0x000045dc, Max: 0x00040000, ABSOLUTE)

    Execution Region ER_IROM1 (Base: 0x08000000, Size: 0x00004500, Max: 0x00040000, ABSOLUTE)

    Base Addr    Size         Type   Attr      Idx    E Section Name        Object

    0x08000000   0x00000130   Data   RO          183    RESET               startup_stm32f10x_hd.o
    0x08000130   0x00000008   Code   RO          222  * !!!main             c_w.l(__main.o)
    0x08000138   0x00000034   Code   RO          523    !!!scatter          c_w.l(__scatter.o)
    0x0800016c   0x0000001a   Code   RO          525    !!handler_copy      c_w.l(__scatter_copy.o)
    0x08000186   0x00000002   PAD
    0x08000188   0x0000001c   Code   RO          527    !!handler_zi        c_w.l(__scatter_zi.o)
    0x080001a4   0x00000002   Code   RO          395    .ARM.Collect$$libinit$$00000000  c_w.l(libinit.o)
    0x080001a6   0x00000000   Code   RO          401    .ARM.Collect$$libinit$$00000002  c_w.l(libinit2.o)
    0x080001a6   0x00000000   Code   RO          404    .ARM.Collect$$libinit$$00000008  c_w.l(libinit2.o)
    0x080001a6   0x00000000   Code   RO          406    .ARM.Collect$$libinit$$0000000A  c_w.l(libinit2.o)
    0x080001a6   0x00000000   Code   RO          408    .ARM.Collect$$libinit$$0000000C  c_w.l(libinit2.o)
    0x080001a6   0x00000000   Code   RO          411    .ARM.Collect$$libinit$$0000000F  c_w.l(libinit2.o)
    0x080001a6   0x00000000   Code   RO          413    .ARM.Collect$$libinit$$00000011  c_w.l(libinit2.o)
    0x080001a6   0x00000000   Code   RO          415    .ARM.Collect$$libinit$$00000013  c_w.l(libinit2.o)
    0x080001a6   0x00000000   Code   RO          417    .ARM.Collect$$libinit$$00000015  c_w.l(libinit2.o)
    0x080001a6   0x00000000   Code   RO          419    .ARM.Collect$$libinit$$00000017  c_w.l(libinit2.o)
    0x080001a6   0x00000000   Code   RO          421    .ARM.Collect$$libinit$$00000019  c_w.l(libinit2.o)
    0x080001a6   0x00000000   Code   RO          423    .ARM.Collect$$libinit$$0000001B  c_w.l(libinit2.o)
    0x080001a6   0x00000000   Code   RO          425    .ARM.Collect$$libinit$$0000001D  c_w.l(libinit2.o)
    0x080001a6   0x00000000   Code   RO          427    .ARM.Collect$$libinit$$0000001F  c_w.l(libinit2.o)
    0x080001a6   0x00000000   Code   RO          429    .ARM.Collect$$libinit$$00000021  c_w.l(libinit2.o)
    0x080001a6   0x00000000   Code   RO          431    .ARM.Collect$$libinit$$00000023  c_w.l(libinit2.o)
    0x080001a6   0x00000000   Code   RO          435    .ARM.Collect$$libinit$$0000002A  c_w.l(libinit2.o)
    0x080001a6   0x00000000   Code   RO          437    .ARM.Collect$$libinit$$0000002C  c_w.l(libinit2.o)
    0x080001a6   0x00000000   Code   RO          439    .ARM.Collect$$libinit$$0000002E  c_w.l(libinit2.o)
    0x080001a6   0x00000000   Code   RO          441    .ARM.Collect$$libinit$$00000030  c_w.l(libinit2.o)
    0x080001a6   0x00000002   Code   RO          442    .ARM.Collect$$libinit$$00000031  c_w.l(libinit2.o)
    0x080001a8   0x00000002   Code   RO          464    .ARM.Collect$$libshutdown$$00000000  c_w.l(libshutdown.o)
    0x080001aa   0x00000000   Code   RO          478    .ARM.Collect$$libshutdown$$00000003  c_w.l(libshutdown2.o)
    0x080001aa   0x00000000   Code   RO          481    .ARM.Collect$$libshutdown$$00000006  c_w.l(libshutdown2.o)
    0x080001aa   0x00000000   Code   RO          484    .ARM.Collect$$libshutdown$$00000009  c_w.l(libshutdown2.o)
    0x080001aa   0x00000000   Code   RO          486    .ARM.Collect$$libshutdown$$0000000B  c_w.l(libshutdown2.o)
    0x080001aa   0x00000000   Code   RO          489    .ARM.Collect$$libshutdown$$0000000E  c_w.l(libshutdown2.o)
    0x080001aa   0x00000002   Code   RO          490    .ARM.Collect$$libshutdown$$0000000F  c_w.l(libshutdown2.o)
    0x080001ac   0x00000000   Code   RO          290    .ARM.Collect$$rtentry$$00000000  c_w.l(rtentry.o)
    0x080001ac   0x00000000   Code   RO          350    .ARM.Collect$$rtentry$$00000002  c_w.l(rtentry2.o)
    0x080001ac   0x00000006   Code   RO          362    .ARM.Collect$$rtentry$$00000004  c_w.l(rtentry4.o)
    0x080001b2   0x00000000   Code   RO          352    .ARM.Collect$$rtentry$$00000009  c_w.l(rtentry2.o)
    0x080001b2   0x00000004   Code   RO          353    .ARM.Collect$$rtentry$$0000000A  c_w.l(rtentry2.o)
    0x080001b6   0x00000000   Code   RO          355    .ARM.Collect$$rtentry$$0000000C  c_w.l(rtentry2.o)
    0x080001b6   0x00000008   Code   RO          356    .ARM.Collect$$rtentry$$0000000D  c_w.l(rtentry2.o)
    0x080001be   0x00000002   Code   RO          398    .ARM.Collect$$rtexit$$00000000  c_w.l(rtexit.o)
    0x080001c0   0x00000000   Code   RO          446    .ARM.Collect$$rtexit$$00000002  c_w.l(rtexit2.o)
    0x080001c0   0x00000004   Code   RO          447    .ARM.Collect$$rtexit$$00000003  c_w.l(rtexit2.o)
    0x080001c4   0x00000006   Code   RO          448    .ARM.Collect$$rtexit$$00000004  c_w.l(rtexit2.o)
    0x080001ca   0x00000002   PAD
    0x080001cc   0x00000e74   Code   RO            1    .text               main.o
    0x08001040   0x00000020   Code   RO           58    .text               stm32f10x_it.o
    0x08001060   0x000000b4   Code   RO           77    .text               systick.o
    0x08001114   0x000004d4   Code   RO          107    .text               imu_init_position.o
    0x080015e8   0x000000dc   Code   RO          131    .text               misc.o
    0x080016c4   0x0000035c   Code   RO          143    .text               stm32f10x_gpio.o
    0x08001a20   0x000003a4   Code   RO          155    .text               stm32f10x_rcc.o
    0x08001dc4   0x00000408   Code   RO          169    .text               stm32f10x_usart.o
    0x080021cc   0x00000040   Code   RO          184    .text               startup_stm32f10x_hd.o
    0x0800220c   0x000001e0   Code   RO          198    .text               system_stm32f10x.o
    0x080023ec   0x0000004e   Code   RO          218    .text               c_w.l(rt_memclr_w.o)
    0x0800243a   0x00000006   Code   RO          220    .text               c_w.l(heapauxi.o)
    0x08002440   0x00000016   Code   RO          291    .text               c_w.l(_rserrno.o)
    0x08002456   0x00000002   PAD
    0x08002458   0x00000008   Code   RO          367    .text               c_w.l(rt_errno_addr_intlibspace.o)
    0x08002460   0x00000008   Code   RO          383    .text               c_w.l(libspace.o)
    0x08002468   0x0000004a   Code   RO          386    .text               c_w.l(sys_stackheap_outer.o)
    0x080024b2   0x0000000c   Code   RO          388    .text               c_w.l(exit.o)
    0x080024be   0x00000002   PAD
    0x080024c0   0x0000000c   Code   RO          456    .text               c_w.l(sys_exit.o)
    0x080024cc   0x00000002   Code   RO          467    .text               c_w.l(use_no_semi.o)
    0x080024ce   0x00000000   Code   RO          469    .text               c_w.l(indicate_semi.o)
    0x080024ce   0x00000028   Code   RO          333    i.__ARM_fpclassify  m_ws.l(fpclassify.o)
    0x080024f6   0x00000002   PAD
    0x080024f8   0x00000388   Code   RO          338    i.__ieee754_rem_pio2  m_ws.l(rred.o)
    0x08002880   0x000000fc   Code   RO          328    i.__kernel_cos      m_ws.l(cos_i.o)
    0x0800297c   0x000000aa   Code   RO          335    i.__kernel_poly     m_ws.l(poly.o)
    0x08002a26   0x00000002   PAD
    0x08002a28   0x000000ec   Code   RO          343    i.__kernel_sin      m_ws.l(sin_i.o)
    0x08002b14   0x00000010   Code   RO          331    i.__mathlib_dbl_underflow  m_ws.l(dunder.o)
    0x08002b24   0x0000027c   Code   RO          249    i.asin              m_ws.l(asin.o)
    0x08002da0   0x00000224   Code   RO          319    i.atan              m_ws.l(atan.o)
    0x08002fc4   0x00000180   Code   RO          259    i.atan2             m_ws.l(atan2.o)
    0x08003144   0x000000ac   Code   RO          267    i.cos               m_ws.l(cos.o)
    0x080031f0   0x000000b0   Code   RO          275    i.sin               m_ws.l(sin.o)
    0x080032a0   0x0000004c   Code   RO          283    i.sqrt              m_ws.l(sqrt.o)
    0x080032ec   0x00000062   Code   RO          224    x$fpl$d2f           fz_ws.l(d2f.o)
    0x0800334e   0x00000002   PAD
    0x08003350   0x00000150   Code   RO          293    x$fpl$dadd          fz_ws.l(daddsub_clz.o)
    0x080034a0   0x00000010   Code   RO          369    x$fpl$dcheck1       fz_ws.l(dcheck1.o)
    0x080034b0   0x000002b0   Code   RO          300    x$fpl$ddiv          fz_ws.l(ddiv.o)
    0x08003760   0x0000005e   Code   RO          373    x$fpl$dfix          fz_ws.l(dfix.o)
    0x080037be   0x0000002e   Code   RO          378    x$fpl$dflt          fz_ws.l(dflt_clz.o)
    0x080037ec   0x00000026   Code   RO          377    x$fpl$dfltu         fz_ws.l(dflt_clz.o)
    0x08003812   0x00000002   PAD
    0x08003814   0x00000154   Code   RO          226    x$fpl$dmul          fz_ws.l(dmul.o)
    0x08003968   0x0000009c   Code   RO          305    x$fpl$dnaninf       fz_ws.l(dnaninf.o)
    0x08003a04   0x0000000c   Code   RO          307    x$fpl$dretinf       fz_ws.l(dretinf.o)
    0x08003a10   0x00000016   Code   RO          294    x$fpl$drsb          fz_ws.l(daddsub_clz.o)
    0x08003a26   0x00000002   PAD
    0x08003a28   0x000001cc   Code   RO          309    x$fpl$dsqrt         fz_ws.l(dsqrt_noumaal.o)
    0x08003bf4   0x000001d4   Code   RO          295    x$fpl$dsub          fz_ws.l(daddsub_clz.o)
    0x08003dc8   0x00000056   Code   RO          228    x$fpl$f2d           fz_ws.l(f2d.o)
    0x08003e1e   0x00000002   PAD
    0x08003e20   0x000000c4   Code   RO          230    x$fpl$fadd          fz_ws.l(faddsub_clz.o)
    0x08003ee4   0x00000036   Code   RO          236    x$fpl$ffix          fz_ws.l(ffix.o)
    0x08003f1a   0x00000002   PAD
    0x08003f1c   0x00000030   Code   RO          241    x$fpl$fflt          fz_ws.l(fflt_clz.o)
    0x08003f4c   0x00000102   Code   RO          246    x$fpl$fmul          fz_ws.l(fmul.o)
    0x0800404e   0x0000008c   Code   RO          311    x$fpl$fnaninf       fz_ws.l(fnaninf.o)
    0x080040da   0x0000000a   Code   RO          313    x$fpl$fretinf       fz_ws.l(fretinf.o)
    0x080040e4   0x000000ea   Code   RO          232    x$fpl$fsub          fz_ws.l(faddsub_clz.o)
    0x080041ce   0x00000064   Code   RO          396    x$fpl$retnan        fz_ws.l(retnan.o)
    0x08004232   0x0000005c   Code   RO          315    x$fpl$scalbn        fz_ws.l(scalbn.o)
    0x0800428e   0x00000030   Code   RO          443    x$fpl$trapveneer    fz_ws.l(trapv.o)
    0x080042be   0x00000000   Code   RO          317    x$fpl$usenofp       fz_ws.l(usenofp.o)
    0x080042be   0x00000002   PAD
    0x080042c0   0x0000000c   Data   RO          109    .constdata          imu_init_position.o
    0x080042cc   0x00000004   PAD
    0x080042d0   0x00000050   Data   RO          250    .constdata          m_ws.l(asin.o)
    0x08004320   0x00000098   Data   RO          320    .constdata          m_ws.l(atan.o)
    0x080043b8   0x00000030   Data   RO          329    .constdata          m_ws.l(cos_i.o)
    0x080043e8   0x00000008   Data   RO          337    .constdata          m_ws.l(qnan.o)
    0x080043f0   0x000000c8   Data   RO          340    .constdata          m_ws.l(rred.o)
    0x080044b8   0x00000028   Data   RO          344    .constdata          m_ws.l(sin_i.o)
    0x080044e0   0x00000020   Data   RO          521    Region$$Table       anon$$obj.o


    Execution Region RW_IRAM1 (Base: 0x20000000, Size: 0x00000b78, Max: 0x0000c000, ABSOLUTE)

    Base Addr    Size         Type   Attr      Idx    E Section Name        Object

    0x20000000   0x0000007c   Data   RW            3    .data               main.o
    0x2000007c   0x00000004   Data   RW           78    .data               systick.o
    0x20000080   0x00000034   Data   RW          110    .data               imu_init_position.o
    0x200000b4   0x00000014   Data   RW          156    .data               stm32f10x_rcc.o
    0x200000c8   0x00000014   Data   RW          199    .data               system_stm32f10x.o
    0x200000dc   0x00000218   Zero   RW            2    .bss                main.o
    0x200002f4   0x00000024   Zero   RW          108    .bss                imu_init_position.o
    0x20000318   0x00000060   Zero   RW          384    .bss                c_w.l(libspace.o)
    0x20000378   0x00000400   Zero   RW          182    HEAP                startup_stm32f10x_hd.o
    0x20000778   0x00000400   Zero   RW          181    STACK               startup_stm32f10x_hd.o


==============================================================================

Image component sizes


      Code (inc. data)   RO Data    RW Data    ZI Data      Debug   Object Name

      1236         66         12         52         36       2692   imu_init_position.o
      3700        262          0        124        536     242039   main.o
       220         22          0          0          0       1697   misc.o
        64         26        304          0       2048        780   startup_stm32f10x_hd.o
       860         38          0          0          0       5541   stm32f10x_gpio.o
        32          0          0          0          0       1282   stm32f10x_it.o
       932         36          0         20          0       8680   stm32f10x_rcc.o
      1032         22          0          0          0       8268   stm32f10x_usart.o
       480         38          0         20          0       1727   system_stm32f10x.o
       180         20          0          4          0      16425   systick.o

    ----------------------------------------------------------------------
      8736        530        352        220       2620     289131   Object Totals
         0          0         32          0          0          0   (incl. Generated)
         0          0          4          0          0          0   (incl. Padding)

    ----------------------------------------------------------------------

      Code (inc. data)   RO Data    RW Data    ZI Data      Debug   Library Member Name

         8          0          0          0          0         68   __main.o
        52          8          0          0          0          0   __scatter.o
        26          0          0          0          0          0   __scatter_copy.o
        28          0          0          0          0          0   __scatter_zi.o
        22          0          0          0          0        100   _rserrno.o
        12          0          0          0          0         72   exit.o
         6          0          0          0          0        152   heapauxi.o
         0          0          0          0          0          0   indicate_semi.o
         2          0          0          0          0          0   libinit.o
         2          0          0          0          0          0   libinit2.o
         2          0          0          0          0          0   libshutdown.o
         2          0          0          0          0          0   libshutdown2.o
         8          4          0          0         96         68   libspace.o
         8          4          0          0          0         68   rt_errno_addr_intlibspace.o
        78          0          0          0          0         80   rt_memclr_w.o
         0          0          0          0          0          0   rtentry.o
        12          0          0          0          0          0   rtentry2.o
         6          0          0          0          0          0   rtentry4.o
         2          0          0          0          0          0   rtexit.o
        10          0          0          0          0          0   rtexit2.o
        12          4          0          0          0         68   sys_exit.o
        74          0          0          0          0         80   sys_stackheap_outer.o
         2          0          0          0          0         68   use_no_semi.o
        98          4          0          0          0         92   d2f.o
       826         16          0          0          0        348   daddsub_clz.o
        16          4          0          0          0         68   dcheck1.o
       688        140          0          0          0        208   ddiv.o
        94          4          0          0          0         92   dfix.o
        84          0          0          0          0        136   dflt_clz.o
       340         12          0          0          0        104   dmul.o
       156          4          0          0          0         92   dnaninf.o
        12          0          0          0          0         68   dretinf.o
       460         56          0          0          0        120   dsqrt_noumaal.o
        86          4          0          0          0         84   f2d.o
       430          8          0          0          0        168   faddsub_clz.o
        54          4          0          0          0         84   ffix.o
        48          0          0          0          0         68   fflt_clz.o
       258          4          0          0          0         84   fmul.o
       140          4          0          0          0         84   fnaninf.o
        10          0          0          0          0         68   fretinf.o
       100          0          0          0          0         68   retnan.o
        92          0          0          0          0         68   scalbn.o
        48          0          0          0          0         68   trapv.o
         0          0          0          0          0          0   usenofp.o
       636         52         80          0          0        168   asin.o
       548         70        152          0          0        124   atan.o
       384         38          0          0          0        144   atan2.o
       172          8          0          0          0        112   cos.o
       252         22         48          0          0        124   cos_i.o
        16          6          0          0          0         68   dunder.o
        40          0          0          0          0         68   fpclassify.o
       170          0          0          0          0         96   poly.o
         0          0          8          0          0          0   qnan.o
       904         74        200          0          0        140   rred.o
       176         10          0          0          0        116   sin.o
       236         12         40          0          0        128   sin_i.o
        76          0          0          0          0         84   sqrt.o

    ----------------------------------------------------------------------
      8048        576        528          0         96       4368   Library Totals
        24          0          0          0          0          0   (incl. Padding)

    ----------------------------------------------------------------------

      Code (inc. data)   RO Data    RW Data    ZI Data      Debug   Library Name

       374         20          0          0         96        824   c_w.l
      4040        264          0          0          0       2172   fz_ws.l
      3610        292        528          0          0       1372   m_ws.l

    ----------------------------------------------------------------------
      8048        576        528          0         96       4368   Library Totals

    ----------------------------------------------------------------------

==============================================================================


      Code (inc. data)   RO Data    RW Data    ZI Data      Debug   

     16784       1106        880        220       2716     290479   Grand Totals
     16784       1106        880        220       2716     290479   ELF Image Totals
     16784       1106        880        220          0          0   ROM Totals

==============================================================================

    Total RO  Size (Code + RO Data)                17664 (  17.25kB)
    Total RW  Size (RW Data + ZI Data)              2936 (   2.87kB)
    Total ROM Size (Code + RO Data + RW Data)      17884 (  17.46kB)

==============================================================================

