Product: MDK-ARM Professional 5.10
Component: ARM Compiler 5.04 update 1 (build 49)
Tool: armlink [5040049]

==============================================================================

Section Cross References

    main.o(.text) refers to misc.o(.text) for NVIC_PriorityGroupConfig
    main.o(.text) refers to stm32f10x_rcc.o(.text) for RCC_APB2PeriphClockCmd
    main.o(.text) refers to stm32f10x_gpio.o(.text) for GPIO_Init
    main.o(.text) refers to stm32f10x_usart.o(.text) for USART_Init
    main.o(.text) refers to rt_memclr_w.o(.text) for __aeabi_memclr4
    main.o(.text) refers to fmul.o(x$fpl$fmul) for __aeabi_fmul
    main.o(.text) refers to ffix.o(x$fpl$ffix) for __aeabi_f2iz
    main.o(.text) refers to main.o(.data) for i
    main.o(.text) refers to main.o(.bss) for Usart2RxBuf
    main.o(.text) refers to mpu9250_driver.o(.text) for MPU9250_Initial
    main.o(.text) refers to imu_init_position.o(.text) for reset_sensor_fusion
    stm32f10x_it.o(.text) refers to systick.o(.text) for TimingDelay_Decrement
    systick.o(.text) refers to system_stm32f10x.o(.data) for SystemCoreClock
    systick.o(.text) refers to systick.o(.data) for TimingDelay
    led.o(.text) refers to stm32f10x_rcc.o(.text) for RCC_APB2PeriphClockCmd
    led.o(.text) refers to stm32f10x_gpio.o(.text) for GPIO_Init
    imu_init_position.o(.text) refers to fmul.o(x$fpl$fmul) for __aeabi_fmul
    imu_init_position.o(.text) refers to faddsub_clz.o(x$fpl$fsub) for __aeabi_fsub
    imu_init_position.o(.text) refers to f2d.o(x$fpl$f2d) for __aeabi_f2d
    imu_init_position.o(.text) refers to cos.o(i.cos) for cos
    imu_init_position.o(.text) refers to d2f.o(x$fpl$d2f) for __aeabi_d2f
    imu_init_position.o(.text) refers to sin.o(i.sin) for sin
    imu_init_position.o(.text) refers to faddsub_clz.o(x$fpl$fadd) for __aeabi_fadd
    imu_init_position.o(.text) refers to atan2.o(i.atan2) for atan2
    imu_init_position.o(.text) refers to fflt_clz.o(x$fpl$fflt) for __aeabi_i2f
    imu_init_position.o(.text) refers to sqrt.o(i.sqrt) for sqrt
    imu_init_position.o(.text) refers to asin.o(i.asin) for asin
    imu_init_position.o(.text) refers to dmul.o(x$fpl$dmul) for __aeabi_dmul
    imu_init_position.o(.text) refers to imu_init_position.o(.data) for Init_Roll
    imu_init_position.o(.text) refers to imu_init_position.o(.bss) for temp_mag
    imu_init_position.o(.text) refers to imu_init_position.o(.constdata) for .constdata
    stm32f10x_gpio.o(.text) refers to stm32f10x_rcc.o(.text) for RCC_APB2PeriphResetCmd
    stm32f10x_rcc.o(.text) refers to stm32f10x_rcc.o(.data) for APBAHBPrescTable
    stm32f10x_usart.o(.text) refers to stm32f10x_rcc.o(.text) for RCC_APB2PeriphResetCmd
    startup_stm32f10x_hd.o(STACK) refers (Special) to heapauxi.o(.text) for __use_two_region_memory
    startup_stm32f10x_hd.o(HEAP) refers (Special) to heapauxi.o(.text) for __use_two_region_memory
    startup_stm32f10x_hd.o(RESET) refers (Special) to heapauxi.o(.text) for __use_two_region_memory
    startup_stm32f10x_hd.o(RESET) refers to startup_stm32f10x_hd.o(STACK) for __initial_sp
    startup_stm32f10x_hd.o(RESET) refers to startup_stm32f10x_hd.o(.text) for Reset_Handler
    startup_stm32f10x_hd.o(RESET) refers to stm32f10x_it.o(.text) for NMI_Handler
    startup_stm32f10x_hd.o(RESET) refers to main.o(.text) for USART1_IRQHandler
    startup_stm32f10x_hd.o(.text) refers (Special) to heapauxi.o(.text) for __use_two_region_memory
    startup_stm32f10x_hd.o(.text) refers to system_stm32f10x.o(.text) for SystemInit
    startup_stm32f10x_hd.o(.text) refers to __main.o(!!!main) for __main
    startup_stm32f10x_hd.o(.text) refers to startup_stm32f10x_hd.o(HEAP) for Heap_Mem
    startup_stm32f10x_hd.o(.text) refers to startup_stm32f10x_hd.o(STACK) for Stack_Mem
    system_stm32f10x.o(.text) refers to system_stm32f10x.o(.data) for SystemCoreClock
    __main.o(!!!main) refers to rtentry.o(.ARM.Collect$$rtentry$$00000000) for __rt_entry
    d2f.o(x$fpl$d2f) refers (Special) to usenofp.o(x$fpl$usenofp) for __I$use$fp
    d2f.o(x$fpl$d2f) refers to fretinf.o(x$fpl$fretinf) for __fpl_fretinf
    d2f.o(x$fpl$d2f) refers to dnaninf.o(x$fpl$dnaninf) for __fpl_dnaninf
    dmul.o(x$fpl$dmul) refers (Special) to usenofp.o(x$fpl$usenofp) for __I$use$fp
    dmul.o(x$fpl$dmul) refers to dretinf.o(x$fpl$dretinf) for __fpl_dretinf
    dmul.o(x$fpl$dmul) refers to dnaninf.o(x$fpl$dnaninf) for __fpl_dnaninf
    f2d.o(x$fpl$f2d) refers (Special) to usenofp.o(x$fpl$usenofp) for __I$use$fp
    f2d.o(x$fpl$f2d) refers to fnaninf.o(x$fpl$fnaninf) for __fpl_fnaninf
    f2d.o(x$fpl$f2d) refers to dretinf.o(x$fpl$dretinf) for __fpl_dretinf
    faddsub_clz.o(x$fpl$fadd) refers (Special) to usenofp.o(x$fpl$usenofp) for __I$use$fp
    faddsub_clz.o(x$fpl$fadd) refers to faddsub_clz.o(x$fpl$fsub) for _fsub1
    faddsub_clz.o(x$fpl$fadd) refers to fretinf.o(x$fpl$fretinf) for __fpl_fretinf
    faddsub_clz.o(x$fpl$fadd) refers to fnaninf.o(x$fpl$fnaninf) for __fpl_fnaninf
[...]
    libinit.o(.ARM.Collect$$libinit$$00000000) refers (Special) to libinit2.o(.ARM.Collect$$libinit$$00000019) for __rt_lib_init_atexit_1
    libinit.o(.ARM.Collect$$libinit$$00000000) refers (Special) to libinit2.o(.ARM.Collect$$libinit$$0000001F) for __rt_lib_init_clock_1
    libinit.o(.ARM.Collect$$libinit$$00000000) refers (Special) to libinit2.o(.ARM.Collect$$libinit$$00000030) for __rt_lib_init_cpp_1
    libinit.o(.ARM.Collect$$libinit$$00000000) refers (Special) to libinit2.o(.ARM.Collect$$libinit$$0000002E) for __rt_lib_init_exceptions_1
    libinit.o(.ARM.Collect$$libinit$$00000000) refers (Special) to libinit2.o(.ARM.Collect$$libinit$$00000002) for __rt_lib_init_fp_1
    libinit.o(.ARM.Collect$$libinit$$00000000) refers (Special) to libinit2.o(.ARM.Collect$$libinit$$0000001D) for __rt_lib_init_fp_trap_1
    libinit.o(.ARM.Collect$$libinit$$00000000) refers (Special) to libinit2.o(.ARM.Collect$$libinit$$00000021) for __rt_lib_init_getenv_1
    libinit.o(.ARM.Collect$$libinit$$00000000) refers (Special) to libinit2.o(.ARM.Collect$$libinit$$00000008) for __rt_lib_init_heap_1
    libinit.o(.ARM.Collect$$libinit$$00000000) refers (Special) to libinit2.o(.ARM.Collect$$libinit$$0000000F) for __rt_lib_init_lc_collate_1
    libinit.o(.ARM.Collect$$libinit$$00000000) refers (Special) to libinit2.o(.ARM.Collect$$libinit$$00000011) for __rt_lib_init_lc_ctype_1
    libinit.o(.ARM.Collect$$libinit$$00000000) refers (Special) to libinit2.o(.ARM.Collect$$libinit$$00000013) for __rt_lib_init_lc_monetary_1
    libinit.o(.ARM.Collect$$libinit$$00000000) refers (Special) to libinit2.o(.ARM.Collect$$libinit$$00000015) for __rt_lib_init_lc_numeric_1
    libinit.o(.ARM.Collect$$libinit$$00000000) refers (Special) to libinit2.o(.ARM.Collect$$libinit$$00000017) for __rt_lib_init_lc_time_1
    libinit.o(.ARM.Collect$$libinit$$00000000) refers (Special) to libinit2.o(.ARM.Collect$$libinit$$0000000C) for __rt_lib_init_rand_1
    libinit.o(.ARM.Collect$$libinit$$00000000) refers (Special) to libinit2.o(.ARM.Collect$$libinit$$00000031) for __rt_lib_init_return
    libinit.o(.ARM.Collect$$libinit$$00000000) refers (Special) to libinit2.o(.ARM.Collect$$libinit$$0000001B) for __rt_lib_init_signal_1
    libinit.o(.ARM.Collect$$libinit$$00000000) refers (Special) to libinit2.o(.ARM.Collect$$libinit$$00000023) for __rt_lib_init_stdio_1
    libinit.o(.ARM.Collect$$libinit$$00000000) refers (Special) to libinit2.o(.ARM.Collect$$libinit$$0000000A) for __rt_lib_init_user_alloc_1
    retnan.o(x$fpl$retnan) refers (Special) to usenofp.o(x$fpl$usenofp) for __I$use$fp
    retnan.o(x$fpl$retnan) refers to trapv.o(x$fpl$trapveneer) for __fpl_cmpreturn
    rtexit.o(.ARM.Collect$$rtexit$$00000000) refers (Special) to rtexit2.o(.ARM.Collect$$rtexit$$00000004) for __rt_exit_exit
    rtexit.o(.ARM.Collect$$rtexit$$00000000) refers (Special) to rtexit2.o(.ARM.Collect$$rtexit$$00000003) for __rt_exit_ls
    rtexit.o(.ARM.Collect$$rtexit$$00000000) refers (Special) to rtexit2.o(.ARM.Collect$$rtexit$$00000002) for __rt_exit_prels_1
    rtexit.o(.ARM.exidx) refers (Special) to rtexit2.o(.ARM.Collect$$rtexit$$00000004) for __rt_exit_exit
    rtexit.o(.ARM.exidx) refers (Special) to rtexit2.o(.ARM.Collect$$rtexit$$00000003) for __rt_exit_ls
    rtexit.o(.ARM.exidx) refers (Special) to rtexit2.o(.ARM.Collect$$rtexit$$00000002) for __rt_exit_prels_1
    rtexit.o(.ARM.exidx) refers to rtexit.o(.ARM.Collect$$rtexit$$00000000) for .ARM.Collect$$rtexit$$00000000
    libinit2.o(.ARM.Collect$$libinit$$0000000E) refers to libinit2.o(.ARM.Collect$$libinit$$0000000D) for .ARM.Collect$$libinit$$0000000D
    libinit2.o(.ARM.Collect$$libinit$$00000010) refers to libinit2.o(.ARM.Collect$$libinit$$0000000D) for .ARM.Collect$$libinit$$0000000D
    libinit2.o(.ARM.Collect$$libinit$$00000012) refers to libinit2.o(.ARM.Collect$$libinit$$0000000D) for .ARM.Collect$$libinit$$0000000D
    libinit2.o(.ARM.Collect$$libinit$$00000014) refers to libinit2.o(.ARM.Collect$$libinit$$0000000D) for .ARM.Collect$$libinit$$0000000D
    libinit2.o(.ARM.Collect$$libinit$$00000016) refers to libinit2.o(.ARM.Collect$$libinit$$0000000D) for .ARM.Collect$$libinit$$0000000D
    libinit2.o(.ARM.Collect$$libinit$$00000024) refers to argv_veneer.o(.emb_text) for __ARM_argv_veneer
    libinit2.o(.ARM.Collect$$libinit$$00000025) refers to argv_veneer.o(.emb_text) for __ARM_argv_veneer
    trapv.o(x$fpl$trapveneer) refers (Special) to usenofp.o(x$fpl$usenofp) for __I$use$fp
    rtexit2.o(.ARM.Collect$$rtexit$$00000003) refers to libshutdown.o(.ARM.Collect$$libshutdown$$00000000) for __rt_lib_shutdown
    rtexit2.o(.ARM.Collect$$rtexit$$00000004) refers to sys_exit.o(.text) for _sys_exit
    rtexit2.o(.ARM.exidx) refers to rtexit2.o(.ARM.Collect$$rtexit$$00000001) for .ARM.Collect$$rtexit$$00000001
    rtexit2.o(.ARM.exidx) refers to rtexit2.o(.ARM.Collect$$rtexit$$00000003) for .ARM.Collect$$rtexit$$00000003
    rtexit2.o(.ARM.exidx) refers to rtexit2.o(.ARM.Collect$$rtexit$$00000004) for .ARM.Collect$$rtexit$$00000004
    argv_veneer.o(.emb_text) refers to no_argv.o(.text) for __ARM_get_argv
    sys_exit.o(.text) refers (Special) to use_no_semi.o(.text) for __I$use$semihosting
    sys_exit.o(.text) refers (Special) to indicate_semi.o(.text) for __semihosting_library_function
    _get_argv_nomalloc.o(.text) refers (Special) to hrguard.o(.text) for __heap_region$guard
    _get_argv_nomalloc.o(.text) refers to defsig_rtmem_outer.o(.text) for __rt_SIGRTMEM
    _get_argv_nomalloc.o(.text) refers to sys_command.o(.text) for _sys_command_string
    libshutdown.o(.ARM.Collect$$libshutdown$$00000000) refers (Special) to libshutdown2.o(.ARM.Collect$$libshutdown$$00000006) for __rt_lib_shutdown_fp_trap_1
    libshutdown.o(.ARM.Collect$$libshutdown$$00000000) refers (Special) to libshutdown2.o(.ARM.Collect$$libshutdown$$0000000E) for __rt_lib_shutdown_heap_1
    libshutdown.o(.ARM.Collect$$libshutdown$$00000000) refers (Special) to libshutdown2.o(.ARM.Collect$$libshutdown$$0000000F) for __rt_lib_shutdown_return
    libshutdown.o(.ARM.Collect$$libshutdown$$00000000) refers (Special) to libshutdown2.o(.ARM.Collect$$libshutdown$$00000009) for __rt_lib_shutdown_signal_1
    libshutdown.o(.ARM.Collect$$libshutdown$$00000000) refers (Special) to libshutdown2.o(.ARM.Collect$$libshutdown$$00000003) for __rt_lib_shutdown_stdio_1
    libshutdown.o(.ARM.Collect$$libshutdown$$00000000) refers (Special) to libshutdown2.o(.ARM.Collect$$libshutdown$$0000000B) for __rt_lib_shutdown_user_alloc_1
    sys_command.o(.text) refers (Special) to use_no_semi.o(.text) for __I$use$semihosting
    sys_command.o(.text) refers (Special) to indicate_semi.o(.text) for __semihosting_library_function
    defsig_rtmem_outer.o(.text) refers to defsig_rtmem_inner.o(.text) for __rt_SIGRTMEM_inner
    defsig_rtmem_outer.o(.text) refers to defsig_exit.o(.text) for __sig_exit
    defsig_rtmem_formal.o(.text) refers to rt_raise.o(.text) for __rt_raise
    rt_raise.o(.text) refers to __raise.o(.text) for __raise
    rt_raise.o(.text) refers to sys_exit.o(.text) for _sys_exit
    defsig_exit.o(.text) refers to sys_exit.o(.text) for _sys_exit
    defsig_rtmem_inner.o(.text) refers to defsig_general.o(.text) for __default_signal_display
    __raise.o(.text) refers to defsig.o(CL$$defsig) for __default_signal_handler
    defsig_general.o(.text) refers to sys_wrch.o(.text) for _ttywrch
    sys_wrch.o(.text) refers (Special) to use_no_semi.o(.text) for __I$use$semihosting
    sys_wrch.o(.text) refers (Special) to indicate_semi.o(.text) for __semihosting_library_function
    defsig.o(CL$$defsig) refers to defsig_rtmem_inner.o(.text) for __rt_SIGRTMEM_inner
    defsig_abrt_inner.o(.text) refers to defsig_general.o(.text) for __default_signal_display
    defsig_fpe_inner.o(.text) refers to defsig_general.o(.text) for __default_signal_display
    defsig_rtred_inner.o(.text) refers to defsig_general.o(.text) for __default_signal_display
    defsig_stak_inner.o(.text) refers to defsig_general.o(.text) for __default_signal_display
    defsig_pvfn_inner.o(.text) refers to defsig_general.o(.text) for __default_signal_display
    defsig_cppl_inner.o(.text) refers to defsig_general.o(.text) for __default_signal_display
    defsig_segv_inner.o(.text) refers to defsig_general.o(.text) for __default_signal_display
    defsig_other.o(.text) refers to defsig_general.o(.text) for __default_signal_display


==============================================================================

Removing Unused input sections from the image.

    Removing stm32f10x_it.o(.emb_text), (2 bytes).
    Removing led.o(.text), (108 bytes).
    Removing mpu9250_driver.o(.bss), (14 bytes).
    Removing mpu9250_driver.o(.data), (30 bytes).
    Removing core_cm3.o(.emb_text), (32 bytes).

5 unused section(s) (total 186 bytes) removed from the image.

==============================================================================

Image Symbol Table

    Local Symbols

    Symbol Name                              Value     Ov Type        Size  Object(Section)

    ../clib/angel/boardlib.s                 0x00000000   Number         0  boardinit1.o ABSOLUTE
    ../clib/angel/boardlib.s                 0x00000000   Number         0  boardinit2.o ABSOLUTE
    ../clib/angel/boardlib.s                 0x00000000   Number         0  boardinit3.o ABSOLUTE
    ../clib/angel/boardlib.s                 0x00000000   Number         0  boardshut.o ABSOLUTE
    ../clib/angel/handlers.s                 0x00000000   Number         0  __scatter_copy.o ABSOLUTE
    ../clib/angel/handlers.s                 0x00000000   Number         0  __scatter_zi.o ABSOLUTE
    ../clib/angel/kernel.s                   0x00000000   Number         0  rtexit.o ABSOLUTE
    ../clib/angel/kernel.s                   0x00000000   Number         0  rtentry4.o ABSOLUTE
    ../clib/angel/kernel.s                   0x00000000   Number         0  rtentry.o ABSOLUTE
    ../clib/angel/kernel.s                   0x00000000   Number         0  rtentry2.o ABSOLUTE
    ../clib/angel/kernel.s                   0x00000000   Number         0  rtexit2.o ABSOLUTE
    ../clib/angel/rt.s                       0x00000000   Number         0  rt_errno_addr_intlibspace.o ABSOLUTE
    ../clib/angel/rt.s                       0x00000000   Number         0  rt_errno_addr.o ABSOLUTE
    ../clib/angel/rt.s                       0x00000000   Number         0  rt_raise.o ABSOLUTE
    ../clib/angel/scatter.s                  0x00000000   Number         0  __scatter.o ABSOLUTE
    ../clib/angel/startup.s                  0x00000000   Number         0  __main.o ABSOLUTE
    ../clib/angel/sys.s                      0x00000000   Number         0  use_no_semi.o ABSOLUTE
    ../clib/angel/sys.s                      0x00000000   Number         0  libspace.o ABSOLUTE
    ../clib/angel/sys.s                      0x00000000   Number         0  sys_stackheap_outer.o ABSOLUTE
    ../clib/angel/sys.s                      0x00000000   Number         0  indicate_semi.o ABSOLUTE
    ../clib/angel/sysapp.c                   0x00000000   Number         0  sys_wrch.o ABSOLUTE
    ../clib/angel/sysapp.c                   0x00000000   Number         0  sys_command.o ABSOLUTE
    ../clib/angel/sysapp.c                   0x00000000   Number         0  sys_exit.o ABSOLUTE
    ../clib/armsys.c                         0x00000000   Number         0  no_argv.o ABSOLUTE
    ../clib/armsys.c                         0x00000000   Number         0  argv_veneer.o ABSOLUTE
    ../clib/armsys.c                         0x00000000   Number         0  argv_veneer.o ABSOLUTE
    ../clib/armsys.c                         0x00000000   Number         0  _get_argv_nomalloc.o ABSOLUTE
    ../clib/fenv.c                           0x00000000   Number         0  _rserrno.o ABSOLUTE
    ../clib/heapalloc.c                      0x00000000   Number         0  hrguard.o ABSOLUTE
    ../clib/heapaux.c                        0x00000000   Number         0  heapauxi.o ABSOLUTE
    ../clib/libinit.s                        0x00000000   Number         0  libshutdown2.o ABSOLUTE
    ../clib/libinit.s                        0x00000000   Number         0  libshutdown.o ABSOLUTE
    ../clib/libinit.s                        0x00000000   Number         0  libinit.o ABSOLUTE
    ../clib/libinit.s                        0x00000000   Number         0  libinit2.o ABSOLUTE
    ../clib/memcpset.s                       0x00000000   Number         0  rt_memclr_w.o ABSOLUTE
    ../clib/signal.c                         0x00000000   Number         0  defsig_rtmem_outer.o ABSOLUTE
    ../clib/signal.c                         0x00000000   Number         0  defsig_other.o ABSOLUTE
    ../clib/signal.c                         0x00000000   Number         0  defsig_segv_inner.o ABSOLUTE
    ../clib/signal.c                         0x00000000   Number         0  defsig_rtmem_formal.o ABSOLUTE
    ../clib/signal.c                         0x00000000   Number         0  defsig_cppl_inner.o ABSOLUTE
    ../clib/signal.c                         0x00000000   Number         0  defsig_pvfn_inner.o ABSOLUTE
    ../clib/signal.c                         0x00000000   Number         0  defsig_stak_inner.o ABSOLUTE
    ../clib/signal.c                         0x00000000   Number         0  defsig_rtred_inner.o ABSOLUTE
    ../clib/signal.c                         0x00000000   Number         0  defsig_abrt_inner.o ABSOLUTE
    ../clib/signal.c                         0x00000000   Number         0  defsig_fpe_inner.o ABSOLUTE
    ../clib/signal.c                         0x00000000   Number         0  defsig_general.o ABSOLUTE
    ../clib/signal.c                         0x00000000   Number         0  __raise.o ABSOLUTE
    ../clib/signal.c                         0x00000000   Number         0  defsig_rtmem_inner.o ABSOLUTE
    ../clib/signal.c                         0x00000000   Number         0  defsig_exit.o ABSOLUTE
    ../clib/signal.s                         0x00000000   Number         0  defsig.o ABSOLUTE
    ../clib/stdlib.c                         0x00000000   Number         0  exit.o ABSOLUTE
    ../fplib/d2f.s                           0x00000000   Number         0  d2f.o ABSOLUTE
    ../fplib/daddsub.s                       0x00000000   Number         0  daddsub_clz.o ABSOLUTE
    ../fplib/dcheck1.s                       0x00000000   Number         0  dcheck1.o ABSOLUTE
    ../fplib/dcmpi.s                         0x00000000   Number         0  dcmpi.o ABSOLUTE
    ../fplib/ddiv.s                          0x00000000   Number         0  ddiv.o ABSOLUTE
    ../fplib/dfix.s                          0x00000000   Number         0  dfix.o ABSOLUTE
    ../fplib/dflt.s                          0x00000000   Number         0  dflt_clz.o ABSOLUTE
    ../fplib/dleqf.s                         0x00000000   Number         0  dleqf.o ABSOLUTE
    ../fplib/dmul.s                          0x00000000   Number         0  dmul.o ABSOLUTE
    ../fplib/dnaninf.s                       0x00000000   Number         0  dnaninf.o ABSOLUTE
    ../fplib/dretinf.s                       0x00000000   Number         0  dretinf.o ABSOLUTE
    ../fplib/dsqrt.s                         0x00000000   Number         0  dsqrt_noumaal.o ABSOLUTE
    ../fplib/f2d.s                           0x00000000   Number         0  f2d.o ABSOLUTE
    ../fplib/faddsub.s                       0x00000000   Number         0  faddsub_clz.o ABSOLUTE
    ../fplib/ffix.s                          0x00000000   Number         0  ffix.o ABSOLUTE
    ../fplib/fflt.s                          0x00000000   Number         0  fflt_clz.o ABSOLUTE
    ../fplib/fmul.s                          0x00000000   Number         0  fmul.o ABSOLUTE
    ../fplib/fnaninf.s                       0x00000000   Number         0  fnaninf.o ABSOLUTE
    ../fplib/fpinit.s                        0x00000000   Number         0  fpinit.o ABSOLUTE
    ../fplib/fretinf.s                       0x00000000   Number         0  fretinf.o ABSOLUTE
    ../fplib/retnan.s                        0x00000000   Number         0  retnan.o ABSOLUTE
    ../fplib/scalbn.s                        0x00000000   Number         0  scalbn.o ABSOLUTE
    ../fplib/trapv.s                         0x00000000   Number         0  trapv.o ABSOLUTE
    ../fplib/usenofp.s                       0x00000000   Number         0  usenofp.o ABSOLUTE
    ../mathlib/asin.c                        0x00000000   Number         0  asin.o ABSOLUTE
    ../mathlib/asin.c                        0x00000000   Number         0  asin_x.o ABSOLUTE
    ../mathlib/atan.c                        0x00000000   Number         0  atan.o ABSOLUTE
    ../mathlib/atan.c                        0x00000000   Number         0  atan_x.o ABSOLUTE
    ../mathlib/atan2.c                       0x00000000   Number         0  atan2_x.o ABSOLUTE
    ../mathlib/atan2.c                       0x00000000   Number         0  atan2.o ABSOLUTE
    ../mathlib/cos.c                         0x00000000   Number         0  cos_x.o ABSOLUTE
    ../mathlib/cos.c                         0x00000000   Number         0  cos.o ABSOLUTE
    ../mathlib/cos_i.c                       0x00000000   Number         0  cos_i.o ABSOLUTE
    ../mathlib/dunder.c                      0x00000000   Number         0  dunder.o ABSOLUTE
    ../mathlib/fpclassify.c                  0x00000000   Number         0  fpclassify.o ABSOLUTE
    ../mathlib/poly.c                        0x00000000   Number         0  poly.o ABSOLUTE
    ../mathlib/qnan.c                        0x00000000   Number         0  qnan.o ABSOLUTE
    ../mathlib/rred.c                        0x00000000   Number         0  rred.o ABSOLUTE
    ../mathlib/sin.c                         0x00000000   Number         0  sin.o ABSOLUTE
    ../mathlib/sin.c                         0x00000000   Number         0  sin_x.o ABSOLUTE
    ../mathlib/sin_i.c                       0x00000000   Number         0  sin_i_x.o ABSOLUTE
    ../mathlib/sin_i.c                       0x00000000   Number         0  sin_i.o ABSOLUTE
    ../mathlib/sqrt.c                        0x00000000   Number         0  sqrt.o ABSOLUTE
    ../mathlib/sqrt.c                        0x00000000   Number         0  sqrt_x.o ABSOLUTE
    ..\CMSIS\core_cm3.c                      0x00000000   Number         0  core_cm3.o ABSOLUTE
    ..\CMSIS\startup_stm32f10x_hd.s          0x00000000   Number         0  startup_stm32f10x_hd.o ABSOLUTE
    ..\CMSIS\system_stm32f10x.c              0x00000000   Number         0  system_stm32f10x.o ABSOLUTE
    ..\LIB\src\misc.c                        0x00000000   Number         0  misc.o ABSOLUTE
    ..\LIB\src\stm32f10x_gpio.c              0x00000000   Number         0  stm32f10x_gpio.o ABSOLUTE
    ..\LIB\src\stm32f10x_rcc.c               0x00000000   Number         0  stm32f10x_rcc.o ABSOLUTE
    ..\LIB\src\stm32f10x_usart.c             0x00000000   Number         0  stm32f10x_usart.o ABSOLUTE
    ..\\CMSIS\\core_cm3.c                    0x00000000   Number         0  core_cm3.o ABSOLUTE
    Imu_Init_Position.c                      0x00000000   Number         0  imu_init_position.o ABSOLUTE
    Systick.c                                0x00000000   Number         0  systick.o ABSOLUTE
    dc.s                                     0x00000000   Number         0  dc.o ABSOLUTE
    inv_imu_app.c                            0x00000000   Number         0  inv_imu_app.o ABSOLUTE
    led.c                                    0x00000000   Number         0  led.o ABSOLUTE
    main.c                                   0x00000000   Number         0  main.o ABSOLUTE
    mpu9250_driver.c                         0x00000000   Number         0  mpu9250_driver.o ABSOLUTE
    stm32f10x_it.c                           0x00000000   Number         0  stm32f10x_it.o ABSOLUTE
    stm32f10x_it.c                           0x00000000   Number         0  stm32f10x_it.o ABSOLUTE
    RESET                                    0x08000000   Section      304  startup_stm32f10x_hd.o(RESET)
    !!!main                                  0x08000130   Section        8  __main.o(!!!main)
    !!!scatter                               0x08000138   Section       52  __scatter.o(!!!scatter)
    !!handler_copy                           0x0800016c   Section       26  __scatter_copy.o(!!handler_copy)
    !!handler_zi                             0x08000188   Section       28  __scatter_zi.o(!!handler_zi)
    .ARM.Collect$$libinit$$00000000          0x080001a4   Section        2  libinit.o(.ARM.Collect$$libinit$$00000000)
    .ARM.Collect$$libinit$$00000002          0x080001a6   Section        0  libinit2.o(.ARM.Collect$$libinit$$00000002)
    .ARM.Collect$$libinit$$00000008          0x080001a6   Section        0  libinit2.o(.ARM.Collect$$libinit$$00000008)
    .ARM.Collect$$libinit$$0000000A          0x080001a6   Section        0  libinit2.o(.ARM.Collect$$libinit$$0000000A)
    .ARM.Collect$$libinit$$0000000C          0x080001a6   Section        0  libinit2.o(.ARM.Collect$$libinit$$0000000C)
    .ARM.Collect$$libinit$$0000000F          0x080001a6   Section        0  libinit2.o(.ARM.Collect$$libinit$$0000000F)
    .ARM.Collect$$libinit$$00000011          0x080001a6   Section        0  libinit2.o(.ARM.Collect$$libinit$$00000011)
    .ARM.Collect$$libinit$$00000013          0x080001a6   Section        0  libinit2.o(.ARM.Collect$$libinit$$00000013)
    .ARM.Collect$$libinit$$00000015          0x080001a6   Section        0  libinit2.o(.ARM.Collect$$libinit$$00000015)
    .ARM.Collect$$libinit$$00000017          0x080001a6   Section        0  libinit2.o(.ARM.Collect$$libinit$$00000017)
    .ARM.Collect$$libinit$$00000019          0x080001a6   Section        0  libinit2.o(.ARM.Collect$$libinit$$00000019)
    .ARM.Collect$$libinit$$0000001B          0x080001a6   Section        0  libinit2.o(.ARM.Collect$$libinit$$0000001B)
    .ARM.Collect$$libinit$$0000001D          0x080001a6   Section        0  libinit2.o(.ARM.Collect$$libinit$$0000001D)
    .ARM.Collect$$libinit$$0000001F          0x080001a6   Section        0  libinit2.o(.ARM.Collect$$libinit$$0000001F)
    .ARM.Collect$$libinit$$00000021          0x080001a6   Section        0  libinit2.o(.ARM.Collect$$libinit$$00000021)
    .ARM.Collect$$libinit$$00000023          0x080001a6   Section        0  libinit2.o(.ARM.Collect$$libinit$$00000023)
    .ARM.Collect$$libinit$$0000002A          0x080001a6   Section        0  libinit2.o(.ARM.Collect$$libinit$$0000002A)
    .ARM.Collect$$libinit$$0000002C          0x080001a6   Section        0  libinit2.o(.ARM.Collect$$libinit$$0000002C)
    .ARM.Collect$$libinit$$0000002E          0x080001a6   Section        0  libinit2.o(.ARM.Collect$$libinit$$0000002E)
    .ARM.Collect$$libinit$$00000030          0x080001a6   Section        0  libinit2.o(.ARM.Collect$$libinit$$00000030)
    .ARM.Collect$$libinit$$00000031          0x080001a6   Section        2  libinit2.o(.ARM.Collect$$libinit$$00000031)
    .ARM.Collect$$libshutdown$$00000000      0x080001a8   Section        2  libshutdown.o(.ARM.Collect$$libshutdown$$00000000)
    .ARM.Collect$$libshutdown$$00000003      0x080001aa   Section        0  libshutdown2.o(.ARM.Collect$$libshutdown$$00000003)
    .ARM.Collect$$libshutdown$$00000006      0x080001aa   Section        0  libshutdown2.o(.ARM.Collect$$libshutdown$$00000006)
    .ARM.Collect$$libshutdown$$00000009      0x080001aa   Section        0  libshutdown2.o(.ARM.Collect$$libshutdown$$00000009)
    .ARM.Collect$$libshutdown$$0000000B      0x080001aa   Section        0  libshutdown2.o(.ARM.Collect$$libshutdown$$0000000B)
    .ARM.Collect$$libshutdown$$0000000E      0x080001aa   Section        0  libshutdown2.o(.ARM.Collect$$libshutdown$$0000000E)
    .ARM.Collect$$libshutdown$$0000000F      0x080001aa   Section        2  libshutdown2.o(.ARM.Collect$$libshutdown$$0000000F)
    .ARM.Collect$$rtentry$$00000000          0x080001ac   Section        0  rtentry.o(.ARM.Collect$$rtentry$$00000000)
    .ARM.Collect$$rtentry$$00000002          0x080001ac   Section        0  rtentry2.o(.ARM.Collect$$rtentry$$00000002)
    .ARM.Collect$$rtentry$$00000004          0x080001ac   Section        6  rtentry4.o(.ARM.Collect$$rtentry$$00000004)
    .ARM.Collect$$rtentry$$00000009          0x080001b2   Section        0  rtentry2.o(.ARM.Collect$$rtentry$$00000009)
    .ARM.Collect$$rtentry$$0000000A          0x080001b2   Section        4  rtentry2.o(.ARM.Collect$$rtentry$$0000000A)
    .ARM.Collect$$rtentry$$0000000C          0x080001b6   Section        0  rtentry2.o(.ARM.Collect$$rtentry$$0000000C)
    .ARM.Collect$$rtentry$$0000000D          0x080001b6   Section        8  rtentry2.o(.ARM.Collect$$rtentry$$0000000D)
    .ARM.Collect$$rtexit$$00000000           0x080001be   Section        2  rtexit.o(.ARM.Collect$$rtexit$$00000000)
    .ARM.Collect$$rtexit$$00000002           0x080001c0   Section        0  rtexit2.o(.ARM.Collect$$rtexit$$00000002)
    .ARM.Collect$$rtexit$$00000003           0x080001c0   Section        4  rtexit2.o(.ARM.Collect$$rtexit$$00000003)
    .ARM.Collect$$rtexit$$00000004           0x080001c4   Section        6  rtexit2.o(.ARM.Collect$$rtexit$$00000004)
    .text                                    0x080001cc   Section        0  main.o(.text)
    .text                                    0x08000ab0   Section        0  stm32f10x_it.o(.text)
    .text                                    0x08000ad0   Section        0  systick.o(.text)
    .text                                    0x08000b84   Section        0  imu_init_position.o(.text)
    .text                                    0x08001058   Section        0  mpu9250_driver.o(.text)
    .text                                    0x08001580   Section        0  misc.o(.text)
    .text                                    0x0800165c   Section        0  stm32f10x_gpio.o(.text)
    .text                                    0x080019b8   Section        0  stm32f10x_rcc.o(.text)
    .text                                    0x08001d5c   Section        0  stm32f10x_usart.o(.text)
    .text                                    0x08002164   Section       64  startup_stm32f10x_hd.o(.text)
    .text                                    0x080021a4   Section        0  system_stm32f10x.o(.text)
    SetSysClockTo72                          0x080021a5   Thumb Code   214  system_stm32f10x.o(.text)
    SetSysClock                              0x0800227b   Thumb Code     8  system_stm32f10x.o(.text)
    .text                                    0x08002384   Section       78  rt_memclr_w.o(.text)
    .text                                    0x080023d2   Section        0  heapauxi.o(.text)
    .text                                    0x080023d8   Section        0  _rserrno.o(.text)
    .text                                    0x080023f0   Section        8  rt_errno_addr_intlibspace.o(.text)
    .text                                    0x080023f8   Section        8  libspace.o(.text)
    .text                                    0x08002400   Section       74  sys_stackheap_outer.o(.text)
    .text                                    0x0800244a   Section        0  exit.o(.text)
    .text                                    0x08002458   Section        0  sys_exit.o(.text)
    .text                                    0x08002464   Section        2  use_no_semi.o(.text)
    .text                                    0x08002466   Section        0  indicate_semi.o(.text)
    i.__ARM_fpclassify                       0x08002466   Section        0  fpclassify.o(i.__ARM_fpclassify)
    i.__ieee754_rem_pio2                     0x08002490   Section        0  rred.o(i.__ieee754_rem_pio2)
    i.__kernel_cos                           0x08002818   Section        0  cos_i.o(i.__kernel_cos)
    i.__kernel_poly                          0x08002914   Section        0  poly.o(i.__kernel_poly)
    i.__kernel_sin                           0x080029c0   Section        0  sin_i.o(i.__kernel_sin)
    i.__mathlib_dbl_underflow                0x08002aac   Section        0  dunder.o(i.__mathlib_dbl_underflow)
    i.asin                                   0x08002abc   Section        0  asin.o(i.asin)
    i.atan                                   0x08002d38   Section        0  atan.o(i.atan)
    i.atan2                                  0x08002f5c   Section        0  atan2.o(i.atan2)
    i.cos                                    0x080030dc   Section        0  cos.o(i.cos)
    i.sin                                    0x08003188   Section        0  sin.o(i.sin)
    i.sqrt                                   0x08003238   Section        0  sqrt.o(i.sqrt)
    x$fpl$d2f                                0x08003284   Section       98  d2f.o(x$fpl$d2f)
    x$fpl$dadd                               0x080032e8   Section      336  daddsub_clz.o(x$fpl$dadd)
    _dadd1                                   0x080032f9   Thumb Code     0  daddsub_clz.o(x$fpl$dadd)
    x$fpl$dcheck1                            0x08003438   Section       16  dcheck1.o(x$fpl$dcheck1)
    x$fpl$ddiv                               0x08003448   Section      688  ddiv.o(x$fpl$ddiv)
    ddiv_entry                               0x0800344f   Thumb Code     0  ddiv.o(x$fpl$ddiv)
    x$fpl$dfix                               0x080036f8   Section       94  dfix.o(x$fpl$dfix)
    x$fpl$dflt                               0x08003756   Section       46  dflt_clz.o(x$fpl$dflt)
    x$fpl$dfltu                              0x08003784   Section       38  dflt_clz.o(x$fpl$dfltu)
    x$fpl$dmul                               0x080037ac   Section      340  dmul.o(x$fpl$dmul)
    x$fpl$dnaninf                            0x08003900   Section      156  dnaninf.o(x$fpl$dnaninf)
    x$fpl$dretinf                            0x0800399c   Section       12  dretinf.o(x$fpl$dretinf)
    x$fpl$drsb                               0x080039a8   Section       22  daddsub_clz.o(x$fpl$drsb)
    x$fpl$dsqrt                              0x080039c0   Section      460  dsqrt_noumaal.o(x$fpl$dsqrt)
    x$fpl$dsub                               0x08003b8c   Section      468  daddsub_clz.o(x$fpl$dsub)
    _dsub1                                   0x08003b9d   Thumb Code     0  daddsub_clz.o(x$fpl$dsub)
    x$fpl$f2d                                0x08003d60   Section       86  f2d.o(x$fpl$f2d)
    x$fpl$fadd                               0x08003db8   Section      196  faddsub_clz.o(x$fpl$fadd)
    _fadd1                                   0x08003dc7   Thumb Code     0  faddsub_clz.o(x$fpl$fadd)
    x$fpl$ffix                               0x08003e7c   Section       54  ffix.o(x$fpl$ffix)
    x$fpl$fflt                               0x08003eb4   Section       48  fflt_clz.o(x$fpl$fflt)
    x$fpl$fmul                               0x08003ee4   Section      258  fmul.o(x$fpl$fmul)
    x$fpl$fnaninf                            0x08003fe6   Section      140  fnaninf.o(x$fpl$fnaninf)
    x$fpl$fretinf                            0x08004072   Section       10  fretinf.o(x$fpl$fretinf)
    x$fpl$fsub                               0x0800407c   Section      234  faddsub_clz.o(x$fpl$fsub)
    _fsub1                                   0x0800408b   Thumb Code     0  faddsub_clz.o(x$fpl$fsub)
    x$fpl$retnan                             0x08004166   Section      100  retnan.o(x$fpl$retnan)
    x$fpl$scalbn                             0x080041ca   Section       92  scalbn.o(x$fpl$scalbn)
    x$fpl$trapveneer                         0x08004226   Section       48  trapv.o(x$fpl$trapveneer)
    x$fpl$usenofp                            0x08004256   Section        0  usenofp.o(x$fpl$usenofp)
    .constdata                               0x08004258   Section       12  imu_init_position.o(.constdata)
    .constdata                               0x08004268   Section       80  asin.o(.constdata)
    pS                                       0x08004268   Data          48  asin.o(.constdata)
    qS                                       0x08004298   Data          32  asin.o(.constdata)
    .constdata                               0x080042b8   Section      152  atan.o(.constdata)
    atanhi                                   0x080042b8   Data          32  atan.o(.constdata)
    atanlo                                   0x080042d8   Data          32  atan.o(.constdata)
    aTodd                                    0x080042f8   Data          40  atan.o(.constdata)
    aTeven                                   0x08004320   Data          48  atan.o(.constdata)
    .constdata                               0x08004350   Section       48  cos_i.o(.constdata)
    C                                        0x08004350   Data          48  cos_i.o(.constdata)
    .constdata                               0x08004380   Section        8  qnan.o(.constdata)
    .constdata                               0x08004388   Section      200  rred.o(.constdata)
    pio2s                                    0x08004388   Data          48  rred.o(.constdata)
    twooverpi                                0x080043b8   Data         152  rred.o(.constdata)
    .constdata                               0x08004450   Section       40  sin_i.o(.constdata)
    S                                        0x08004450   Data          40  sin_i.o(.constdata)
    .data                                    0x20000000   Section       96  main.o(.data)
    i                                        0x2000005e   Data           1  main.o(.data)
    sum                                      0x2000005f   Data           1  main.o(.data)
    .data                                    0x20000060   Section        4  systick.o(.data)
    TimingDelay                              0x20000060   Data           4  systick.o(.data)
    .data                                    0x20000064   Section       52  imu_init_position.o(.data)
    Init_Pitch                               0x20000064   Data           4  imu_init_position.o(.data)
    Init_Roll                                0x20000068   Data           4  imu_init_position.o(.data)
    Init_Yaw                                 0x2000006c   Data           4  imu_init_position.o(.data)
    .data                                    0x20000098   Section       20  stm32f10x_rcc.o(.data)
    APBAHBPrescTable                         0x20000098   Data          16  stm32f10x_rcc.o(.data)
    ADCPrescTable                            0x200000a8   Data           4  stm32f10x_rcc.o(.data)
    .data                                    0x200000ac   Section       20  system_stm32f10x.o(.data)
    .bss                                     0x200000c0   Section      524  main.o(.bss)
    .bss                                     0x200002cc   Section       36  imu_init_position.o(.bss)
    .bss                                     0x200002f0   Section       96  libspace.o(.bss)
    HEAP                                     0x20000350   Section     1024  startup_stm32f10x_hd.o(HEAP)
    Heap_Mem                                 0x20000350   Data        1024  startup_stm32f10x_hd.o(HEAP)
    STACK                                    0x20000750   Section     1024  startup_stm32f10x_hd.o(STACK)
    Stack_Mem                                0x20000750   Data        1024  startup_stm32f10x_hd.o(STACK)
    __initial_sp                             0x20000b50   Data           0  startup_stm32f10x_hd.o(STACK)

    Global Symbols

    Symbol Name                              Value     Ov Type        Size  Object(Section)

    BuildAttributes$$THM_ISAv4$P$D$K$B$S$PE$A:L22UL41UL21$X:L11$S22US41US21$IEEE1$IW$USESV6$~STKCKD$USESV7$~SHL$OTIME$ROPI$IEEEX$EBA8$UX$STANDARDLIB$REQ8$PRES8$EABIv2 0x00000000   Number         0  anon$$obj.o ABSOLUTE
    __ARM_use_no_argv                        0x00000000   Number         0  main.o ABSOLUTE
    __ARM_exceptions_init                     - Undefined Weak Reference
    __alloca_initialize                       - Undefined Weak Reference
    __cpp_initialize__aeabi_                  - Undefined Weak Reference
    __cxa_finalize                            - Undefined Weak Reference
    __rt_locale                               - Undefined Weak Reference
    __sigvec_lookup                           - Undefined Weak Reference
    _atexit_init                              - Undefined Weak Reference
    _call_atexit_fns                          - Undefined Weak Reference
    _clock_init                               - Undefined Weak Reference
    _fp_trap_init                             - Undefined Weak Reference
    _fp_trap_shutdown                         - Undefined Weak Reference
    _get_lc_collate                           - Undefined Weak Reference
    _get_lc_ctype                             - Undefined Weak Reference
    _get_lc_monetary                          - Undefined Weak Reference
    _get_lc_numeric                           - Undefined Weak Reference
    _get_lc_time                              - Undefined Weak Reference
    _getenv_init                              - Undefined Weak Reference
    _handle_redirection                       - Undefined Weak Reference
    _init_alloc                               - Undefined Weak Reference
    _init_user_alloc                          - Undefined Weak Reference
    _initio                                   - Undefined Weak Reference
    _rand_init                                - Undefined Weak Reference
    _signal_finish                            - Undefined Weak Reference
    _signal_init                              - Undefined Weak Reference
    _terminate_alloc                          - Undefined Weak Reference
    _terminate_user_alloc                     - Undefined Weak Reference
    _terminateio                              - Undefined Weak Reference
    __Vectors_Size                           0x00000130   Number         0  startup_stm32f10x_hd.o ABSOLUTE
    __Vectors                                0x08000000   Data           4  startup_stm32f10x_hd.o(RESET)
    __Vectors_End                            0x08000130   Data           0  startup_stm32f10x_hd.o(RESET)
    __main                                   0x08000131   Thumb Code     8  __main.o(!!!main)
    __scatterload                            0x08000139   Thumb Code     0  __scatter.o(!!!scatter)
    __scatterload_rt2                        0x08000139   Thumb Code    44  __scatter.o(!!!scatter)
    __scatterload_rt2_thumb_only             0x08000139   Thumb Code     0  __scatter.o(!!!scatter)
    __scatterload_null                       0x08000147   Thumb Code     0  __scatter.o(!!!scatter)
    __scatterload_copy                       0x0800016d   Thumb Code    26  __scatter_copy.o(!!handler_copy)
    __scatterload_zeroinit                   0x08000189   Thumb Code    28  __scatter_zi.o(!!handler_zi)
    __rt_lib_init                            0x080001a5   Thumb Code     0  libinit.o(.ARM.Collect$$libinit$$00000000)
    __rt_lib_init_alloca_1                   0x080001a7   Thumb Code     0  libinit2.o(.ARM.Collect$$libinit$$0000002C)
    __rt_lib_init_argv_1                     0x080001a7   Thumb Code     0  libinit2.o(.ARM.Collect$$libinit$$0000002A)
    __rt_lib_init_atexit_1                   0x080001a7   Thumb Code     0  libinit2.o(.ARM.Collect$$libinit$$00000019)
    __rt_lib_init_clock_1                    0x080001a7   Thumb Code     0  libinit2.o(.ARM.Collect$$libinit$$0000001F)
    __rt_lib_init_cpp_1                      0x080001a7   Thumb Code     0  libinit2.o(.ARM.Collect$$libinit$$00000030)
    __rt_lib_init_exceptions_1               0x080001a7   Thumb Code     0  libinit2.o(.ARM.Collect$$libinit$$0000002E)
    __rt_lib_init_fp_1                       0x080001a7   Thumb Code     0  libinit2.o(.ARM.Collect$$libinit$$00000002)
    __rt_lib_init_fp_trap_1                  0x080001a7   Thumb Code     0  libinit2.o(.ARM.Collect$$libinit$$0000001D)
    __rt_lib_init_getenv_1                   0x080001a7   Thumb Code     0  libinit2.o(.ARM.Collect$$libinit$$00000021)
    __rt_lib_init_heap_1                     0x080001a7   Thumb Code     0  libinit2.o(.ARM.Collect$$libinit$$00000008)
    __rt_lib_init_lc_collate_1               0x080001a7   Thumb Code     0  libinit2.o(.ARM.Collect$$libinit$$0000000F)
    __rt_lib_init_lc_ctype_1                 0x080001a7   Thumb Code     0  libinit2.o(.ARM.Collect$$libinit$$00000011)
    __rt_lib_init_lc_monetary_1              0x080001a7   Thumb Code     0  libinit2.o(.ARM.Collect$$libinit$$00000013)
    __rt_lib_init_lc_numeric_1               0x080001a7   Thumb Code     0  libinit2.o(.ARM.Collect$$libinit$$00000015)
    __rt_lib_init_lc_time_1                  0x080001a7   Thumb Code     0  libinit2.o(.ARM.Collect$$libinit$$00000017)
    __rt_lib_init_rand_1                     0x080001a7   Thumb Code     0  libinit2.o(.ARM.Collect$$libinit$$0000000C)
    __rt_lib_init_return                     0x080001a7   Thumb Code     0  libinit2.o(.ARM.Collect$$libinit$$00000031)
    __rt_lib_init_signal_1                   0x080001a7   Thumb Code     0  libinit2.o(.ARM.Collect$$libinit$$0000001B)
    __rt_lib_init_stdio_1                    0x080001a7   Thumb Code     0  libinit2.o(.ARM.Collect$$libinit$$00000023)
    __rt_lib_init_user_alloc_1               0x080001a7   Thumb Code     0  libinit2.o(.ARM.Collect$$libinit$$0000000A)
    __rt_lib_shutdown                        0x080001a9   Thumb Code     0  libshutdown.o(.ARM.Collect$$libshutdown$$00000000)
    __rt_lib_shutdown_fp_trap_1              0x080001ab   Thumb Code     0  libshutdown2.o(.ARM.Collect$$libshutdown$$00000006)
    __rt_lib_shutdown_heap_1                 0x080001ab   Thumb Code     0  libshutdown2.o(.ARM.Collect$$libshutdown$$0000000E)
    __rt_lib_shutdown_return                 0x080001ab   Thumb Code     0  libshutdown2.o(.ARM.Collect$$libshutdown$$0000000F)
    __rt_lib_shutdown_signal_1               0x080001ab   Thumb Code     0  libshutdown2.o(.ARM.Collect$$libshutdown$$00000009)
    __rt_lib_shutdown_stdio_1                0x080001ab   Thumb Code     0  libshutdown2.o(.ARM.Collect$$libshutdown$$00000003)
    __rt_lib_shutdown_user_alloc_1           0x080001ab   Thumb Code     0  libshutdown2.o(.ARM.Collect$$libshutdown$$0000000B)
    __rt_entry                               0x080001ad   Thumb Code     0  rtentry.o(.ARM.Collect$$rtentry$$00000000)
    __rt_entry_presh_1                       0x080001ad   Thumb Code     0  rtentry2.o(.ARM.Collect$$rtentry$$00000002)
    __rt_entry_sh                            0x080001ad   Thumb Code     0  rtentry4.o(.ARM.Collect$$rtentry$$00000004)
    __rt_entry_li                            0x080001b3   Thumb Code     0  rtentry2.o(.ARM.Collect$$rtentry$$0000000A)
    __rt_entry_postsh_1                      0x080001b3   Thumb Code     0  rtentry2.o(.ARM.Collect$$rtentry$$00000009)
    __rt_entry_main                          0x080001b7   Thumb Code     0  rtentry2.o(.ARM.Collect$$rtentry$$0000000D)
    __rt_entry_postli_1                      0x080001b7   Thumb Code     0  rtentry2.o(.ARM.Collect$$rtentry$$0000000C)
    __rt_exit                                0x080001bf   Thumb Code     0  rtexit.o(.ARM.Collect$$rtexit$$00000000)
    __rt_exit_ls                             0x080001c1   Thumb Code     0  rtexit2.o(.ARM.Collect$$rtexit$$00000003)
    __rt_exit_prels_1                        0x080001c1   Thumb Code     0  rtexit2.o(.ARM.Collect$$rtexit$$00000002)
    __rt_exit_exit                           0x080001c5   Thumb Code     0  rtexit2.o(.ARM.Collect$$rtexit$$00000004)
    USART_NVIC_Configuration                 0x080001cd   Thumb Code    70  main.o(.text)
    USART1_Config                            0x08000213   Thumb Code   126  main.o(.text)
    USART2_Config                            0x08000291   Thumb Code   128  main.o(.text)
    USART2_IRQHandler                        0x08000311   Thumb Code   156  main.o(.text)
    USART1_IRQHandler                        0x080003ad   Thumb Code    62  main.o(.text)
    Send_Data                                0x080003eb   Thumb Code   360  main.o(.text)
    Data_Send_Status                         0x08000553   Thumb Code   374  main.o(.text)
    main                                     0x080006c9   Thumb Code   878  main.o(.text)
    NMI_Handler                              0x08000ab1   Thumb Code     2  stm32f10x_it.o(.text)
    HardFault_Handler                        0x08000ab3   Thumb Code     4  stm32f10x_it.o(.text)
    MemManage_Handler                        0x08000ab7   Thumb Code     4  stm32f10x_it.o(.text)
    BusFault_Handler                         0x08000abb   Thumb Code     4  stm32f10x_it.o(.text)
    UsageFault_Handler                       0x08000abf   Thumb Code     4  stm32f10x_it.o(.text)
    SVC_Handler                              0x08000ac3   Thumb Code     2  stm32f10x_it.o(.text)
    DebugMon_Handler                         0x08000ac5   Thumb Code     2  stm32f10x_it.o(.text)
    PendSV_Handler                           0x08000ac7   Thumb Code     2  stm32f10x_it.o(.text)
    SysTick_Handler                          0x08000ac9   Thumb Code     8  stm32f10x_it.o(.text)
    SysTick_Init                             0x08000ad1   Thumb Code   106  systick.o(.text)
    Delay_us                                 0x08000b3b   Thumb Code    36  systick.o(.text)
    TimingDelay_Decrement                    0x08000b5f   Thumb Code    18  systick.o(.text)
    Vector_Cross_Product                     0x08000b85   Thumb Code    98  imu_init_position.o(.text)
    Compass_Heading                          0x08000be7   Thumb Code   242  imu_init_position.o(.text)
    init_rotation_matrix                     0x08000cd9   Thumb Code   354  imu_init_position.o(.text)
    reset_sensor_fusion                      0x08000e3b   Thumb Code   520  imu_init_position.o(.text)
    Soft_Delay                               0x08001059   Thumb Code    12  mpu9250_driver.o(.text)
    Soft_I2C_Delay                           0x08001065   Thumb Code    12  mpu9250_driver.o(.text)
    Soft_I2C_Start                           0x08001071   Thumb Code    62  mpu9250_driver.o(.text)
    Soft_I2C_Stop                            0x080010af   Thumb Code    68  mpu9250_driver.o(.text)
    Soft_I2C_Initial                         0x080010f3   Thumb Code    62  mpu9250_driver.o(.text)
    Soft_I2C_Write_Byte                      0x08001131   Thumb Code   104  mpu9250_driver.o(.text)
    Soft_I2C_Read_Byte                       0x08001199   Thumb Code    98  mpu9250_driver.o(.text)
    Soft_I2C_Wait_ACK                        0x080011fb   Thumb Code    98  mpu9250_driver.o(.text)
    Soft_I2C_Send_ACK                        0x0800125d   Thumb Code    90  mpu9250_driver.o(.text)
    Soft_I2C_Write_Device_Register           0x080012b7   Thumb Code    48  mpu9250_driver.o(.text)
    Soft_I2C_Read_Data                       0x080012e7   Thumb Code    92  mpu9250_driver.o(.text)
    I2C_ByteRead                             0x08001343   Thumb Code    24  mpu9250_driver.o(.text)
    AK8963_Initial                           0x0800135b   Thumb Code    46  mpu9250_driver.o(.text)
    MPU9250_Initial                          0x08001389   Thumb Code    62  mpu9250_driver.o(.text)
    READ_MPU9250                             0x080013c7   Thumb Code   436  mpu9250_driver.o(.text)
    NVIC_PriorityGroupConfig                 0x08001581   Thumb Code    10  misc.o(.text)
    NVIC_Init                                0x0800158b   Thumb Code   100  misc.o(.text)
    NVIC_SetVectorTable                      0x080015ef   Thumb Code    14  misc.o(.text)
    NVIC_SystemLPConfig                      0x080015fd   Thumb Code    34  misc.o(.text)
    SysTick_CLKSourceConfig                  0x0800161f   Thumb Code    40  misc.o(.text)
    GPIO_DeInit                              0x0800165d   Thumb Code   172  stm32f10x_gpio.o(.text)
    GPIO_AFIODeInit                          0x08001709   Thumb Code    20  stm32f10x_gpio.o(.text)
    GPIO_Init                                0x0800171d   Thumb Code   278  stm32f10x_gpio.o(.text)
    GPIO_StructInit                          0x08001833   Thumb Code    16  stm32f10x_gpio.o(.text)
    GPIO_ReadInputDataBit                    0x08001843   Thumb Code    18  stm32f10x_gpio.o(.text)
    GPIO_ReadInputData                       0x08001855   Thumb Code     8  stm32f10x_gpio.o(.text)
    GPIO_ReadOutputDataBit                   0x0800185d   Thumb Code    18  stm32f10x_gpio.o(.text)
    GPIO_ReadOutputData                      0x0800186f   Thumb Code     8  stm32f10x_gpio.o(.text)
    GPIO_SetBits                             0x08001877   Thumb Code     4  stm32f10x_gpio.o(.text)
    GPIO_ResetBits                           0x0800187b   Thumb Code     4  stm32f10x_gpio.o(.text)
    GPIO_WriteBit                            0x0800187f   Thumb Code    10  stm32f10x_gpio.o(.text)
    GPIO_Write                               0x08001889   Thumb Code     4  stm32f10x_gpio.o(.text)
    GPIO_PinLockConfig                       0x0800188d   Thumb Code    18  stm32f10x_gpio.o(.text)
    GPIO_EventOutputConfig                   0x0800189f   Thumb Code    26  stm32f10x_gpio.o(.text)
    GPIO_EventOutputCmd                      0x080018b9   Thumb Code     6  stm32f10x_gpio.o(.text)
    GPIO_PinRemapConfig                      0x080018bf   Thumb Code   138  stm32f10x_gpio.o(.text)
    GPIO_EXTILineConfig                      0x08001949   Thumb Code    66  stm32f10x_gpio.o(.text)
    GPIO_ETH_MediaInterfaceConfig            0x0800198b   Thumb Code     8  stm32f10x_gpio.o(.text)
    RCC_DeInit                               0x080019b9   Thumb Code    64  stm32f10x_rcc.o(.text)
    RCC_HSEConfig                            0x080019f9   Thumb Code    70  stm32f10x_rcc.o(.text)
    RCC_GetFlagStatus                        0x08001a3f   Thumb Code    56  stm32f10x_rcc.o(.text)
    RCC_WaitForHSEStartUp                    0x08001a77   Thumb Code    56  stm32f10x_rcc.o(.text)
    RCC_AdjustHSICalibrationValue            0x08001aaf   Thumb Code    20  stm32f10x_rcc.o(.text)
    RCC_HSICmd                               0x08001ac3   Thumb Code     6  stm32f10x_rcc.o(.text)
    RCC_PLLConfig                            0x08001ac9   Thumb Code    24  stm32f10x_rcc.o(.text)
    RCC_PLLCmd                               0x08001ae1   Thumb Code     6  stm32f10x_rcc.o(.text)
    RCC_SYSCLKConfig                         0x08001ae7   Thumb Code    18  stm32f10x_rcc.o(.text)
    RCC_GetSYSCLKSource                      0x08001af9   Thumb Code    10  stm32f10x_rcc.o(.text)
    RCC_HCLKConfig                           0x08001b03   Thumb Code    18  stm32f10x_rcc.o(.text)
    RCC_PCLK1Config                          0x08001b15   Thumb Code    18  stm32f10x_rcc.o(.text)
    RCC_PCLK2Config                          0x08001b27   Thumb Code    20  stm32f10x_rcc.o(.text)
    RCC_ITConfig                             0x08001b3b   Thumb Code    26  stm32f10x_rcc.o(.text)
    RCC_USBCLKConfig                         0x08001b55   Thumb Code     8  stm32f10x_rcc.o(.text)
    RCC_ADCCLKConfig                         0x08001b5d   Thumb Code    18  stm32f10x_rcc.o(.text)
    RCC_LSEConfig                            0x08001b6f   Thumb Code    50  stm32f10x_rcc.o(.text)
    RCC_LSICmd                               0x08001ba1   Thumb Code     6  stm32f10x_rcc.o(.text)
    RCC_RTCCLKConfig                         0x08001ba7   Thumb Code    12  stm32f10x_rcc.o(.text)
    RCC_RTCCLKCmd                            0x08001bb3   Thumb Code     8  stm32f10x_rcc.o(.text)
    RCC_GetClocksFreq                        0x08001bbb   Thumb Code   192  stm32f10x_rcc.o(.text)
    RCC_AHBPeriphClockCmd                    0x08001c7b   Thumb Code    26  stm32f10x_rcc.o(.text)
    RCC_APB2PeriphClockCmd                   0x08001c95   Thumb Code    26  stm32f10x_rcc.o(.text)
    RCC_APB1PeriphClockCmd                   0x08001caf   Thumb Code    26  stm32f10x_rcc.o(.text)
    RCC_APB2PeriphResetCmd                   0x08001cc9   Thumb Code    26  stm32f10x_rcc.o(.text)
    RCC_APB1PeriphResetCmd                   0x08001ce3   Thumb Code    26  stm32f10x_rcc.o(.text)
    RCC_BackupResetCmd                       0x08001cfd   Thumb Code     8  stm32f10x_rcc.o(.text)
    RCC_ClockSecuritySystemCmd               0x08001d05   Thumb Code     6  stm32f10x_rcc.o(.text)
    RCC_MCOConfig                            0x08001d0b   Thumb Code     6  stm32f10x_rcc.o(.text)
    RCC_ClearFlag                            0x08001d11   Thumb Code    14  stm32f10x_rcc.o(.text)
    RCC_GetITStatus                          0x08001d1f   Thumb Code    20  stm32f10x_rcc.o(.text)
    RCC_ClearITPendingBit                    0x08001d33   Thumb Code     6  stm32f10x_rcc.o(.text)
    USART_DeInit                             0x08001d5d   Thumb Code   134  stm32f10x_usart.o(.text)
    USART_Init                               0x08001de3   Thumb Code   210  stm32f10x_usart.o(.text)
    USART_StructInit                         0x08001eb5   Thumb Code    24  stm32f10x_usart.o(.text)
    USART_ClockInit                          0x08001ecd   Thumb Code    34  stm32f10x_usart.o(.text)
    USART_ClockStructInit                    0x08001eef   Thumb Code    12  stm32f10x_usart.o(.text)
    USART_Cmd                                0x08001efb   Thumb Code    24  stm32f10x_usart.o(.text)
    USART_ITConfig                           0x08001f13   Thumb Code    74  stm32f10x_usart.o(.text)
    USART_DMACmd                             0x08001f5d   Thumb Code    18  stm32f10x_usart.o(.text)
    USART_SetAddress                         0x08001f6f   Thumb Code    18  stm32f10x_usart.o(.text)
    USART_WakeUpConfig                       0x08001f81   Thumb Code    18  stm32f10x_usart.o(.text)
    USART_ReceiverWakeUpCmd                  0x08001f93   Thumb Code    24  stm32f10x_usart.o(.text)
    USART_LINBreakDetectLengthConfig         0x08001fab   Thumb Code    18  stm32f10x_usart.o(.text)
    USART_LINCmd                             0x08001fbd   Thumb Code    24  stm32f10x_usart.o(.text)
    USART_SendData                           0x08001fd5   Thumb Code     8  stm32f10x_usart.o(.text)
    USART_ReceiveData                        0x08001fdd   Thumb Code    10  stm32f10x_usart.o(.text)
    USART_SendBreak                          0x08001fe7   Thumb Code    10  stm32f10x_usart.o(.text)
    USART_SetGuardTime                       0x08001ff1   Thumb Code    16  stm32f10x_usart.o(.text)
    USART_SetPrescaler                       0x08002001   Thumb Code    16  stm32f10x_usart.o(.text)
    USART_SmartCardCmd                       0x08002011   Thumb Code    24  stm32f10x_usart.o(.text)
    USART_SmartCardNACKCmd                   0x08002029   Thumb Code    24  stm32f10x_usart.o(.text)
    USART_HalfDuplexCmd                      0x08002041   Thumb Code    24  stm32f10x_usart.o(.text)
    USART_OverSampling8Cmd                   0x08002059   Thumb Code    22  stm32f10x_usart.o(.text)
    USART_OneBitMethodCmd                    0x0800206f   Thumb Code    24  stm32f10x_usart.o(.text)
    USART_IrDAConfig                         0x08002087   Thumb Code    18  stm32f10x_usart.o(.text)
    USART_IrDACmd                            0x08002099   Thumb Code    24  stm32f10x_usart.o(.text)
    USART_GetFlagStatus                      0x080020b1   Thumb Code    26  stm32f10x_usart.o(.text)
    USART_ClearFlag                          0x080020cb   Thumb Code    18  stm32f10x_usart.o(.text)
    USART_GetITStatus                        0x080020dd   Thumb Code    84  stm32f10x_usart.o(.text)
    USART_ClearITPendingBit                  0x08002131   Thumb Code    52  stm32f10x_usart.o(.text)
    Reset_Handler                            0x08002165   Thumb Code     8  startup_stm32f10x_hd.o(.text)
    ADC1_2_IRQHandler                        0x0800217f   Thumb Code     0  startup_stm32f10x_hd.o(.text)
    ADC3_IRQHandler                          0x0800217f   Thumb Code     0  startup_stm32f10x_hd.o(.text)
    CAN1_RX1_IRQHandler                      0x0800217f   Thumb Code     0  startup_stm32f10x_hd.o(.text)
    CAN1_SCE_IRQHandler                      0x0800217f   Thumb Code     0  startup_stm32f10x_hd.o(.text)
    DMA1_Channel1_IRQHandler                 0x0800217f   Thumb Code     0  startup_stm32f10x_hd.o(.text)
    DMA1_Channel2_IRQHandler                 0x0800217f   Thumb Code     0  startup_stm32f10x_hd.o(.text)
    DMA1_Channel3_IRQHandler                 0x0800217f   Thumb Code     0  startup_stm32f10x_hd.o(.text)
    DMA1_Channel4_IRQHandler                 0x0800217f   Thumb Code     0  startup_stm32f10x_hd.o(.text)
    DMA1_Channel5_IRQHandler                 0x0800217f   Thumb Code     0  startup_stm32f10x_hd.o(.text)
    DMA1_Channel6_IRQHandler                 0x0800217f   Thumb Code     0  startup_stm32f10x_hd.o(.text)
    DMA1_Channel7_IRQHandler                 0x0800217f   Thumb Code     0  startup_stm32f10x_hd.o(.text)
    DMA2_Channel1_IRQHandler                 0x0800217f   Thumb Code     0  startup_stm32f10x_hd.o(.text)
    DMA2_Channel2_IRQHandler                 0x0800217f   Thumb Code     0  startup_stm32f10x_hd.o(.text)
    DMA2_Channel3_IRQHandler                 0x0800217f   Thumb Code     0  startup_stm32f10x_hd.o(.text)
    DMA2_Channel4_5_IRQHandler               0x0800217f   Thumb Code     0  startup_stm32f10x_hd.o(.text)
    EXTI0_IRQHandler                         0x0800217f   Thumb Code     0  startup_stm32f10x_hd.o(.text)
    EXTI15_10_IRQHandler                     0x0800217f   Thumb Code     0  startup_stm32f10x_hd.o(.text)
    EXTI1_IRQHandler                         0x0800217f   Thumb Code     0  startup_stm32f10x_hd.o(.text)
    EXTI2_IRQHandler                         0x0800217f   Thumb Code     0  startup_stm32f10x_hd.o(.text)
    EXTI3_IRQHandler                         0x0800217f   Thumb Code     0  startup_stm32f10x_hd.o(.text)
    EXTI4_IRQHandler                         0x0800217f   Thumb Code     0  startup_stm32f10x_hd.o(.text)
    EXTI9_5_IRQHandler                       0x0800217f   Thumb Code     0  startup_stm32f10x_hd.o(.text)
    FLASH_IRQHandler                         0x0800217f   Thumb Code     0  startup_stm32f10x_hd.o(.text)
    FSMC_IRQHandler                          0x0800217f   Thumb Code     0  startup_stm32f10x_hd.o(.text)
    I2C1_ER_IRQHandler                       0x0800217f   Thumb Code     0  startup_stm32f10x_hd.o(.text)
    I2C1_EV_IRQHandler                       0x0800217f   Thumb Code     0  startup_stm32f10x_hd.o(.text)
    I2C2_ER_IRQHandler                       0x0800217f   Thumb Code     0  startup_stm32f10x_hd.o(.text)
    I2C2_EV_IRQHandler                       0x0800217f   Thumb Code     0  startup_stm32f10x_hd.o(.text)
    PVD_IRQHandler                           0x0800217f   Thumb Code     0  startup_stm32f10x_hd.o(.text)
    RCC_IRQHandler                           0x0800217f   Thumb Code     0  startup_stm32f10x_hd.o(.text)
    RTCAlarm_IRQHandler                      0x0800217f   Thumb Code     0  startup_stm32f10x_hd.o(.text)
    RTC_IRQHandler                           0x0800217f   Thumb Code     0  startup_stm32f10x_hd.o(.text)
    SDIO_IRQHandler                          0x0800217f   Thumb Code     0  startup_stm32f10x_hd.o(.text)
    SPI1_IRQHandler                          0x0800217f   Thumb Code     0  startup_stm32f10x_hd.o(.text)
    SPI2_IRQHandler                          0x0800217f   Thumb Code     0  startup_stm32f10x_hd.o(.text)
    SPI3_IRQHandler                          0x0800217f   Thumb Code     0  startup_stm32f10x_hd.o(.text)
    TAMPER_IRQHandler                        0x0800217f   Thumb Code     0  startup_stm32f10x_hd.o(.text)
    TIM1_BRK_IRQHandler                      0x0800217f   Thumb Code     0  startup_stm32f10x_hd.o(.text)
    TIM1_CC_IRQHandler                       0x0800217f   Thumb Code     0  startup_stm32f10x_hd.o(.text)
    TIM1_TRG_COM_IRQHandler                  0x0800217f   Thumb Code     0  startup_stm32f10x_hd.o(.text)
    TIM1_UP_IRQHandler                       0x0800217f   Thumb Code     0  startup_stm32f10x_hd.o(.text)
    TIM2_IRQHandler                          0x0800217f   Thumb Code     0  startup_stm32f10x_hd.o(.text)
    TIM3_IRQHandler                          0x0800217f   Thumb Code     0  startup_stm32f10x_hd.o(.text)
    TIM4_IRQHandler                          0x0800217f   Thumb Code     0  startup_stm32f10x_hd.o(.text)
    TIM5_IRQHandler                          0x0800217f   Thumb Code     0  startup_stm32f10x_hd.o(.text)
    TIM6_IRQHandler                          0x0800217f   Thumb Code     0  startup_stm32f10x_hd.o(.text)
    TIM7_IRQHandler                          0x0800217f   Thumb Code     0  startup_stm32f10x_hd.o(.text)
    TIM8_BRK_IRQHandler                      0x0800217f   Thumb Code     0  startup_stm32f10x_hd.o(.text)
    TIM8_CC_IRQHandler                       0x0800217f   Thumb Code     0  startup_stm32f10x_hd.o(.text)
    TIM8_TRG_COM_IRQHandler                  0x0800217f   Thumb Code     0  startup_stm32f10x_hd.o(.text)
    TIM8_UP_IRQHandler                       0x0800217f   Thumb Code     0  startup_stm32f10x_hd.o(.text)
    UART4_IRQHandler                         0x0800217f   Thumb Code     0  startup_stm32f10x_hd.o(.text)
    UART5_IRQHandler                         0x0800217f   Thumb Code     0  startup_stm32f10x_hd.o(.text)
    USART3_IRQHandler                        0x0800217f   Thumb Code     0  startup_stm32f10x_hd.o(.text)
    USBWakeUp_IRQHandler                     0x0800217f   Thumb Code     0  startup_stm32f10x_hd.o(.text)
    USB_HP_CAN1_TX_IRQHandler                0x0800217f   Thumb Code     0  startup_stm32f10x_hd.o(.text)
    USB_LP_CAN1_RX0_IRQHandler               0x0800217f   Thumb Code     0  startup_stm32f10x_hd.o(.text)
    WWDG_IRQHandler                          0x0800217f   Thumb Code     0  startup_stm32f10x_hd.o(.text)
    __user_initial_stackheap                 0x08002181   Thumb Code     0  startup_stm32f10x_hd.o(.text)
    SystemInit                               0x08002283   Thumb Code    78  system_stm32f10x.o(.text)
    SystemCoreClockUpdate                    0x080022d1   Thumb Code   142  system_stm32f10x.o(.text)
    __aeabi_memclr4                          0x08002385   Thumb Code     0  rt_memclr_w.o(.text)
    __aeabi_memclr8                          0x08002385   Thumb Code     0  rt_memclr_w.o(.text)
    __rt_memclr_w                            0x08002385   Thumb Code    78  rt_memclr_w.o(.text)
    _memset_w                                0x08002389   Thumb Code     0  rt_memclr_w.o(.text)
    __use_two_region_memory                  0x080023d3   Thumb Code     2  heapauxi.o(.text)
    __rt_heap_escrow$2region                 0x080023d5   Thumb Code     2  heapauxi.o(.text)
    __rt_heap_expand$2region                 0x080023d7   Thumb Code     2  heapauxi.o(.text)
    __read_errno                             0x080023d9   Thumb Code    10  _rserrno.o(.text)
    __set_errno                              0x080023e3   Thumb Code    12  _rserrno.o(.text)
    __aeabi_errno_addr                       0x080023f1   Thumb Code     8  rt_errno_addr_intlibspace.o(.text)
    __errno$intlibspace                      0x080023f1   Thumb Code     0  rt_errno_addr_intlibspace.o(.text)
    __rt_errno_addr$intlibspace              0x080023f1   Thumb Code     0  rt_errno_addr_intlibspace.o(.text)
    __user_libspace                          0x080023f9   Thumb Code     8  libspace.o(.text)
    __user_perproc_libspace                  0x080023f9   Thumb Code     0  libspace.o(.text)
    __user_perthread_libspace                0x080023f9   Thumb Code     0  libspace.o(.text)
    __user_setup_stackheap                   0x08002401   Thumb Code    74  sys_stackheap_outer.o(.text)
    exit                                     0x0800244b   Thumb Code    12  exit.o(.text)
    _sys_exit                                0x08002459   Thumb Code     8  sys_exit.o(.text)
    __I$use$semihosting                      0x08002465   Thumb Code     0  use_no_semi.o(.text)
    __use_no_semihosting_swi                 0x08002465   Thumb Code     2  use_no_semi.o(.text)
    __ARM_fpclassify                         0x08002467   Thumb Code    40  fpclassify.o(i.__ARM_fpclassify)
    __semihosting_library_function           0x08002467   Thumb Code     0  indicate_semi.o(.text)
    __ieee754_rem_pio2                       0x08002491   Thumb Code   830  rred.o(i.__ieee754_rem_pio2)
    __kernel_cos                             0x08002819   Thumb Code   230  cos_i.o(i.__kernel_cos)
    __kernel_poly                            0x08002915   Thumb Code   170  poly.o(i.__kernel_poly)
    __kernel_sin                             0x080029c1   Thumb Code   224  sin_i.o(i.__kernel_sin)
    __mathlib_dbl_underflow                  0x08002aad   Thumb Code    10  dunder.o(i.__mathlib_dbl_underflow)
    asin                                     0x08002abd   Thumb Code   584  asin.o(i.asin)
    atan                                     0x08002d39   Thumb Code   478  atan.o(i.atan)
    atan2                                    0x08002f5d   Thumb Code   346  atan2.o(i.atan2)
    cos                                      0x080030dd   Thumb Code   164  cos.o(i.cos)
    sin                                      0x08003189   Thumb Code   166  sin.o(i.sin)
    sqrt                                     0x08003239   Thumb Code    76  sqrt.o(i.sqrt)
    __aeabi_d2f                              0x08003285   Thumb Code     0  d2f.o(x$fpl$d2f)
    _d2f                                     0x08003285   Thumb Code    98  d2f.o(x$fpl$d2f)
    __aeabi_dadd                             0x080032e9   Thumb Code     0  daddsub_clz.o(x$fpl$dadd)
    _dadd                                    0x080032e9   Thumb Code   332  daddsub_clz.o(x$fpl$dadd)
    __fpl_dcheck_NaN1                        0x08003439   Thumb Code    10  dcheck1.o(x$fpl$dcheck1)
    __aeabi_ddiv                             0x08003449   Thumb Code     0  ddiv.o(x$fpl$ddiv)
    _ddiv                                    0x08003449   Thumb Code   552  ddiv.o(x$fpl$ddiv)
    __aeabi_d2iz                             0x080036f9   Thumb Code     0  dfix.o(x$fpl$dfix)
    _dfix                                    0x080036f9   Thumb Code    94  dfix.o(x$fpl$dfix)
    __aeabi_i2d                              0x08003757   Thumb Code     0  dflt_clz.o(x$fpl$dflt)
    _dflt                                    0x08003757   Thumb Code    46  dflt_clz.o(x$fpl$dflt)
    __aeabi_ui2d                             0x08003785   Thumb Code     0  dflt_clz.o(x$fpl$dfltu)
    _dfltu                                   0x08003785   Thumb Code    38  dflt_clz.o(x$fpl$dfltu)
    __aeabi_dmul                             0x080037ad   Thumb Code     0  dmul.o(x$fpl$dmul)
    _dmul                                    0x080037ad   Thumb Code   332  dmul.o(x$fpl$dmul)
    __fpl_dnaninf                            0x08003901   Thumb Code   156  dnaninf.o(x$fpl$dnaninf)
    __fpl_dretinf                            0x0800399d   Thumb Code    12  dretinf.o(x$fpl$dretinf)
    __aeabi_drsub                            0x080039a9   Thumb Code     0  daddsub_clz.o(x$fpl$drsb)
    _drsb                                    0x080039a9   Thumb Code    22  daddsub_clz.o(x$fpl$drsb)
    _dsqrt                                   0x080039c1   Thumb Code   456  dsqrt_noumaal.o(x$fpl$dsqrt)
    __aeabi_dsub                             0x08003b8d   Thumb Code     0  daddsub_clz.o(x$fpl$dsub)
    _dsub                                    0x08003b8d   Thumb Code   464  daddsub_clz.o(x$fpl$dsub)
    __aeabi_f2d                              0x08003d61   Thumb Code     0  f2d.o(x$fpl$f2d)
    _f2d                                     0x08003d61   Thumb Code    86  f2d.o(x$fpl$f2d)
    __aeabi_fadd                             0x08003db9   Thumb Code     0  faddsub_clz.o(x$fpl$fadd)
    _fadd                                    0x08003db9   Thumb Code   196  faddsub_clz.o(x$fpl$fadd)
    __aeabi_f2iz                             0x08003e7d   Thumb Code     0  ffix.o(x$fpl$ffix)
    _ffix                                    0x08003e7d   Thumb Code    54  ffix.o(x$fpl$ffix)
    __aeabi_i2f                              0x08003eb5   Thumb Code     0  fflt_clz.o(x$fpl$fflt)
    _fflt                                    0x08003eb5   Thumb Code    48  fflt_clz.o(x$fpl$fflt)
    __aeabi_fmul                             0x08003ee5   Thumb Code     0  fmul.o(x$fpl$fmul)
    _fmul                                    0x08003ee5   Thumb Code   258  fmul.o(x$fpl$fmul)
    __fpl_fnaninf                            0x08003fe7   Thumb Code   140  fnaninf.o(x$fpl$fnaninf)
    __fpl_fretinf                            0x08004073   Thumb Code    10  fretinf.o(x$fpl$fretinf)
    __aeabi_fsub                             0x0800407d   Thumb Code     0  faddsub_clz.o(x$fpl$fsub)
    _fsub                                    0x0800407d   Thumb Code   234  faddsub_clz.o(x$fpl$fsub)
    __fpl_return_NaN                         0x08004167   Thumb Code   100  retnan.o(x$fpl$retnan)
    __ARM_scalbn                             0x080041cb   Thumb Code    92  scalbn.o(x$fpl$scalbn)
    __fpl_cmpreturn                          0x08004227   Thumb Code    48  trapv.o(x$fpl$trapveneer)
    __I$use$fp                               0x08004256   Number         0  usenofp.o(x$fpl$usenofp)
    __mathlib_zero                           0x08004380   Data           8  qnan.o(.constdata)
    Region$$Table$$Base                      0x08004478   Number         0  anon$$obj.o(Region$$Table)
    Region$$Table$$Limit                     0x08004498   Number         0  anon$$obj.o(Region$$Table)
    Usart2RxOkFlag                           0x20000000   Data           1  main.o(.data)
    Usart2RxOkIndex                          0x20000004   Data           4  main.o(.data)
    Calibration_Flag                         0x20000008   Data           1  main.o(.data)
    Calibration_Ok_Flag                      0x20000009   Data           1  main.o(.data)
    T_X                                      0x2000000a   Data           2  main.o(.data)
    T_Y                                      0x2000000c   Data           2  main.o(.data)
    T_Z                                      0x2000000e   Data           2  main.o(.data)
    T_T                                      0x20000010   Data           2  main.o(.data)
    A_X                                      0x20000012   Data           2  main.o(.data)
    A_Y                                      0x20000014   Data           2  main.o(.data)
    A_Z                                      0x20000016   Data           2  main.o(.data)
    G_X                                      0x20000018   Data           2  main.o(.data)
    G_Y                                      0x2000001a   Data           2  main.o(.data)
    G_Z                                      0x2000001c   Data           2  main.o(.data)
    M_X                                      0x2000001e   Data           2  main.o(.data)
    M_Y                                      0x20000020   Data           2  main.o(.data)
    M_Z                                      0x20000022   Data           2  main.o(.data)
    Acc                                      0x20000024   Data           6  main.o(.data)
    Gyo                                      0x2000002a   Data           6  main.o(.data)
    Mag                                      0x20000030   Data           6  main.o(.data)
    Pitch                                    0x20000038   Data           4  main.o(.data)
    Roll                                     0x2000003c   Data           4  main.o(.data)
    Yaw                                      0x20000040   Data           4  main.o(.data)
    temp                                     0x20000044   Data           4  main.o(.data)
    FILTER_CNT                               0x20000048   Data           4  main.o(.data)
    MAG_MAX                                  0x2000004c   Data           6  main.o(.data)
    MAG_MIN                                  0x20000052   Data           6  main.o(.data)
    MAG_OFFSET                               0x20000058   Data           6  main.o(.data)
    MAG_Heading                              0x20000070   Data           4  imu_init_position.o(.data)
    DCM_Matrix                               0x20000074   Data          36  imu_init_position.o(.data)
    SystemCoreClock                          0x200000ac   Data           4  system_stm32f10x.o(.data)
    AHBPrescTable                            0x200000b0   Data          16  system_stm32f10x.o(.data)
    Usart2RxBuf                              0x200000c0   Data         200  main.o(.bss)
    BUF                                      0x20000188   Data          10  main.o(.bss)
    Imu_Init_Position                        0x20000194   Data          12  main.o(.bss)
    A_X_BUF                                  0x200001a0   Data          20  main.o(.bss)
    A_Y_BUF                                  0x200001b4   Data          20  main.o(.bss)
    A_Z_BUF                                  0x200001c8   Data          20  main.o(.bss)
    G_X_BUF                                  0x200001dc   Data          20  main.o(.bss)
    G_Y_BUF                                  0x200001f0   Data          20  main.o(.bss)
    G_Z_BUF                                  0x20000204   Data          20  main.o(.bss)
    M_X_BUF                                  0x20000218   Data          20  main.o(.bss)
    M_Y_BUF                                  0x2000022c   Data          20  main.o(.bss)
    M_Z_BUF                                  0x20000240   Data          20  main.o(.bss)
    ROL_BUF                                  0x20000254   Data          40  main.o(.bss)
    PIT_BUF                                  0x2000027c   Data          40  main.o(.bss)
    YAW_BUF                                  0x200002a4   Data          40  main.o(.bss)
    temp_acc                                 0x200002cc   Data          12  imu_init_position.o(.bss)
    temp_gyo                                 0x200002d8   Data          12  imu_init_position.o(.bss)
    temp_mag                                 0x200002e4   Data          12  imu_init_position.o(.bss)
    __libspace_start                         0x200002f0   Data          96  libspace.o(.bss)
    __temporary_stack_top$libspace           0x20000350   Data           0  libspace.o(.bss)



==============================================================================

Memory Map of the image

  Image Entry point : 0x08000131

  Load Region LR_IROM1 (Base: 0x08000000, Size: 0x00004558, Max: 0x00040000, ABSOLUTE)

    Execution Region ER_IROM1 (Base: 0x08000000, Size: 0x00004498, Max: 0x00040000, ABSOLUTE)

    Base Addr    Size         Type   Attr      Idx    E Section Name        Object

    0x08000000   0x00000130   Data   RO          202    RESET               startup_stm32f10x_hd.o
    0x08000130   0x00000008   Code   RO          241  * !!!main             c_w.l(__main.o)
    0x08000138   0x00000034   Code   RO          542    !!!scatter          c_w.l(__scatter.o)
    0x0800016c   0x0000001a   Code   RO          544    !!handler_copy      c_w.l(__scatter_copy.o)
    0x08000186   0x00000002   PAD
    0x08000188   0x0000001c   Code   RO          546    !!handler_zi        c_w.l(__scatter_zi.o)
    0x080001a4   0x00000002   Code   RO          414    .ARM.Collect$$libinit$$00000000  c_w.l(libinit.o)
    0x080001a6   0x00000000   Code   RO          420    .ARM.Collect$$libinit$$00000002  c_w.l(libinit2.o)
    0x080001a6   0x00000000   Code   RO          423    .ARM.Collect$$libinit$$00000008  c_w.l(libinit2.o)
    0x080001a6   0x00000000   Code   RO          425    .ARM.Collect$$libinit$$0000000A  c_w.l(libinit2.o)
    0x080001a6   0x00000000   Code   RO          427    .ARM.Collect$$libinit$$0000000C  c_w.l(libinit2.o)
    0x080001a6   0x00000000   Code   RO          430    .ARM.Collect$$libinit$$0000000F  c_w.l(libinit2.o)
    0x080001a6   0x00000000   Code   RO          432    .ARM.Collect$$libinit$$00000011  c_w.l(libinit2.o)
    0x080001a6   0x00000000   Code   RO          434    .ARM.Collect$$libinit$$00000013  c_w.l(libinit2.o)
    0x080001a6   0x00000000   Code   RO          436    .ARM.Collect$$libinit$$00000015  c_w.l(libinit2.o)
    0x080001a6   0x00000000   Code   RO          438    .ARM.Collect$$libinit$$00000017  c_w.l(libinit2.o)
    0x080001a6   0x00000000   Code   RO          440    .ARM.Collect$$libinit$$00000019  c_w.l(libinit2.o)
    0x080001a6   0x00000000   Code   RO          442    .ARM.Collect$$libinit$$0000001B  c_w.l(libinit2.o)
    0x080001a6   0x00000000   Code   RO          444    .ARM.Collect$$libinit$$0000001D  c_w.l(libinit2.o)
    0x080001a6   0x00000000   Code   RO          446    .ARM.Collect$$libinit$$0000001F  c_w.l(libinit2.o)
    0x080001a6   0x00000000   Code   RO          448    .ARM.Collect$$libinit$$00000021  c_w.l(libinit2.o)
    0x080001a6   0x00000000   Code   RO          450    .ARM.Collect$$libinit$$00000023  c_w.l(libinit2.o)
    0x080001a6   0x00000000   Code   RO          454    .ARM.Collect$$libinit$$0000002A  c_w.l(libinit2.o)
    0x080001a6   0x00000000   Code   RO          456    .ARM.Collect$$libinit$$0000002C  c_w.l(libinit2.o)
    0x080001a6   0x00000000   Code   RO          458    .ARM.Collect$$libinit$$0000002E  c_w.l(libinit2.o)
    0x080001a6   0x00000000   Code   RO          460    .ARM.Collect$$libinit$$00000030  c_w.l(libinit2.o)
    0x080001a6   0x00000002   Code   RO          461    .ARM.Collect$$libinit$$00000031  c_w.l(libinit2.o)
    0x080001a8   0x00000002   Code   RO          483    .ARM.Collect$$libshutdown$$00000000  c_w.l(libshutdown.o)
    0x080001aa   0x00000000   Code   RO          497    .ARM.Collect$$libshutdown$$00000003  c_w.l(libshutdown2.o)
    0x080001aa   0x00000000   Code   RO          500    .ARM.Collect$$libshutdown$$00000006  c_w.l(libshutdown2.o)
    0x080001aa   0x00000000   Code   RO          503    .ARM.Collect$$libshutdown$$00000009  c_w.l(libshutdown2.o)
    0x080001aa   0x00000000   Code   RO          505    .ARM.Collect$$libshutdown$$0000000B  c_w.l(libshutdown2.o)
    0x080001aa   0x00000000   Code   RO          508    .ARM.Collect$$libshutdown$$0000000E  c_w.l(libshutdown2.o)
    0x080001aa   0x00000002   Code   RO          509    .ARM.Collect$$libshutdown$$0000000F  c_w.l(libshutdown2.o)
    0x080001ac   0x00000000   Code   RO          309    .ARM.Collect$$rtentry$$00000000  c_w.l(rtentry.o)
    0x080001ac   0x00000000   Code   RO          369    .ARM.Collect$$rtentry$$00000002  c_w.l(rtentry2.o)
    0x080001ac   0x00000006   Code   RO          381    .ARM.Collect$$rtentry$$00000004  c_w.l(rtentry4.o)
    0x080001b2   0x00000000   Code   RO          371    .ARM.Collect$$rtentry$$00000009  c_w.l(rtentry2.o)
    0x080001b2   0x00000004   Code   RO          372    .ARM.Collect$$rtentry$$0000000A  c_w.l(rtentry2.o)
    0x080001b6   0x00000000   Code   RO          374    .ARM.Collect$$rtentry$$0000000C  c_w.l(rtentry2.o)
    0x080001b6   0x00000008   Code   RO          375    .ARM.Collect$$rtentry$$0000000D  c_w.l(rtentry2.o)
    0x080001be   0x00000002   Code   RO          417    .ARM.Collect$$rtexit$$00000000  c_w.l(rtexit.o)
    0x080001c0   0x00000000   Code   RO          465    .ARM.Collect$$rtexit$$00000002  c_w.l(rtexit2.o)
    0x080001c0   0x00000004   Code   RO          466    .ARM.Collect$$rtexit$$00000003  c_w.l(rtexit2.o)
    0x080001c4   0x00000006   Code   RO          467    .ARM.Collect$$rtexit$$00000004  c_w.l(rtexit2.o)
    0x080001ca   0x00000002   PAD
    0x080001cc   0x000008e4   Code   RO            1    .text               main.o
    0x08000ab0   0x00000020   Code   RO           61    .text               stm32f10x_it.o
    0x08000ad0   0x000000b4   Code   RO           80    .text               systick.o
    0x08000b84   0x000004d4   Code   RO          110    .text               imu_init_position.o
    0x08001058   0x00000528   Code   RO          134    .text               mpu9250_driver.o
    0x08001580   0x000000dc   Code   RO          150    .text               misc.o
    0x0800165c   0x0000035c   Code   RO          162    .text               stm32f10x_gpio.o
    0x080019b8   0x000003a4   Code   RO          174    .text               stm32f10x_rcc.o
    0x08001d5c   0x00000408   Code   RO          188    .text               stm32f10x_usart.o
    0x08002164   0x00000040   Code   RO          203    .text               startup_stm32f10x_hd.o
    0x080021a4   0x000001e0   Code   RO          217    .text               system_stm32f10x.o
    0x08002384   0x0000004e   Code   RO          237    .text               c_w.l(rt_memclr_w.o)
    0x080023d2   0x00000006   Code   RO          239    .text               c_w.l(heapauxi.o)
    0x080023d8   0x00000016   Code   RO          310    .text               c_w.l(_rserrno.o)
    0x080023ee   0x00000002   PAD
    0x080023f0   0x00000008   Code   RO          386    .text               c_w.l(rt_errno_addr_intlibspace.o)
    0x080023f8   0x00000008   Code   RO          402    .text               c_w.l(libspace.o)
    0x08002400   0x0000004a   Code   RO          405    .text               c_w.l(sys_stackheap_outer.o)
    0x0800244a   0x0000000c   Code   RO          407    .text               c_w.l(exit.o)
    0x08002456   0x00000002   PAD
    0x08002458   0x0000000c   Code   RO          475    .text               c_w.l(sys_exit.o)
    0x08002464   0x00000002   Code   RO          486    .text               c_w.l(use_no_semi.o)
    0x08002466   0x00000000   Code   RO          488    .text               c_w.l(indicate_semi.o)
    0x08002466   0x00000028   Code   RO          352    i.__ARM_fpclassify  m_ws.l(fpclassify.o)
    0x0800248e   0x00000002   PAD
    0x08002490   0x00000388   Code   RO          357    i.__ieee754_rem_pio2  m_ws.l(rred.o)
    0x08002818   0x000000fc   Code   RO          347    i.__kernel_cos      m_ws.l(cos_i.o)
    0x08002914   0x000000aa   Code   RO          354    i.__kernel_poly     m_ws.l(poly.o)
    0x080029be   0x00000002   PAD
    0x080029c0   0x000000ec   Code   RO          362    i.__kernel_sin      m_ws.l(sin_i.o)
    0x08002aac   0x00000010   Code   RO          350    i.__mathlib_dbl_underflow  m_ws.l(dunder.o)
    0x08002abc   0x0000027c   Code   RO          268    i.asin              m_ws.l(asin.o)
    0x08002d38   0x00000224   Code   RO          338    i.atan              m_ws.l(atan.o)
    0x08002f5c   0x00000180   Code   RO          278    i.atan2             m_ws.l(atan2.o)
    0x080030dc   0x000000ac   Code   RO          286    i.cos               m_ws.l(cos.o)
    0x08003188   0x000000b0   Code   RO          294    i.sin               m_ws.l(sin.o)
    0x08003238   0x0000004c   Code   RO          302    i.sqrt              m_ws.l(sqrt.o)
    0x08003284   0x00000062   Code   RO          243    x$fpl$d2f           fz_ws.l(d2f.o)
    0x080032e6   0x00000002   PAD
    0x080032e8   0x00000150   Code   RO          312    x$fpl$dadd          fz_ws.l(daddsub_clz.o)
    0x08003438   0x00000010   Code   RO          388    x$fpl$dcheck1       fz_ws.l(dcheck1.o)
    0x08003448   0x000002b0   Code   RO          319    x$fpl$ddiv          fz_ws.l(ddiv.o)
    0x080036f8   0x0000005e   Code   RO          392    x$fpl$dfix          fz_ws.l(dfix.o)
    0x08003756   0x0000002e   Code   RO          397    x$fpl$dflt          fz_ws.l(dflt_clz.o)
    0x08003784   0x00000026   Code   RO          396    x$fpl$dfltu         fz_ws.l(dflt_clz.o)
    0x080037aa   0x00000002   PAD
    0x080037ac   0x00000154   Code   RO          245    x$fpl$dmul          fz_ws.l(dmul.o)
    0x08003900   0x0000009c   Code   RO          324    x$fpl$dnaninf       fz_ws.l(dnaninf.o)
    0x0800399c   0x0000000c   Code   RO          326    x$fpl$dretinf       fz_ws.l(dretinf.o)
    0x080039a8   0x00000016   Code   RO          313    x$fpl$drsb          fz_ws.l(daddsub_clz.o)
    0x080039be   0x00000002   PAD
    0x080039c0   0x000001cc   Code   RO          328    x$fpl$dsqrt         fz_ws.l(dsqrt_noumaal.o)
    0x08003b8c   0x000001d4   Code   RO          314    x$fpl$dsub          fz_ws.l(daddsub_clz.o)
    0x08003d60   0x00000056   Code   RO          247    x$fpl$f2d           fz_ws.l(f2d.o)
    0x08003db6   0x00000002   PAD
    0x08003db8   0x000000c4   Code   RO          249    x$fpl$fadd          fz_ws.l(faddsub_clz.o)
    0x08003e7c   0x00000036   Code   RO          255    x$fpl$ffix          fz_ws.l(ffix.o)
    0x08003eb2   0x00000002   PAD
    0x08003eb4   0x00000030   Code   RO          260    x$fpl$fflt          fz_ws.l(fflt_clz.o)
    0x08003ee4   0x00000102   Code   RO          265    x$fpl$fmul          fz_ws.l(fmul.o)
    0x08003fe6   0x0000008c   Code   RO          330    x$fpl$fnaninf       fz_ws.l(fnaninf.o)
    0x08004072   0x0000000a   Code   RO          332    x$fpl$fretinf       fz_ws.l(fretinf.o)
    0x0800407c   0x000000ea   Code   RO          251    x$fpl$fsub          fz_ws.l(faddsub_clz.o)
    0x08004166   0x00000064   Code   RO          415    x$fpl$retnan        fz_ws.l(retnan.o)
    0x080041ca   0x0000005c   Code   RO          334    x$fpl$scalbn        fz_ws.l(scalbn.o)
    0x08004226   0x00000030   Code   RO          462    x$fpl$trapveneer    fz_ws.l(trapv.o)
    0x08004256   0x00000000   Code   RO          336    x$fpl$usenofp       fz_ws.l(usenofp.o)
    0x08004256   0x00000002   PAD
    0x08004258   0x0000000c   Data   RO          112    .constdata          imu_init_position.o
    0x08004264   0x00000004   PAD
    0x08004268   0x00000050   Data   RO          269    .constdata          m_ws.l(asin.o)
    0x080042b8   0x00000098   Data   RO          339    .constdata          m_ws.l(atan.o)
    0x08004350   0x00000030   Data   RO          348    .constdata          m_ws.l(cos_i.o)
    0x08004380   0x00000008   Data   RO          356    .constdata          m_ws.l(qnan.o)
    0x08004388   0x000000c8   Data   RO          359    .constdata          m_ws.l(rred.o)
    0x08004450   0x00000028   Data   RO          363    .constdata          m_ws.l(sin_i.o)
    0x08004478   0x00000020   Data   RO          540    Region$$Table       anon$$obj.o


    Execution Region RW_IRAM1 (Base: 0x20000000, Size: 0x00000b50, Max: 0x0000c000, ABSOLUTE)

    Base Addr    Size         Type   Attr      Idx    E Section Name        Object

    0x20000000   0x00000060   Data   RW            3    .data               main.o
    0x20000060   0x00000004   Data   RW           81    .data               systick.o
    0x20000064   0x00000034   Data   RW          113    .data               imu_init_position.o
    0x20000098   0x00000014   Data   RW          175    .data               stm32f10x_rcc.o
    0x200000ac   0x00000014   Data   RW          218    .data               system_stm32f10x.o
    0x200000c0   0x0000020c   Zero   RW            2    .bss                main.o
    0x200002cc   0x00000024   Zero   RW          111    .bss                imu_init_position.o
    0x200002f0   0x00000060   Zero   RW          403    .bss                c_w.l(libspace.o)
    0x20000350   0x00000400   Zero   RW          201    HEAP                startup_stm32f10x_hd.o
    0x20000750   0x00000400   Zero   RW          200    STACK               startup_stm32f10x_hd.o


==============================================================================

Image component sizes


      Code (inc. data)   RO Data    RW Data    ZI Data      Debug   Object Name

      1236         66         12         52         36       2692   imu_init_position.o
      2276        162          0         96        524     237713   main.o
       220         22          0          0          0       1697   misc.o
      1320         20          0          0          0       4800   mpu9250_driver.o
        64         26        304          0       2048        780   startup_stm32f10x_hd.o
       860         38          0          0          0       5541   stm32f10x_gpio.o
        32          0          0          0          0       1282   stm32f10x_it.o
       932         36          0         20          0       8680   stm32f10x_rcc.o
      1032         22          0          0          0       8268   stm32f10x_usart.o
       480         38          0         20          0       1727   system_stm32f10x.o
       180         20          0          4          0      16425   systick.o

    ----------------------------------------------------------------------
      8632        450        352        192       2608     289605   Object Totals
         0          0         32          0          0          0   (incl. Generated)
         0          0          4          0          0          0   (incl. Padding)

    ----------------------------------------------------------------------

      Code (inc. data)   RO Data    RW Data    ZI Data      Debug   Library Member Name

         8          0          0          0          0         68   __main.o
        52          8          0          0          0          0   __scatter.o
        26          0          0          0          0          0   __scatter_copy.o
        28          0          0          0          0          0   __scatter_zi.o
        22          0          0          0          0        100   _rserrno.o
        12          0          0          0          0         72   exit.o
         6          0          0          0          0        152   heapauxi.o
         0          0          0          0          0          0   indicate_semi.o
         2          0          0          0          0          0   libinit.o
         2          0          0          0          0          0   libinit2.o
         2          0          0          0          0          0   libshutdown.o
         2          0          0          0          0          0   libshutdown2.o
         8          4          0          0         96         68   libspace.o
         8          4          0          0          0         68   rt_errno_addr_intlibspace.o
        78          0          0          0          0         80   rt_memclr_w.o
         0          0          0          0          0          0   rtentry.o
        12          0          0          0          0          0   rtentry2.o
         6          0          0          0          0          0   rtentry4.o
         2          0          0          0          0          0   rtexit.o
        10          0          0          0          0          0   rtexit2.o
        12          4          0          0          0         68   sys_exit.o
        74          0          0          0          0         80   sys_stackheap_outer.o
         2          0          0          0          0         68   use_no_semi.o
        98          4          0          0          0         92   d2f.o
       826         16          0          0          0        348   daddsub_clz.o
        16          4          0          0          0         68   dcheck1.o
       688        140          0          0          0        208   ddiv.o
        94          4          0          0          0         92   dfix.o
        84          0          0          0          0        136   dflt_clz.o
       340         12          0          0          0        104   dmul.o
       156          4          0          0          0         92   dnaninf.o
        12          0          0          0          0         68   dretinf.o
       460         56          0          0          0        120   dsqrt_noumaal.o
        86          4          0          0          0         84   f2d.o
       430          8          0          0          0        168   faddsub_clz.o
        54          4          0          0          0         84   ffix.o
        48          0          0          0          0         68   fflt_clz.o
       258          4          0          0          0         84   fmul.o
       140          4          0          0          0         84   fnaninf.o
        10          0          0          0          0         68   fretinf.o
       100          0          0          0          0         68   retnan.o
        92          0          0          0          0         68   scalbn.o
        48          0          0          0          0         68   trapv.o
         0          0          0          0          0          0   usenofp.o
       636         52         80          0          0        168   asin.o
       548         70        152          0          0        124   atan.o
       384         38          0          0          0        144   atan2.o
       172          8          0          0          0        112   cos.o
       252         22         48          0          0        124   cos_i.o
        16          6          0          0          0         68   dunder.o
        40          0          0          0          0         68   fpclassify.o
       170          0          0          0          0         96   poly.o
         0          0          8          0          0          0   qnan.o
       904         74        200          0          0        140   rred.o
       176         10          0          0          0        116   sin.o
       236         12         40          0          0        128   sin_i.o
        76          0          0          0          0         84   sqrt.o

    ----------------------------------------------------------------------
      8048        576        528          0         96       4368   Library Totals
        24          0          0          0          0          0   (incl. Padding)

    ----------------------------------------------------------------------

      Code (inc. data)   RO Data    RW Data    ZI Data      Debug   Library Name

       374         20          0          0         96        824   c_w.l
      4040        264          0          0          0       2172   fz_ws.l
      3610        292        528          0          0       1372   m_ws.l

    ----------------------------------------------------------------------
      8048        576        528          0         96       4368   Library Totals

    ----------------------------------------------------------------------

==============================================================================


      Code (inc. data)   RO Data    RW Data    ZI Data      Debug   

     16680       1026        880        192       2704     290901   Grand Totals
     16680       1026        880        192       2704     290901   ELF Image Totals
     16680       1026        880        192          0          0   ROM Totals

==============================================================================

    Total RO  Size (Code + RO Data)                17560 (  17.15kB)
    Total RW  Size (RW Data + ZI Data)              2896 (   2.83kB)
    Total ROM Size (Code + RO Data + RW Data)      17752 (  17.34kB)

==============================================================================

