<html>
<body>
<pre>
<h1>µVision Build Log</h1>
<h2>Project:</h2>
E:\GitHub\MPU9250_TEST\MPU9250_TEST\USER\Systick.uvproj
Project File Date:  09/06/2016

<h2>Output:</h2>
Build target 'Systick'
linking...
Program Size: Code=16680 RO-data=880 RW-data=192 ZI-data=2704  
FromELF: creating hex file...
"..\OUTPUT\jiao_stm32.axf" - 0 Error(s), 0 Warning(s).
ile ends without a newline
  #endif
main.c(134): warning:  #177-D: variable "sum" was declared but never referenced
        static unsigned char sum=0;
main.c(260): warning:  #177-D: variable "rol_sum" was declared but never referenced
        float rol_sum,pit_sum,yaw_sum;
main.c(260): warning:  #177-D: variable "pit_sum" was declared but never referenced
        float rol_sum,pit_sum,yaw_sum;
main.c(260): warning:  #177-D: variable "yaw_sum" was declared but never referenced
        float rol_sum,pit_sum,yaw_sum;
main.c: 6 warnings, 0 errors
compiling stm32f10x_it.c...
compiling Systick.c...
compiling led.c...
compiling Imu_Init_Position.c...
imu_init_position.h(5): warning:  #1-D: last line of file ends without a newline
  #endif
Imu_Init_Position.c(147): warning:  #1-D: last line of file ends without a newline
  }
Imu_Init_Position.c(70): warning:  #177-D: variable "temp_time" was declared but never referenced
                unsigned long temp_time;        
Imu_Init_Position.c: 3 warnings, 0 errors
compiling inv_imu_app.c...
compiling mpu9250_driver.c...
mpu9250_driver.h(7): warning:  #1-D: last line of file ends without a newline
  #endif
mpu9250_driver.c: 1 warning, 0 errors
compiling misc.c...
compiling stm32f10x_gpio.c...
compiling stm32f10x_rcc.c...
compiling stm32f10x_usart.c...
assembling startup_stm32f10x_hd.s...
compiling core_cm3.c...
compiling system_stm32f10x.c...
linking...
Program Size: Code=16680 RO-data=880 RW-data=192 ZI-data=2704  
FromELF: creating hex file...
"..\OUTPUT\jiao_stm32.axf" - 0 Error(s), 10 Warning(s).
 speed: 2000 kHz
 
Full Chip Erase Done.
Programming Done.
Verify OK.
Application running ...
